Archive member included to satisfy reference by file (symbol)

/usr/lib/gcc/arm-none-eabi/10.3.1/thumb/v6-m/nofp/libgcc.a(_dvmd_tls.o)
                              CMakeFiles/pico_stdio_test_usb.dir/__/__/src/rp2_common/pico_divider/divider.S.obj (__aeabi_idiv0)
/usr/lib/gcc/arm-none-eabi/10.3.1/../../../arm-none-eabi/lib/thumb/v6-m/nofp/libc.a(lib_a-atexit.o)
                              /usr/lib/gcc/arm-none-eabi/10.3.1/../../../arm-none-eabi/lib/thumb/v6-m/nofp/crt0.o (atexit)
/usr/lib/gcc/arm-none-eabi/10.3.1/../../../arm-none-eabi/lib/thumb/v6-m/nofp/libc.a(lib_a-calloc.o)
                              CMakeFiles/pico_stdio_test_usb.dir/__/__/src/rp2_common/pico_malloc/pico_malloc.c.obj (calloc)
/usr/lib/gcc/arm-none-eabi/10.3.1/../../../arm-none-eabi/lib/thumb/v6-m/nofp/libc.a(lib_a-callocr.o)
                              /usr/lib/gcc/arm-none-eabi/10.3.1/../../../arm-none-eabi/lib/thumb/v6-m/nofp/libc.a(lib_a-calloc.o) (_calloc_r)
/usr/lib/gcc/arm-none-eabi/10.3.1/../../../arm-none-eabi/lib/thumb/v6-m/nofp/libc.a(lib_a-fini.o)
                              /usr/lib/gcc/arm-none-eabi/10.3.1/../../../arm-none-eabi/lib/thumb/v6-m/nofp/crt0.o (__libc_fini_array)
/usr/lib/gcc/arm-none-eabi/10.3.1/../../../arm-none-eabi/lib/thumb/v6-m/nofp/libc.a(lib_a-impure.o)
                              /usr/lib/gcc/arm-none-eabi/10.3.1/../../../arm-none-eabi/lib/thumb/v6-m/nofp/libc.a(lib_a-calloc.o) (_impure_ptr)
/usr/lib/gcc/arm-none-eabi/10.3.1/../../../arm-none-eabi/lib/thumb/v6-m/nofp/libc.a(lib_a-init.o)
                              /usr/lib/gcc/arm-none-eabi/10.3.1/../../../arm-none-eabi/lib/thumb/v6-m/nofp/crt0.o (__libc_init_array)
/usr/lib/gcc/arm-none-eabi/10.3.1/../../../arm-none-eabi/lib/thumb/v6-m/nofp/libc.a(lib_a-malloc.o)
                              CMakeFiles/pico_stdio_test_usb.dir/__/__/src/rp2_common/pico_malloc/pico_malloc.c.obj (malloc)
/usr/lib/gcc/arm-none-eabi/10.3.1/../../../arm-none-eabi/lib/thumb/v6-m/nofp/libc.a(lib_a-mallocr.o)
                              /usr/lib/gcc/arm-none-eabi/10.3.1/../../../arm-none-eabi/lib/thumb/v6-m/nofp/libc.a(lib_a-callocr.o) (_malloc_r)
/usr/lib/gcc/arm-none-eabi/10.3.1/../../../arm-none-eabi/lib/thumb/v6-m/nofp/libc.a(lib_a-mlock.o)
                              /usr/lib/gcc/arm-none-eabi/10.3.1/../../../arm-none-eabi/lib/thumb/v6-m/nofp/libc.a(lib_a-mallocr.o) (__malloc_lock)
/usr/lib/gcc/arm-none-eabi/10.3.1/../../../arm-none-eabi/lib/thumb/v6-m/nofp/libc.a(lib_a-realloc.o)
                              CMakeFiles/pico_stdio_test_usb.dir/__/__/src/rp2_common/pico_malloc/pico_malloc.c.obj (realloc)
/usr/lib/gcc/arm-none-eabi/10.3.1/../../../arm-none-eabi/lib/thumb/v6-m/nofp/libc.a(lib_a-reallocr.o)
                              /usr/lib/gcc/arm-none-eabi/10.3.1/../../../arm-none-eabi/lib/thumb/v6-m/nofp/libc.a(lib_a-realloc.o) (_realloc_r)
/usr/lib/gcc/arm-none-eabi/10.3.1/../../../arm-none-eabi/lib/thumb/v6-m/nofp/libc.a(lib_a-sbrkr.o)
                              /usr/lib/gcc/arm-none-eabi/10.3.1/../../../arm-none-eabi/lib/thumb/v6-m/nofp/libc.a(lib_a-mallocr.o) (_sbrk_r)
/usr/lib/gcc/arm-none-eabi/10.3.1/../../../arm-none-eabi/lib/thumb/v6-m/nofp/libc.a(lib_a-strlen-stub.o)
                              CMakeFiles/pico_stdio_test_usb.dir/__/__/src/rp2_common/pico_stdio/stdio.c.obj (strlen)
/usr/lib/gcc/arm-none-eabi/10.3.1/../../../arm-none-eabi/lib/thumb/v6-m/nofp/libc.a(lib_a-__atexit.o)
                              /usr/lib/gcc/arm-none-eabi/10.3.1/../../../arm-none-eabi/lib/thumb/v6-m/nofp/libc.a(lib_a-atexit.o) (__register_exitproc)
/usr/lib/gcc/arm-none-eabi/10.3.1/../../../arm-none-eabi/lib/thumb/v6-m/nofp/libc.a(lib_a-freer.o)
                              /usr/lib/gcc/arm-none-eabi/10.3.1/../../../arm-none-eabi/lib/thumb/v6-m/nofp/libc.a(lib_a-malloc.o) (_free_r)
/usr/lib/gcc/arm-none-eabi/10.3.1/../../../arm-none-eabi/lib/thumb/v6-m/nofp/libc.a(lib_a-memmove.o)
                              /usr/lib/gcc/arm-none-eabi/10.3.1/../../../arm-none-eabi/lib/thumb/v6-m/nofp/libc.a(lib_a-reallocr.o) (memmove)
/usr/lib/gcc/arm-none-eabi/10.3.1/../../../arm-none-eabi/lib/thumb/v6-m/nofp/libc.a(lib_a-reent.o)
                              /usr/lib/gcc/arm-none-eabi/10.3.1/../../../arm-none-eabi/lib/thumb/v6-m/nofp/libc.a(lib_a-sbrkr.o) (errno)

Discarded input sections

 .text          0x0000000000000000        0x0 /usr/lib/gcc/arm-none-eabi/10.3.1/thumb/v6-m/nofp/crti.o
 .data          0x0000000000000000        0x0 /usr/lib/gcc/arm-none-eabi/10.3.1/thumb/v6-m/nofp/crti.o
 .bss           0x0000000000000000        0x0 /usr/lib/gcc/arm-none-eabi/10.3.1/thumb/v6-m/nofp/crti.o
 .data          0x0000000000000000        0x4 /usr/lib/gcc/arm-none-eabi/10.3.1/thumb/v6-m/nofp/crtbegin.o
 .rodata        0x0000000000000000       0x24 /usr/lib/gcc/arm-none-eabi/10.3.1/thumb/v6-m/nofp/crtbegin.o
 .fini_array    0x0000000000000000        0x4 /usr/lib/gcc/arm-none-eabi/10.3.1/thumb/v6-m/nofp/crtbegin.o
[...]
Memory Configuration

Name             Origin             Length             Attributes
FLASH            0x0000000010000000 0x0000000000200000 xr
RAM              0x0000000020000000 0x0000000000040000 xrw
SCRATCH_X        0x0000000020040000 0x0000000000001000 xrw
SCRATCH_Y        0x0000000020041000 0x0000000000001000 xrw
*default*        0x0000000000000000 0xffffffffffffffff

Linker script and memory map

LOAD /usr/lib/gcc/arm-none-eabi/10.3.1/thumb/v6-m/nofp/crti.o
LOAD /usr/lib/gcc/arm-none-eabi/10.3.1/thumb/v6-m/nofp/crtbegin.o
LOAD /usr/lib/gcc/arm-none-eabi/10.3.1/../../../arm-none-eabi/lib/thumb/v6-m/nofp/crt0.o

.flash_begin    0x0000000010000000        0x0
                0x0000000010000000                __flash_binary_start = .

.boot2          0x0000000010000000      0x100
                0x0000000010000000                __boot2_start__ = .
 *(.boot2)
 .boot2         0x0000000010000000      0x100 /tmp/ccIQPTZY.o
                0x0000000010000100                __boot2_end__ = .
                0x0000000000000001                ASSERT (((__boot2_end__ - __boot2_start__) == 0x100), ERROR: Pico second stage bootloader must be 256 bytes in size)

.text           0x0000000010000100     0x6ca0
                0x0000000010000100                __logical_binary_start = .
 *(.vectors)
 .vectors       0x0000000010000100       0xd4 CMakeFiles/pico_stdio_test_usb.dir/__/__/src/rp2_common/pico_standard_link/crt0.S.obj
                0x0000000010000100                __vectors
                0x0000000010000100                __VECTOR_TABLE
                0x00000000100001c0                isr_invalid
                0x00000000100001c0                __default_isrs_start
                0x00000000100001c2                isr_nmi
                0x00000000100001c4                isr_hardfault
                0x00000000100001c6                isr_svcall
                0x00000000100001c8                isr_pendsv
                0x00000000100001ca                isr_systick
                0x00000000100001cc                isr_irq30
                0x00000000100001cc                __unhandled_user_irq
                0x00000000100001cc                isr_irq13
                0x00000000100001cc                isr_irq27
                0x00000000100001cc                isr_irq31
                0x00000000100001cc                isr_irq5
                0x00000000100001cc                isr_irq11
                0x00000000100001cc                isr_irq23
                0x00000000100001cc                isr_irq18
                0x00000000100001cc                isr_irq28
                0x00000000100001cc                isr_irq19
                0x00000000100001cc                isr_irq0
                0x00000000100001cc                isr_irq6
                0x00000000100001cc                isr_irq22
                0x00000000100001cc                isr_irq17
                0x00000000100001cc                isr_irq14
                0x00000000100001cc                isr_irq2
                0x00000000100001cc                isr_irq10
                0x00000000100001cc                isr_irq8
                0x00000000100001cc                isr_irq24
                0x00000000100001cc                isr_irq1
                0x00000000100001cc                isr_irq7
                0x00000000100001cc                isr_irq21
                0x00000000100001cc                isr_irq20
                0x00000000100001cc                isr_irq15
                0x00000000100001cc                isr_irq25
                0x00000000100001cc                isr_irq4
                0x00000000100001cc                isr_irq16
                0x00000000100001cc                isr_irq29
                0x00000000100001cc                isr_irq26
                0x00000000100001cc                __default_isrs_end
                0x00000000100001cc                isr_irq3
                0x00000000100001cc                isr_irq12
                0x00000000100001cc                isr_irq9
                0x00000000100001d2                unhandled_user_irq_num_in_r0
 *(.binary_info_header)
 .binary_info_header
                0x00000000100001d4       0x14 CMakeFiles/pico_stdio_test_usb.dir/__/__/src/rp2_common/pico_standard_link/crt0.S.obj
                0x00000000100001e8                __binary_info_header_end = .
 *(.reset)
 .reset         0x00000000100001e8       0xa0 CMakeFiles/pico_stdio_test_usb.dir/__/__/src/rp2_common/pico_standard_link/crt0.S.obj
                0x00000000100001e8                _entry_point
 .reset         0x0000000010000288       0x30 CMakeFiles/pico_stdio_test_usb.dir/__/__/src/rp2_common/pico_standard_link/binary_info.c.obj
 *(.init)
 .init          0x00000000100002b8        0x4 /usr/lib/gcc/arm-none-eabi/10.3.1/thumb/v6-m/nofp/crti.o
                0x00000000100002b8                _init
 *(EXCLUDE_FILE(*libm.a: *libc.a:*lib_a-mem*.o *libgcc.a:) .text*)
 .text          0x00000000100002bc       0x98 /usr/lib/gcc/arm-none-eabi/10.3.1/thumb/v6-m/nofp/crtbegin.o
 .text.deadlock_test_alarm
                0x0000000010000354       0x28 CMakeFiles/pico_stdio_test_usb.dir/pico_stdio_test.c.obj
 .text.deadlock_test_core1
                0x000000001000037c       0x38 CMakeFiles/pico_stdio_test_usb.dir/pico_stdio_test.c.obj
 .text.startup.main
                0x00000000100003b4      0x144 CMakeFiles/pico_stdio_test_usb.dir/pico_stdio_test.c.obj
                0x00000000100003b4                main
 .text.running_on_fpga
                0x00000000100004f8       0x10 CMakeFiles/pico_stdio_test_usb.dir/__/__/src/rp2_common/pico_platform/platform.c.obj
                0x00000000100004f8                running_on_fpga
 .text.hw_claim_or_assert
                0x0000000010000508       0x44 CMakeFiles/pico_stdio_test_usb.dir/__/__/src/rp2_common/hardware_claim/claim.c.obj
                0x0000000010000508                hw_claim_or_assert
 .text.hw_claim_unused_from_range
                0x000000001000054c       0x9c CMakeFiles/pico_stdio_test_usb.dir/__/__/src/rp2_common/hardware_claim/claim.c.obj
                0x000000001000054c                hw_claim_unused_from_range
 .text.spin_locks_reset
                0x00000000100005e8       0x1c CMakeFiles/pico_stdio_test_usb.dir/__/__/src/rp2_common/hardware_sync/sync.c.obj
                0x00000000100005e8                spin_locks_reset
 .text.next_striped_spin_lock_num
                0x0000000010000604       0x18 CMakeFiles/pico_stdio_test_usb.dir/__/__/src/rp2_common/hardware_sync/sync.c.obj
                0x0000000010000604                next_striped_spin_lock_num
 .text.spin_lock_claim_unused
                0x000000001000061c       0x20 CMakeFiles/pico_stdio_test_usb.dir/__/__/src/rp2_common/hardware_sync/sync.c.obj
                0x000000001000061c                spin_lock_claim_unused
 .text.irq_set_enabled
                0x000000001000063c       0x24 CMakeFiles/pico_stdio_test_usb.dir/__/__/src/rp2_common/hardware_irq/irq.c.obj
                0x000000001000063c                irq_set_enabled
 .text.irq_is_enabled
                0x0000000010000660       0x18 CMakeFiles/pico_stdio_test_usb.dir/__/__/src/rp2_common/hardware_irq/irq.c.obj
                0x0000000010000660                irq_is_enabled
 .text.irq_set_pending
                0x0000000010000678       0x10 CMakeFiles/pico_stdio_test_usb.dir/__/__/src/rp2_common/hardware_irq/irq.c.obj
                0x0000000010000678                irq_set_pending
 .text.irq_has_shared_handler
                0x0000000010000688       0x2c CMakeFiles/pico_stdio_test_usb.dir/__/__/src/rp2_common/hardware_irq/irq.c.obj
                0x0000000010000688                irq_has_shared_handler
 .text.irq_get_vtable_handler
                0x00000000100006b4       0x10 CMakeFiles/pico_stdio_test_usb.dir/__/__/src/rp2_common/hardware_irq/irq.c.obj
                0x00000000100006b4                irq_get_vtable_handler
 .text.irq_set_exclusive_handler
                0x00000000100006c4       0x54 CMakeFiles/pico_stdio_test_usb.dir/__/__/src/rp2_common/hardware_irq/irq.c.obj
                0x00000000100006c4                irq_set_exclusive_handler
 .text.irq_add_shared_handler
                0x0000000010000718      0x1e8 CMakeFiles/pico_stdio_test_usb.dir/__/__/src/rp2_common/hardware_irq/irq.c.obj
                0x0000000010000718                irq_add_shared_handler
 .text.irq_remove_handler
                0x0000000010000900      0x1b0 CMakeFiles/pico_stdio_test_usb.dir/__/__/src/rp2_common/hardware_irq/irq.c.obj
                0x0000000010000900                irq_remove_handler
 .text.irq_add_tail_to_free_list
                0x0000000010000ab0       0xb4 CMakeFiles/pico_stdio_test_usb.dir/__/__/src/rp2_common/hardware_irq/irq.c.obj
                0x0000000010000ab0                irq_add_tail_to_free_list
 .text.irq_init_priorities
                0x0000000010000b64       0x24 CMakeFiles/pico_stdio_test_usb.dir/__/__/src/rp2_common/hardware_irq/irq.c.obj
                0x0000000010000b64                irq_init_priorities
 .text.user_irq_claim_unused
                0x0000000010000b88       0x28 CMakeFiles/pico_stdio_test_usb.dir/__/__/src/rp2_common/hardware_irq/irq.c.obj
                0x0000000010000b88                user_irq_claim_unused
 .text.lock_init
                0x0000000010000bb0       0x10 CMakeFiles/pico_stdio_test_usb.dir/__/__/src/common/pico_sync/lock_core.c.obj
                0x0000000010000bb0                lock_init
 .text.mutex_init
                0x0000000010000bc0       0x1c CMakeFiles/pico_stdio_test_usb.dir/__/__/src/common/pico_sync/mutex.c.obj
                0x0000000010000bc0                mutex_init
 .text.recursive_mutex_init
                0x0000000010000bdc       0x1c CMakeFiles/pico_stdio_test_usb.dir/__/__/src/common/pico_sync/mutex.c.obj
                0x0000000010000bdc                recursive_mutex_init
 .text.critical_section_init
                0x0000000010000bf8       0x20 CMakeFiles/pico_stdio_test_usb.dir/__/__/src/common/pico_sync/critical_section.c.obj
                0x0000000010000bf8                critical_section_init
 .text.critical_section_init_with_lock_num
                0x0000000010000c18       0x14 CMakeFiles/pico_stdio_test_usb.dir/__/__/src/common/pico_sync/critical_section.c.obj
                0x0000000010000c18                critical_section_init_with_lock_num
 .text.timer_pool_entry_comparator
                0x0000000010000c2c       0x34 CMakeFiles/pico_stdio_test_usb.dir/__/__/src/common/pico_time/time.c.obj
                0x0000000010000c2c                timer_pool_entry_comparator
 .text.sleep_until_callback
                0x0000000010000c60       0x30 CMakeFiles/pico_stdio_test_usb.dir/__/__/src/common/pico_time/time.c.obj
 .text.add_alarm_under_lock.isra.0
                0x0000000010000c90      0x100 CMakeFiles/pico_stdio_test_usb.dir/__/__/src/common/pico_time/time.c.obj
 .text.alarm_pool_alarm_callback
                0x0000000010000d90      0x1bc CMakeFiles/pico_stdio_test_usb.dir/__/__/src/common/pico_time/time.c.obj
 .text.alarm_pool_init_default
                0x0000000010000f4c       0x6c CMakeFiles/pico_stdio_test_usb.dir/__/__/src/common/pico_time/time.c.obj
                0x0000000010000f4c                alarm_pool_init_default
 .text.alarm_pool_get_default
                0x0000000010000fb8        0x8 CMakeFiles/pico_stdio_test_usb.dir/__/__/src/common/pico_time/time.c.obj
                0x0000000010000fb8                alarm_pool_get_default
 .text.alarm_pool_add_alarm_at
                0x0000000010000fc0      0x178 CMakeFiles/pico_stdio_test_usb.dir/__/__/src/common/pico_time/time.c.obj
                0x0000000010000fc0                alarm_pool_add_alarm_at
 .text.alarm_pool_cancel_alarm
                0x0000000010001138       0x78 CMakeFiles/pico_stdio_test_usb.dir/__/__/src/common/pico_time/time.c.obj
                0x0000000010001138                alarm_pool_cancel_alarm
 .text.alarm_pool_core_num
                0x00000000100011b0        0x4 CMakeFiles/pico_stdio_test_usb.dir/__/__/src/common/pico_time/time.c.obj
                0x00000000100011b0                alarm_pool_core_num
 .text.sleep_until
                0x00000000100011b4       0xc4 CMakeFiles/pico_stdio_test_usb.dir/__/__/src/common/pico_time/time.c.obj
                0x00000000100011b4                sleep_until
 .text.sleep_ms
                0x0000000010001278       0x34 CMakeFiles/pico_stdio_test_usb.dir/__/__/src/common/pico_time/time.c.obj
                0x0000000010001278                sleep_ms
 .text.best_effort_wfe_or_timeout
                0x00000000100012ac       0xd4 CMakeFiles/pico_stdio_test_usb.dir/__/__/src/common/pico_time/time.c.obj
                0x00000000100012ac                best_effort_wfe_or_timeout
 .text.hardware_alarm_irq_handler
                0x0000000010001380       0xbc CMakeFiles/pico_stdio_test_usb.dir/__/__/src/rp2_common/hardware_timer/timer.c.obj
 .text.hardware_alarm_claim
                0x000000001000143c       0x18 CMakeFiles/pico_stdio_test_usb.dir/__/__/src/rp2_common/hardware_timer/timer.c.obj
                0x000000001000143c                hardware_alarm_claim
 .text.time_us_64
                0x0000000010001454       0x14 CMakeFiles/pico_stdio_test_usb.dir/__/__/src/rp2_common/hardware_timer/timer.c.obj
                0x0000000010001454                time_us_64
 .text.busy_wait_us
                0x0000000010001468       0x54 CMakeFiles/pico_stdio_test_usb.dir/__/__/src/rp2_common/hardware_timer/timer.c.obj
                0x0000000010001468                busy_wait_us
 .text.busy_wait_ms
                0x00000000100014bc       0x88 CMakeFiles/pico_stdio_test_usb.dir/__/__/src/rp2_common/hardware_timer/timer.c.obj
                0x00000000100014bc                busy_wait_ms
 .text.busy_wait_until
                0x0000000010001544       0x20 CMakeFiles/pico_stdio_test_usb.dir/__/__/src/rp2_common/hardware_timer/timer.c.obj
                0x0000000010001544                busy_wait_until
 .text.hardware_alarm_set_callback
                0x0000000010001564       0x8c CMakeFiles/pico_stdio_test_usb.dir/__/__/src/rp2_common/hardware_timer/timer.c.obj
                0x0000000010001564                hardware_alarm_set_callback
 .text.hardware_alarm_set_target
                0x00000000100015f0       0xd4 CMakeFiles/pico_stdio_test_usb.dir/__/__/src/rp2_common/hardware_timer/timer.c.obj
                0x00000000100015f0                hardware_alarm_set_target
 .text.hardware_alarm_cancel
                0x00000000100016c4       0x3c CMakeFiles/pico_stdio_test_usb.dir/__/__/src/rp2_common/hardware_timer/timer.c.obj
                0x00000000100016c4                hardware_alarm_cancel
 .text.ph_merge_nodes
                0x0000000010001700       0x68 CMakeFiles/pico_stdio_test_usb.dir/__/__/src/common/pico_util/pheap.c.obj
 .text.ph_post_alloc_init
                0x0000000010001768       0x3c CMakeFiles/pico_stdio_test_usb.dir/__/__/src/common/pico_util/pheap.c.obj
                0x0000000010001768                ph_post_alloc_init
 .text.ph_merge_two_pass
                0x00000000100017a4       0x90 CMakeFiles/pico_stdio_test_usb.dir/__/__/src/common/pico_util/pheap.c.obj
                0x00000000100017a4                ph_merge_two_pass
 .text.ph_remove_any_head
                0x0000000010001834      0x100 CMakeFiles/pico_stdio_test_usb.dir/__/__/src/common/pico_util/pheap.c.obj
 .text.ph_remove_head
                0x0000000010001934      0x104 CMakeFiles/pico_stdio_test_usb.dir/__/__/src/common/pico_util/pheap.c.obj
                0x0000000010001934                ph_remove_head
 .text.ph_remove_and_free_node
                0x0000000010001a38       0x7c CMakeFiles/pico_stdio_test_usb.dir/__/__/src/common/pico_util/pheap.c.obj
                0x0000000010001a38                ph_remove_and_free_node
 .text.clocks_init
                0x0000000010001ab4      0x2d0 CMakeFiles/pico_stdio_test_usb.dir/__/__/src/rp2_common/hardware_clocks/clocks.c.obj
                0x0000000010001ab4                clocks_init
 .text.pll_init
                0x0000000010001d84       0xa0 CMakeFiles/pico_stdio_test_usb.dir/__/__/src/rp2_common/hardware_pll/pll.c.obj
                0x0000000010001d84                pll_init
 .text.watchdog_start_tick
                0x0000000010001e24       0x10 CMakeFiles/pico_stdio_test_usb.dir/__/__/src/rp2_common/hardware_watchdog/watchdog.c.obj
                0x0000000010001e24                watchdog_start_tick
 .text.watchdog_reboot
                0x0000000010001e34       0x98 CMakeFiles/pico_stdio_test_usb.dir/__/__/src/rp2_common/hardware_watchdog/watchdog.c.obj
                0x0000000010001e34                watchdog_reboot
 .text.xosc_init
                0x0000000010001ecc       0x28 CMakeFiles/pico_stdio_test_usb.dir/__/__/src/rp2_common/hardware_xosc/xosc.c.obj
                0x0000000010001ecc                xosc_init
 .text.runtime_init
                0x0000000010001ef4       0xf0 CMakeFiles/pico_stdio_test_usb.dir/__/__/src/rp2_common/pico_runtime/runtime.c.obj
                0x0000000010001ef4                runtime_init
 .text._exit    0x0000000010001fe4        0x4 CMakeFiles/pico_stdio_test_usb.dir/__/__/src/rp2_common/pico_runtime/runtime.c.obj
                0x0000000010001fe4                _exit
 .text.exit     0x0000000010001fe8        0x8 CMakeFiles/pico_stdio_test_usb.dir/__/__/src/rp2_common/pico_runtime/runtime.c.obj
                0x0000000010001fe8                exit
 .text.panic    0x0000000010001ff0       0x30 CMakeFiles/pico_stdio_test_usb.dir/__/__/src/rp2_common/pico_runtime/runtime.c.obj
                0x0000000010001ff0                panic
 .text.hard_assertion_failure
                0x0000000010002020        0xc CMakeFiles/pico_stdio_test_usb.dir/__/__/src/rp2_common/pico_runtime/runtime.c.obj
                0x0000000010002020                hard_assertion_failure
 .text._out_null
                0x000000001000202c        0x4 CMakeFiles/pico_stdio_test_usb.dir/__/__/src/rp2_common/pico_printf/printf.c.obj
 .text._out_rev
                0x0000000010002030       0x9c CMakeFiles/pico_stdio_test_usb.dir/__/__/src/rp2_common/pico_printf/printf.c.obj
 .text._ntoa_format
                0x00000000100020cc      0x1cc CMakeFiles/pico_stdio_test_usb.dir/__/__/src/rp2_common/pico_printf/printf.c.obj
 .text._out_char
                0x0000000010002298       0x10 CMakeFiles/pico_stdio_test_usb.dir/__/__/src/rp2_common/pico_printf/printf.c.obj
 .text._out_fct
                0x00000000100022a8       0x10 CMakeFiles/pico_stdio_test_usb.dir/__/__/src/rp2_common/pico_printf/printf.c.obj
 .text._etoa    0x00000000100022b8      0x44c CMakeFiles/pico_stdio_test_usb.dir/__/__/src/rp2_common/pico_printf/printf.c.obj
 .text._ftoa    0x0000000010002704      0x398 CMakeFiles/pico_stdio_test_usb.dir/__/__/src/rp2_common/pico_printf/printf.c.obj
 .text._vsnprintf
                0x0000000010002a9c      0xb04 CMakeFiles/pico_stdio_test_usb.dir/__/__/src/rp2_common/pico_printf/printf.c.obj
 .text.vfctprintf
                0x00000000100035a0       0x20 CMakeFiles/pico_stdio_test_usb.dir/__/__/src/rp2_common/pico_printf/printf.c.obj
                0x00000000100035a0                vfctprintf
 .text.weak_raw_vprintf
                0x00000000100035c0       0x30 CMakeFiles/pico_stdio_test_usb.dir/__/__/src/rp2_common/pico_printf/printf.c.obj
                0x00000000100035c0                weak_raw_vprintf
 .text          0x00000000100035f0       0x10 CMakeFiles/pico_stdio_test_usb.dir/__/__/src/rp2_common/pico_bit_ops/bit_ops_aeabi.S.obj
 .text.rom_func_lookup
                0x0000000010003600       0x10 CMakeFiles/pico_stdio_test_usb.dir/__/__/src/rp2_common/pico_bootrom/bootrom.c.obj
                0x0000000010003600                rom_func_lookup
 .text.rom_data_lookup
                0x0000000010003610       0x10 CMakeFiles/pico_stdio_test_usb.dir/__/__/src/rp2_common/pico_bootrom/bootrom.c.obj
                0x0000000010003610                rom_data_lookup
 .text.rom_funcs_lookup
                0x0000000010003620       0x44 CMakeFiles/pico_stdio_test_usb.dir/__/__/src/rp2_common/pico_bootrom/bootrom.c.obj
                0x0000000010003620                rom_funcs_lookup
 .text.__wrap___aeabi_idiv
                0x0000000010003664       0x50 CMakeFiles/pico_stdio_test_usb.dir/__/__/src/rp2_common/pico_divider/divider.S.obj
                0x0000000010003664                __wrap___aeabi_idivmod
                0x0000000010003664                divmod_s32s32
                0x0000000010003664                div_s32s32
                0x0000000010003664                __wrap___aeabi_idiv
                0x000000001000366c                divmod_s32s32_unsafe
                0x0000000010003698                divmod_s32s32_savestate
 .text.__wrap___aeabi_uidiv
                0x00000000100036b4       0x4c CMakeFiles/pico_stdio_test_usb.dir/__/__/src/rp2_common/pico_divider/divider.S.obj
                0x00000000100036b4                __wrap___aeabi_uidiv
                0x00000000100036b4                __wrap___aeabi_uidivmod
                0x00000000100036b4                div_u32u32
                0x00000000100036b4                divmod_u32u32
                0x00000000100036bc                divmod_u32u32_unsafe
                0x00000000100036e4                divmod_u32u32_savestate
 .text.__wrap___aeabi_ldiv
                0x0000000010003700      0x424 CMakeFiles/pico_stdio_test_usb.dir/__/__/src/rp2_common/pico_divider/divider.S.obj
                0x0000000010003700                div_s64s64
                0x0000000010003700                divmod_s64s64
                0x0000000010003700                __wrap___aeabi_ldivmod
                0x0000000010003730                div_u64u64
                0x0000000010003730                divmod_u64u64
                0x0000000010003730                __wrap___aeabi_uldivmod
                0x0000000010003740                divmod_u64u64_savestate
                0x0000000010003760                divmod_s64s64_unsafe
                0x00000000100037e8                divmod_u64u64_unsafe
 .text.__wrap___aeabi_darithmetic
                0x0000000010003b24       0x80 CMakeFiles/pico_stdio_test_usb.dir/__/__/src/rp2_common/pico_double/double_aeabi.S.obj
                0x0000000010003b24                __wrap___aeabi_drsub
                0x0000000010003b2a                __wrap___aeabi_dsub
                0x0000000010003b3c                __wrap___aeabi_dadd
                0x0000000010003b4e                __wrap___aeabi_ddiv
                0x0000000010003b8a                __wrap___aeabi_dmul
 .text.__wrap___aeabi_cdcmple
                0x0000000010003ba4       0x6c CMakeFiles/pico_stdio_test_usb.dir/__/__/src/rp2_common/pico_double/double_aeabi.S.obj
                0x0000000010003ba4                __wrap___aeabi_cdrcmple
                0x0000000010003bb4                __wrap___aeabi_cdcmple
                0x0000000010003bb4                __wrap___aeabi_cdcmpeq
 .text.__wrap___aeabi_dcmplt
                0x0000000010003c10        0xc CMakeFiles/pico_stdio_test_usb.dir/__/__/src/rp2_common/pico_double/double_aeabi.S.obj
                0x0000000010003c10                __wrap___aeabi_dcmplt
 .text.__wrap___aeabi_dcmple
                0x0000000010003c1c       0x10 CMakeFiles/pico_stdio_test_usb.dir/__/__/src/rp2_common/pico_double/double_aeabi.S.obj
                0x0000000010003c1c                __wrap___aeabi_dcmple
 .text.__wrap___aeabi_dcmpge
                0x0000000010003c2c       0x10 CMakeFiles/pico_stdio_test_usb.dir/__/__/src/rp2_common/pico_double/double_aeabi.S.obj
                0x0000000010003c2c                __wrap___aeabi_dcmpge
 .text.__wrap___aeabi_dcmpgt
                0x0000000010003c3c        0xa CMakeFiles/pico_stdio_test_usb.dir/__/__/src/rp2_common/pico_double/double_aeabi.S.obj
                0x0000000010003c3c                __wrap___aeabi_dcmpgt
 .text.__wrap___aeabi_dcmpun
                0x0000000010003c46       0x1c CMakeFiles/pico_stdio_test_usb.dir/__/__/src/rp2_common/pico_double/double_aeabi.S.obj
                0x0000000010003c46                __wrap___aeabi_dcmpun
 *fill*         0x0000000010003c62        0x2 
 .text.__wrap___aeabi_i2d
                0x0000000010003c64       0x38 CMakeFiles/pico_stdio_test_usb.dir/__/__/src/rp2_common/pico_double/double_aeabi.S.obj
                0x0000000010003c64                __wrap___aeabi_ui2d
                0x0000000010003c6c                __wrap___aeabi_i2d
 .text.__wrap___aeabi_d2iz
                0x0000000010003c9c       0x48 CMakeFiles/pico_stdio_test_usb.dir/__/__/src/rp2_common/pico_double/double_aeabi.S.obj
                0x0000000010003c9c                __wrap___aeabi_d2iz
                0x0000000010003c9c                double2int_z
 .text.__wrap___aeabi_d2uiz
                0x0000000010003ce4       0x18 CMakeFiles/pico_stdio_test_usb.dir/__/__/src/rp2_common/pico_double/double_aeabi.S.obj
                0x0000000010003ce4                double2uint
                0x0000000010003ce4                __wrap___aeabi_d2uiz
 .text.__aeabi_double_init
                0x0000000010003cfc       0x94 CMakeFiles/pico_stdio_test_usb.dir/__/__/src/rp2_common/pico_double/double_init_rom.c.obj
                0x0000000010003cfc                __aeabi_double_init
 .text.double_table_shim_on_use_helper
                0x0000000010003d90       0x2c CMakeFiles/pico_stdio_test_usb.dir/__/__/src/rp2_common/pico_double/double_v1_rom_shim.S.obj
                0x0000000010003d90                double_table_shim_on_use_helper
 .text.__wrap___aeabi_dsub
                0x0000000010003dbc       0x10 CMakeFiles/pico_stdio_test_usb.dir/__/__/src/rp2_common/pico_double/double_v1_rom_shim.S.obj
                0x0000000010003dbc                drsub_shim
                0x0000000010003dc2                dsub_shim
 .text.dadd_shim
                0x0000000010003dcc      0x15c CMakeFiles/pico_stdio_test_usb.dir/__/__/src/rp2_common/pico_double/double_v1_rom_shim.S.obj
                0x0000000010003dcc                dadd_shim
 .text.dmul_shim
                0x0000000010003f28      0x15c CMakeFiles/pico_stdio_test_usb.dir/__/__/src/rp2_common/pico_double/double_v1_rom_shim.S.obj
                0x0000000010003f28                dmul_shim
 .text.ddiv_shim
                0x0000000010004084      0x1b0 CMakeFiles/pico_stdio_test_usb.dir/__/__/src/rp2_common/pico_double/double_v1_rom_shim.S.obj
                0x0000000010004084                ddiv_shim
 .text.double2uint_shim
                0x0000000010004234        0xe CMakeFiles/pico_stdio_test_usb.dir/__/__/src/rp2_common/pico_double/double_v1_rom_shim.S.obj
                0x0000000010004234                double2uint_shim
                0x0000000010004236                double2ufix_shim
 *fill*         0x0000000010004242        0x2 
 .text.double2uint64_shim
                0x0000000010004244       0x70 CMakeFiles/pico_stdio_test_usb.dir/__/__/src/rp2_common/pico_double/double_v1_rom_shim.S.obj
                0x0000000010004244                double2uint64_shim
                0x0000000010004246                double2ufix64_shim
                0x0000000010004266                d2fix_a
 .text.dunpacks
                0x00000000100042b4       0x3c CMakeFiles/pico_stdio_test_usb.dir/__/__/src/rp2_common/pico_double/double_v1_rom_shim.S.obj
                0x00000000100042b4                dunpacks
 .text.__aeabi_lmul
                0x00000000100042f0       0x32 CMakeFiles/pico_stdio_test_usb.dir/__/__/src/rp2_common/pico_int64_ops/pico_int64_ops_aeabi.S.obj
                0x00000000100042f0                __wrap___aeabi_lmul
 *fill*         0x0000000010004322        0x2 
 .text.__aeabi_float_init
                0x0000000010004324       0x64 CMakeFiles/pico_stdio_test_usb.dir/__/__/src/rp2_common/pico_float/float_init_rom.c.obj
                0x0000000010004324                __aeabi_float_init
 .text.float_table_shim_on_use_helper
                0x0000000010004388       0x2c CMakeFiles/pico_stdio_test_usb.dir/__/__/src/rp2_common/pico_float/float_v1_rom_shim.S.obj
                0x0000000010004388                float_table_shim_on_use_helper
 .text          0x00000000100043b4       0x10 CMakeFiles/pico_stdio_test_usb.dir/__/__/src/rp2_common/pico_mem_ops/mem_ops_aeabi.S.obj
                0x00000000100043b4                __aeabi_mem_init
 .text.memset   0x00000000100043c4        0xc CMakeFiles/pico_stdio_test_usb.dir/__/__/src/rp2_common/pico_mem_ops/mem_ops_aeabi.S.obj
                0x00000000100043c4                __wrap_memset
 .text.memcpy   0x00000000100043d0        0xc CMakeFiles/pico_stdio_test_usb.dir/__/__/src/rp2_common/pico_mem_ops/mem_ops_aeabi.S.obj
                0x00000000100043d0                __wrap___aeabi_memcpy
                0x00000000100043d0                __wrap_memcpy
 .text.stdio_out_chars_no_crlf
                0x00000000100043dc       0x10 CMakeFiles/pico_stdio_test_usb.dir/__/__/src/rp2_common/pico_stdio/stdio.c.obj
 .text.stdio_out_chars_crlf
                0x00000000100043ec       0xb4 CMakeFiles/pico_stdio_test_usb.dir/__/__/src/rp2_common/pico_stdio/stdio.c.obj
 .text.stdio_buffered_printer
                0x00000000100044a0       0x64 CMakeFiles/pico_stdio_test_usb.dir/__/__/src/rp2_common/pico_stdio/stdio.c.obj
 .text.stdio_put_string.isra.0
                0x0000000010004504       0xfc CMakeFiles/pico_stdio_test_usb.dir/__/__/src/rp2_common/pico_stdio/stdio.c.obj
 .text.__wrap_putchar
                0x0000000010004600       0x98 CMakeFiles/pico_stdio_test_usb.dir/__/__/src/rp2_common/pico_stdio/stdio.c.obj
                0x0000000010004600                __wrap_putchar
 .text.__wrap_puts
                0x0000000010004698       0x3c CMakeFiles/pico_stdio_test_usb.dir/__/__/src/rp2_common/pico_stdio/stdio.c.obj
                0x0000000010004698                __wrap_puts
 .text.stdio_set_driver_enabled
                0x00000000100046d4       0x30 CMakeFiles/pico_stdio_test_usb.dir/__/__/src/rp2_common/pico_stdio/stdio.c.obj
                0x00000000100046d4                stdio_set_driver_enabled
 .text.__wrap_vprintf
                0x0000000010004704       0xd8 CMakeFiles/pico_stdio_test_usb.dir/__/__/src/rp2_common/pico_stdio/stdio.c.obj
                0x0000000010004704                __wrap_vprintf
 .text.__wrap_printf
                0x00000000100047dc       0x18 CMakeFiles/pico_stdio_test_usb.dir/__/__/src/rp2_common/pico_stdio/stdio.c.obj
                0x00000000100047dc                __wrap_printf
 .text.stdio_init_all
                0x00000000100047f4        0x8 CMakeFiles/pico_stdio_test_usb.dir/__/__/src/rp2_common/pico_stdio/stdio.c.obj
                0x00000000100047f4                stdio_init_all
 .text.getchar_timeout_us
                0x00000000100047fc       0x98 CMakeFiles/pico_stdio_test_usb.dir/__/__/src/rp2_common/pico_stdio/stdio.c.obj
                0x00000000100047fc                getchar_timeout_us
 .text.resetd_init
                0x0000000010004894        0x4 CMakeFiles/pico_stdio_test_usb.dir/__/__/src/rp2_common/pico_stdio_usb/reset_interface.c.obj
 .text.resetd_reset
                0x0000000010004898        0xc CMakeFiles/pico_stdio_test_usb.dir/__/__/src/rp2_common/pico_stdio_usb/reset_interface.c.obj
 .text.resetd_open
                0x00000000100048a4       0x28 CMakeFiles/pico_stdio_test_usb.dir/__/__/src/rp2_common/pico_stdio_usb/reset_interface.c.obj
 .text.resetd_xfer_cb
                0x00000000100048cc        0x4 CMakeFiles/pico_stdio_test_usb.dir/__/__/src/rp2_common/pico_stdio_usb/reset_interface.c.obj
 .text.resetd_control_xfer_cb
                0x00000000100048d0       0x64 CMakeFiles/pico_stdio_test_usb.dir/__/__/src/rp2_common/pico_stdio_usb/reset_interface.c.obj
 .text.usbd_app_driver_get_cb
                0x0000000010004934        0xc CMakeFiles/pico_stdio_test_usb.dir/__/__/src/rp2_common/pico_stdio_usb/reset_interface.c.obj
                0x0000000010004934                usbd_app_driver_get_cb
 .text.tud_cdc_line_coding_cb
                0x0000000010004940       0x34 CMakeFiles/pico_stdio_test_usb.dir/__/__/src/rp2_common/pico_stdio_usb/reset_interface.c.obj
                0x0000000010004940                tud_cdc_line_coding_cb
 .text.stdio_usb_set_chars_available_callback
                0x0000000010004974       0x14 CMakeFiles/pico_stdio_test_usb.dir/__/__/src/rp2_common/pico_stdio_usb/stdio_usb.c.obj
                0x0000000010004974                stdio_usb_set_chars_available_callback
 .text.usb_irq  0x0000000010004988       0x10 CMakeFiles/pico_stdio_test_usb.dir/__/__/src/rp2_common/pico_stdio_usb/stdio_usb.c.obj
 .text.timer_task
                0x0000000010004998       0x54 CMakeFiles/pico_stdio_test_usb.dir/__/__/src/rp2_common/pico_stdio_usb/stdio_usb.c.obj
 .text.stdio_usb_in_chars
                0x00000000100049ec       0x90 CMakeFiles/pico_stdio_test_usb.dir/__/__/src/rp2_common/pico_stdio_usb/stdio_usb.c.obj
                0x00000000100049ec                stdio_usb_in_chars
 .text.stdio_usb_out_chars
                0x0000000010004a7c      0x100 CMakeFiles/pico_stdio_test_usb.dir/__/__/src/rp2_common/pico_stdio_usb/stdio_usb.c.obj
 .text.low_priority_worker_irq
                0x0000000010004b7c       0xa8 CMakeFiles/pico_stdio_test_usb.dir/__/__/src/rp2_common/pico_stdio_usb/stdio_usb.c.obj
 .text.tud_cdc_rx_cb
                0x0000000010004c24       0x20 CMakeFiles/pico_stdio_test_usb.dir/__/__/src/rp2_common/pico_stdio_usb/stdio_usb.c.obj
                0x0000000010004c24                tud_cdc_rx_cb
 .text.stdio_usb_init
                0x0000000010004c44      0x114 CMakeFiles/pico_stdio_test_usb.dir/__/__/src/rp2_common/pico_stdio_usb/stdio_usb.c.obj
                0x0000000010004c44                stdio_usb_init
 .text.tud_descriptor_device_cb
                0x0000000010004d58        0x8 CMakeFiles/pico_stdio_test_usb.dir/__/__/src/rp2_common/pico_stdio_usb/stdio_usb_descriptors.c.obj
                0x0000000010004d58                tud_descriptor_device_cb
 .text.tud_descriptor_configuration_cb
                0x0000000010004d60        0x8 CMakeFiles/pico_stdio_test_usb.dir/__/__/src/rp2_common/pico_stdio_usb/stdio_usb_descriptors.c.obj
                0x0000000010004d60                tud_descriptor_configuration_cb
 .text.tud_descriptor_string_cb
                0x0000000010004d68       0x74 CMakeFiles/pico_stdio_test_usb.dir/__/__/src/rp2_common/pico_stdio_usb/stdio_usb_descriptors.c.obj
                0x0000000010004d68                tud_descriptor_string_cb
 .text.startup._retrieve_unique_id_on_boot
                0x0000000010004ddc       0x10 CMakeFiles/pico_stdio_test_usb.dir/__/__/src/rp2_common/pico_unique_id/unique_id.c.obj
 .text.pico_get_unique_board_id_string
                0x0000000010004dec      0x1a8 CMakeFiles/pico_stdio_test_usb.dir/__/__/src/rp2_common/pico_unique_id/unique_id.c.obj
                0x0000000010004dec                pico_get_unique_board_id_string
 .text.flash_get_unique_id
                0x0000000010004f94       0x40 CMakeFiles/pico_stdio_test_usb.dir/__/__/src/rp2_common/hardware_flash/flash.c.obj
                0x0000000010004f94                flash_get_unique_id
 .text.dcd_int_enable
                0x0000000010004fd4        0xc CMakeFiles/pico_stdio_test_usb.dir/__/__/lib/tinyusb/src/portable/raspberrypi/rp2040/dcd_rp2040.c.obj
                0x0000000010004fd4                dcd_int_enable
 .text.dcd_set_address
                0x0000000010004fe0       0x14 CMakeFiles/pico_stdio_test_usb.dir/__/__/lib/tinyusb/src/portable/raspberrypi/rp2040/dcd_rp2040.c.obj
                0x0000000010004fe0                dcd_set_address
 .text.dcd_connect
                0x0000000010004ff4       0x10 CMakeFiles/pico_stdio_test_usb.dir/__/__/lib/tinyusb/src/portable/raspberrypi/rp2040/dcd_rp2040.c.obj
                0x0000000010004ff4                dcd_connect
 .text.dcd_init
                0x0000000010005004       0x98 CMakeFiles/pico_stdio_test_usb.dir/__/__/lib/tinyusb/src/portable/raspberrypi/rp2040/dcd_rp2040.c.obj
                0x0000000010005004                dcd_init
 .text.dcd_edpt0_status_complete
                0x000000001000509c       0x1c CMakeFiles/pico_stdio_test_usb.dir/__/__/lib/tinyusb/src/portable/raspberrypi/rp2040/dcd_rp2040.c.obj
                0x000000001000509c                dcd_edpt0_status_complete
 .text.dcd_edpt_open
                0x00000000100050b8      0x108 CMakeFiles/pico_stdio_test_usb.dir/__/__/lib/tinyusb/src/portable/raspberrypi/rp2040/dcd_rp2040.c.obj
                0x00000000100050b8                dcd_edpt_open
 .text.dcd_edpt_close_all
                0x00000000100051c0        0x8 CMakeFiles/pico_stdio_test_usb.dir/__/__/lib/tinyusb/src/portable/raspberrypi/rp2040/dcd_rp2040.c.obj
                0x00000000100051c0                dcd_edpt_close_all
 .text.dcd_edpt_xfer
                0x00000000100051c8       0x24 CMakeFiles/pico_stdio_test_usb.dir/__/__/lib/tinyusb/src/portable/raspberrypi/rp2040/dcd_rp2040.c.obj
                0x00000000100051c8                dcd_edpt_xfer
 .text.dcd_edpt_stall
                0x00000000100051ec       0x38 CMakeFiles/pico_stdio_test_usb.dir/__/__/lib/tinyusb/src/portable/raspberrypi/rp2040/dcd_rp2040.c.obj
                0x00000000100051ec                dcd_edpt_stall
 .text.dcd_edpt_clear_stall
                0x0000000010005224       0x30 CMakeFiles/pico_stdio_test_usb.dir/__/__/lib/tinyusb/src/portable/raspberrypi/rp2040/dcd_rp2040.c.obj
                0x0000000010005224                dcd_edpt_clear_stall
 .text.rp2040_usb_init
                0x0000000010005254       0x4c CMakeFiles/pico_stdio_test_usb.dir/__/__/lib/tinyusb/src/portable/raspberrypi/rp2040/rp2040_usb.c.obj
                0x0000000010005254                rp2040_usb_init
 .text.hw_endpoint_xfer_start
                0x00000000100052a0       0x50 CMakeFiles/pico_stdio_test_usb.dir/__/__/lib/tinyusb/src/portable/raspberrypi/rp2040/rp2040_usb.c.obj
                0x00000000100052a0                hw_endpoint_xfer_start
 .text.tud_mounted
                0x00000000100052f0       0x10 CMakeFiles/pico_stdio_test_usb.dir/__/__/lib/tinyusb/src/device/usbd.c.obj
                0x00000000100052f0                tud_mounted
 .text.tud_suspended
                0x0000000010005300       0x10 CMakeFiles/pico_stdio_test_usb.dir/__/__/lib/tinyusb/src/device/usbd.c.obj
                0x0000000010005300                tud_suspended
 .text.tud_inited
                0x0000000010005310       0x14 CMakeFiles/pico_stdio_test_usb.dir/__/__/lib/tinyusb/src/device/usbd.c.obj
                0x0000000010005310                tud_inited
 .text.tud_init
                0x0000000010005324       0xe4 CMakeFiles/pico_stdio_test_usb.dir/__/__/lib/tinyusb/src/device/usbd.c.obj
                0x0000000010005324                tud_init
 .text.tud_task_ext
                0x0000000010005408      0x854 CMakeFiles/pico_stdio_test_usb.dir/__/__/lib/tinyusb/src/device/usbd.c.obj
                0x0000000010005408                tud_task_ext
 .text.usbd_open_edpt_pair
                0x0000000010005c5c       0x9c CMakeFiles/pico_stdio_test_usb.dir/__/__/lib/tinyusb/src/device/usbd.c.obj
                0x0000000010005c5c                usbd_open_edpt_pair
 .text.usbd_defer_func
                0x0000000010005cf8       0x48 CMakeFiles/pico_stdio_test_usb.dir/__/__/lib/tinyusb/src/device/usbd.c.obj
                0x0000000010005cf8                usbd_defer_func
 .text.usbd_edpt_open
                0x0000000010005d40       0x34 CMakeFiles/pico_stdio_test_usb.dir/__/__/lib/tinyusb/src/device/usbd.c.obj
                0x0000000010005d40                usbd_edpt_open
 .text.usbd_edpt_claim
                0x0000000010005d74       0x28 CMakeFiles/pico_stdio_test_usb.dir/__/__/lib/tinyusb/src/device/usbd.c.obj
                0x0000000010005d74                usbd_edpt_claim
 .text.usbd_edpt_release
                0x0000000010005d9c       0x28 CMakeFiles/pico_stdio_test_usb.dir/__/__/lib/tinyusb/src/device/usbd.c.obj
                0x0000000010005d9c                usbd_edpt_release
 .text.usbd_edpt_xfer
                0x0000000010005dc4       0x4c CMakeFiles/pico_stdio_test_usb.dir/__/__/lib/tinyusb/src/device/usbd.c.obj
                0x0000000010005dc4                usbd_edpt_xfer
 .text.tud_control_status
                0x0000000010005e10       0x30 CMakeFiles/pico_stdio_test_usb.dir/__/__/lib/tinyusb/src/device/usbd_control.c.obj
                0x0000000010005e10                tud_control_status
 .text.tud_control_xfer
                0x0000000010005e40       0xbc CMakeFiles/pico_stdio_test_usb.dir/__/__/lib/tinyusb/src/device/usbd_control.c.obj
                0x0000000010005e40                tud_control_xfer
 .text.usbd_control_reset
                0x0000000010005efc       0x14 CMakeFiles/pico_stdio_test_usb.dir/__/__/lib/tinyusb/src/device/usbd_control.c.obj
                0x0000000010005efc                usbd_control_reset
 .text.usbd_control_set_complete_callback
                0x0000000010005f10        0xc CMakeFiles/pico_stdio_test_usb.dir/__/__/lib/tinyusb/src/device/usbd_control.c.obj
                0x0000000010005f10                usbd_control_set_complete_callback
 .text.usbd_control_set_request
                0x0000000010005f1c       0x1c CMakeFiles/pico_stdio_test_usb.dir/__/__/lib/tinyusb/src/device/usbd_control.c.obj
                0x0000000010005f1c                usbd_control_set_request
 .text.usbd_control_xfer_cb
                0x0000000010005f38       0xfc CMakeFiles/pico_stdio_test_usb.dir/__/__/lib/tinyusb/src/device/usbd_control.c.obj
                0x0000000010005f38                usbd_control_xfer_cb
 .text.tud_cdc_n_connected
                0x0000000010006034       0x30 CMakeFiles/pico_stdio_test_usb.dir/__/__/lib/tinyusb/src/class/cdc/cdc_device.c.obj
                0x0000000010006034                tud_cdc_n_connected
 .text.tud_cdc_n_available
                0x0000000010006064       0x18 CMakeFiles/pico_stdio_test_usb.dir/__/__/lib/tinyusb/src/class/cdc/cdc_device.c.obj
                0x0000000010006064                tud_cdc_n_available
 .text.tud_cdc_n_read
                0x000000001000607c       0x70 CMakeFiles/pico_stdio_test_usb.dir/__/__/lib/tinyusb/src/class/cdc/cdc_device.c.obj
                0x000000001000607c                tud_cdc_n_read
 .text.tud_cdc_n_write_flush
                0x00000000100060ec       0x78 CMakeFiles/pico_stdio_test_usb.dir/__/__/lib/tinyusb/src/class/cdc/cdc_device.c.obj
                0x00000000100060ec                tud_cdc_n_write_flush
 .text.tud_cdc_n_write
                0x0000000010006164       0x34 CMakeFiles/pico_stdio_test_usb.dir/__/__/lib/tinyusb/src/class/cdc/cdc_device.c.obj
                0x0000000010006164                tud_cdc_n_write
 .text.tud_cdc_n_write_available
                0x0000000010006198       0x18 CMakeFiles/pico_stdio_test_usb.dir/__/__/lib/tinyusb/src/class/cdc/cdc_device.c.obj
                0x0000000010006198                tud_cdc_n_write_available
 .text.cdcd_init
                0x00000000100061b0       0x7c CMakeFiles/pico_stdio_test_usb.dir/__/__/lib/tinyusb/src/class/cdc/cdc_device.c.obj
                0x00000000100061b0                cdcd_init
 .text.cdcd_reset
                0x000000001000622c       0x2c CMakeFiles/pico_stdio_test_usb.dir/__/__/lib/tinyusb/src/class/cdc/cdc_device.c.obj
                0x000000001000622c                cdcd_reset
 .text.cdcd_open
                0x0000000010006258       0xe8 CMakeFiles/pico_stdio_test_usb.dir/__/__/lib/tinyusb/src/class/cdc/cdc_device.c.obj
                0x0000000010006258                cdcd_open
 .text.cdcd_control_xfer_cb
                0x0000000010006340       0xe4 CMakeFiles/pico_stdio_test_usb.dir/__/__/lib/tinyusb/src/class/cdc/cdc_device.c.obj
                0x0000000010006340                cdcd_control_xfer_cb
 .text.cdcd_xfer_cb
                0x0000000010006424      0x148 CMakeFiles/pico_stdio_test_usb.dir/__/__/lib/tinyusb/src/class/cdc/cdc_device.c.obj
                0x0000000010006424                cdcd_xfer_cb
 .text.tusb_init
                0x000000001000656c        0xc CMakeFiles/pico_stdio_test_usb.dir/__/__/lib/tinyusb/src/tusb.c.obj
                0x000000001000656c                tusb_init
 .text.tusb_inited
                0x0000000010006578        0x8 CMakeFiles/pico_stdio_test_usb.dir/__/__/lib/tinyusb/src/tusb.c.obj
                0x0000000010006578                tusb_inited
 .text.tu_edpt_claim
                0x0000000010006580       0x50 CMakeFiles/pico_stdio_test_usb.dir/__/__/lib/tinyusb/src/tusb.c.obj
                0x0000000010006580                tu_edpt_claim
 .text.tu_edpt_release
                0x00000000100065d0       0x38 CMakeFiles/pico_stdio_test_usb.dir/__/__/lib/tinyusb/src/tusb.c.obj
                0x00000000100065d0                tu_edpt_release
 .text.tu_edpt_validate
                0x0000000010006608       0x78 CMakeFiles/pico_stdio_test_usb.dir/__/__/lib/tinyusb/src/tusb.c.obj
                0x0000000010006608                tu_edpt_validate
 .text.tu_edpt_bind_driver
                0x0000000010006680       0x34 CMakeFiles/pico_stdio_test_usb.dir/__/__/lib/tinyusb/src/tusb.c.obj
                0x0000000010006680                tu_edpt_bind_driver
 .text.tu_fifo_config
                0x00000000100066b4       0x70 CMakeFiles/pico_stdio_test_usb.dir/__/__/lib/tinyusb/src/common/tusb_fifo.c.obj
                0x00000000100066b4                tu_fifo_config
 .text.tu_fifo_count
                0x0000000010006724       0x2c CMakeFiles/pico_stdio_test_usb.dir/__/__/lib/tinyusb/src/common/tusb_fifo.c.obj
                0x0000000010006724                tu_fifo_count
 .text.tu_fifo_empty
                0x0000000010006750       0x10 CMakeFiles/pico_stdio_test_usb.dir/__/__/lib/tinyusb/src/common/tusb_fifo.c.obj
                0x0000000010006750                tu_fifo_empty
 .text.tu_fifo_remaining
                0x0000000010006760       0x2c CMakeFiles/pico_stdio_test_usb.dir/__/__/lib/tinyusb/src/common/tusb_fifo.c.obj
                0x0000000010006760                tu_fifo_remaining
 .text.tu_fifo_read
                0x000000001000678c       0xa0 CMakeFiles/pico_stdio_test_usb.dir/__/__/lib/tinyusb/src/common/tusb_fifo.c.obj
                0x000000001000678c                tu_fifo_read
 .text.tu_fifo_read_n
                0x000000001000682c       0xec CMakeFiles/pico_stdio_test_usb.dir/__/__/lib/tinyusb/src/common/tusb_fifo.c.obj
                0x000000001000682c                tu_fifo_read_n
 .text.tu_fifo_write
                0x0000000010006918       0x88 CMakeFiles/pico_stdio_test_usb.dir/__/__/lib/tinyusb/src/common/tusb_fifo.c.obj
                0x0000000010006918                tu_fifo_write
 .text.tu_fifo_write_n
                0x00000000100069a0      0x168 CMakeFiles/pico_stdio_test_usb.dir/__/__/lib/tinyusb/src/common/tusb_fifo.c.obj
                0x00000000100069a0                tu_fifo_write_n
 .text.tu_fifo_clear
                0x0000000010006b08       0x40 CMakeFiles/pico_stdio_test_usb.dir/__/__/lib/tinyusb/src/common/tusb_fifo.c.obj
                0x0000000010006b08                tu_fifo_clear
 .text.tu_fifo_set_overwritable
                0x0000000010006b48       0x48 CMakeFiles/pico_stdio_test_usb.dir/__/__/lib/tinyusb/src/common/tusb_fifo.c.obj
                0x0000000010006b48                tu_fifo_set_overwritable
 .text.core1_trampoline
                0x0000000010006b90        0x4 CMakeFiles/pico_stdio_test_usb.dir/__/__/src/rp2_common/pico_multicore/multicore.c.obj
 .text.core1_wrapper
                0x0000000010006b94        0xc CMakeFiles/pico_stdio_test_usb.dir/__/__/src/rp2_common/pico_multicore/multicore.c.obj
                0x0000000010006b94                core1_wrapper
 .text.multicore_launch_core1_raw
                0x0000000010006ba0       0x84 CMakeFiles/pico_stdio_test_usb.dir/__/__/src/rp2_common/pico_multicore/multicore.c.obj
                0x0000000010006ba0                multicore_launch_core1_raw
 .text.multicore_launch_core1
                0x0000000010006c24       0x4c CMakeFiles/pico_stdio_test_usb.dir/__/__/src/rp2_common/pico_multicore/multicore.c.obj
                0x0000000010006c24                multicore_launch_core1
 .text          0x0000000010006c70       0x5c /usr/lib/gcc/arm-none-eabi/10.3.1/../../../arm-none-eabi/lib/thumb/v6-m/nofp/libc.a(lib_a-strlen-stub.o)
                0x0000000010006c70                strlen
 *(.fini)
 .fini          0x0000000010006ccc        0x4 /usr/lib/gcc/arm-none-eabi/10.3.1/thumb/v6-m/nofp/crti.o
                0x0000000010006ccc                _fini
 .fini.__stub   0x0000000010006cd0       0xd0 linker stubs
 *crtbegin.o(.ctors)
 *crtbegin?.o(.ctors)
 *(EXCLUDE_FILE(*crtend.o *crtend?.o) .ctors)
 *(SORT_BY_NAME(.ctors.*))
 *(.ctors)
 *crtbegin.o(.dtors)
 *crtbegin?.o(.dtors)
 *(EXCLUDE_FILE(*crtend.o *crtend?.o) .dtors)
 *(SORT_BY_NAME(.dtors.*))
 *(.dtors)
 *(.eh_frame*)
 .eh_frame      0x0000000010006da0        0x0 /usr/lib/gcc/arm-none-eabi/10.3.1/thumb/v6-m/nofp/crtbegin.o
                0x0000000010006da0                . = ALIGN (0x4)

.glue_7         0x0000000010006da0        0x0
 .glue_7        0x0000000010006da0        0x0 linker stubs

.glue_7t        0x0000000010006da0        0x0
 .glue_7t       0x0000000010006da0        0x0 linker stubs

.vfp11_veneer   0x0000000010006da0        0x0
 .vfp11_veneer  0x0000000010006da0        0x0 linker stubs

.v4_bx          0x0000000010006da0        0x0
 .v4_bx         0x0000000010006da0        0x0 linker stubs

.iplt           0x0000000010006da0        0x0
 .iplt          0x0000000010006da0        0x0 /usr/lib/gcc/arm-none-eabi/10.3.1/thumb/v6-m/nofp/crtbegin.o

.rodata         0x0000000010006da0      0x690
 *(EXCLUDE_FILE(*libm.a: *libc.a:*lib_a-mem*.o *libgcc.a:) .rodata*)
 .rodata.deadlock_test_alarm.str1.4
                0x0000000010006da0       0x22 CMakeFiles/pico_stdio_test_usb.dir/pico_stdio_test.c.obj
 *fill*         0x0000000010006dc2        0x2 
 .rodata.deadlock_test_core1.str1.4
                0x0000000010006dc4       0x18 CMakeFiles/pico_stdio_test_usb.dir/pico_stdio_test.c.obj
 .rodata.main.str1.4
                0x0000000010006ddc      0x101 CMakeFiles/pico_stdio_test_usb.dir/pico_stdio_test.c.obj
 *fill*         0x0000000010006edd        0x3 
 .rodata.str1.4
                0x0000000010006ee0       0x28 CMakeFiles/pico_stdio_test_usb.dir/pico_stdio_test.c.obj
 .rodata.spin_lock_claim_unused.str1.4
                0x0000000010006f08       0x1b CMakeFiles/pico_stdio_test_usb.dir/__/__/src/rp2_common/hardware_sync/sync.c.obj
 *fill*         0x0000000010006f23        0x1 
 .rodata.user_irq_claim_unused.str1.4
                0x0000000010006f24       0x1b CMakeFiles/pico_stdio_test_usb.dir/__/__/src/rp2_common/hardware_irq/irq.c.obj
 *fill*         0x0000000010006f3f        0x1 
 .rodata.at_the_end_of_time
                0x0000000010006f40        0x8 CMakeFiles/pico_stdio_test_usb.dir/__/__/src/common/pico_time/time.c.obj
                0x0000000010006f40                at_the_end_of_time
 .rodata.hardware_alarm_claim.str1.4
                0x0000000010006f48       0x22 CMakeFiles/pico_stdio_test_usb.dir/__/__/src/rp2_common/hardware_timer/timer.c.obj
 *fill*         0x0000000010006f6a        0x2 
 .rodata.panic.str1.4
                0x0000000010006f6c       0x10 CMakeFiles/pico_stdio_test_usb.dir/__/__/src/rp2_common/pico_runtime/runtime.c.obj
                                         0x12 (size before relaxing)
 .rodata.hard_assertion_failure.str1.4
                0x0000000010006f7c        0xc CMakeFiles/pico_stdio_test_usb.dir/__/__/src/rp2_common/pico_runtime/runtime.c.obj
 .rodata._ftoa.str1.4
                0x0000000010006f88       0x15 CMakeFiles/pico_stdio_test_usb.dir/__/__/src/rp2_common/pico_printf/printf.c.obj
 *fill*         0x0000000010006f9d        0x3 
 .rodata._vsnprintf
                0x0000000010006fa0      0x1e0 CMakeFiles/pico_stdio_test_usb.dir/__/__/src/rp2_common/pico_printf/printf.c.obj
 .rodata.pow10.0
                0x0000000010007180       0x50 CMakeFiles/pico_stdio_test_usb.dir/__/__/src/rp2_common/pico_printf/printf.c.obj
 .rodata.str1.4
                0x00000000100071d0       0x48 CMakeFiles/pico_stdio_test_usb.dir/__/__/src/rp2_common/pico_standard_link/binary_info.c.obj
 .rodata.__bi_44
                0x0000000010007218        0xc CMakeFiles/pico_stdio_test_usb.dir/__/__/src/rp2_common/pico_standard_link/binary_info.c.obj
 .rodata.__bi_75
                0x0000000010007224        0xc CMakeFiles/pico_stdio_test_usb.dir/__/__/src/rp2_common/pico_standard_link/binary_info.c.obj
 .rodata.__bi_81
                0x0000000010007230        0xc CMakeFiles/pico_stdio_test_usb.dir/__/__/src/rp2_common/pico_standard_link/binary_info.c.obj
 .rodata.crlf_str.0
                0x000000001000723c        0x2 CMakeFiles/pico_stdio_test_usb.dir/__/__/src/rp2_common/pico_stdio/stdio.c.obj
 *fill*         0x000000001000723e        0x2 
 .rodata._resetd_driver
                0x0000000010007240       0x18 CMakeFiles/pico_stdio_test_usb.dir/__/__/src/rp2_common/pico_stdio_usb/reset_interface.c.obj
 .rodata.str1.4
                0x0000000010007258       0x13 CMakeFiles/pico_stdio_test_usb.dir/__/__/src/rp2_common/pico_stdio_usb/stdio_usb.c.obj
 *fill*         0x000000001000726b        0x1 
 .rodata.__bi_182.0
                0x000000001000726c        0xc CMakeFiles/pico_stdio_test_usb.dir/__/__/src/rp2_common/pico_stdio_usb/stdio_usb.c.obj
 .rodata.str1.4
                0x0000000010007278       0x2a CMakeFiles/pico_stdio_test_usb.dir/__/__/src/rp2_common/pico_stdio_usb/stdio_usb_descriptors.c.obj
 *fill*         0x00000000100072a2        0x2 
 .rodata.usbd_desc_cfg
                0x00000000100072a4       0x54 CMakeFiles/pico_stdio_test_usb.dir/__/__/src/rp2_common/pico_stdio_usb/stdio_usb_descriptors.c.obj
 .rodata.usbd_desc_device
                0x00000000100072f8       0x12 CMakeFiles/pico_stdio_test_usb.dir/__/__/src/rp2_common/pico_stdio_usb/stdio_usb_descriptors.c.obj
 *fill*         0x000000001000730a        0x2 
 .rodata.usbd_desc_str
                0x000000001000730c       0x18 CMakeFiles/pico_stdio_test_usb.dir/__/__/src/rp2_common/pico_stdio_usb/stdio_usb_descriptors.c.obj
 .rodata.str1.4
                0x0000000010007324       0x14 CMakeFiles/pico_stdio_test_usb.dir/__/__/lib/tinyusb/src/portable/raspberrypi/rp2040/dcd_rp2040.c.obj
 .rodata.str1.4
                0x0000000010007338       0x53 CMakeFiles/pico_stdio_test_usb.dir/__/__/lib/tinyusb/src/portable/raspberrypi/rp2040/rp2040_usb.c.obj
 *fill*         0x000000001000738b        0x1 
 .rodata.tud_task_ext
                0x000000001000738c       0x8c CMakeFiles/pico_stdio_test_usb.dir/__/__/lib/tinyusb/src/device/usbd.c.obj
 .rodata._usbd_driver
                0x0000000010007418       0x18 CMakeFiles/pico_stdio_test_usb.dir/__/__/lib/tinyusb/src/device/usbd.c.obj
                0x0000000010007430                . = ALIGN (0x4)
 *(SORT_BY_ALIGNMENT(SORT_BY_NAME(.flashdata*)))
                0x0000000010007430                . = ALIGN (0x4)

.ARM.extab
 *(.ARM.extab* .gnu.linkonce.armextab.*)
                0x0000000010007430                __exidx_start = .

.ARM.exidx
 *(.ARM.exidx* .gnu.linkonce.armexidx.*)
                0x0000000010007430                __exidx_end = .
                0x0000000010007430                . = ALIGN (0x4)
                0x0000000010007430                __binary_info_start = .

.binary_info    0x0000000010007430       0x20
 *(.binary_info.keep.*)
 .binary_info.keep.__bi_ptr22
                0x0000000010007430        0x4 CMakeFiles/pico_stdio_test_usb.dir/__/__/src/rp2_common/pico_standard_link/binary_info.c.obj
 .binary_info.keep.__bi_ptr30
                0x0000000010007434        0x4 CMakeFiles/pico_stdio_test_usb.dir/__/__/src/rp2_common/pico_standard_link/binary_info.c.obj
 .binary_info.keep.__bi_ptr38
                0x0000000010007438        0x4 CMakeFiles/pico_stdio_test_usb.dir/__/__/src/rp2_common/pico_standard_link/binary_info.c.obj
 .binary_info.keep.__bi_ptr44
                0x000000001000743c        0x4 CMakeFiles/pico_stdio_test_usb.dir/__/__/src/rp2_common/pico_standard_link/binary_info.c.obj
 .binary_info.keep.__bi_ptr50
                0x0000000010007440        0x4 CMakeFiles/pico_stdio_test_usb.dir/__/__/src/rp2_common/pico_standard_link/binary_info.c.obj
 .binary_info.keep.__bi_ptr75
                0x0000000010007444        0x4 CMakeFiles/pico_stdio_test_usb.dir/__/__/src/rp2_common/pico_standard_link/binary_info.c.obj
 .binary_info.keep.__bi_ptr81
                0x0000000010007448        0x4 CMakeFiles/pico_stdio_test_usb.dir/__/__/src/rp2_common/pico_standard_link/binary_info.c.obj
 *(.binary_info.*)
 .binary_info.__bi_ptr182
                0x000000001000744c        0x4 CMakeFiles/pico_stdio_test_usb.dir/__/__/src/rp2_common/pico_stdio_usb/stdio_usb.c.obj
                0x0000000010007450                __binary_info_end = .

.rel.dyn        0x0000000010007450        0x0
 .rel.iplt      0x0000000010007450        0x0 /usr/lib/gcc/arm-none-eabi/10.3.1/thumb/v6-m/nofp/crtbegin.o
                0x0000000010007450                . = ALIGN (0x4)

.ram_vector_table
                0x0000000020000000       0xc0
 *(.ram_vector_table)
 .ram_vector_table
                0x0000000020000000       0xc0 CMakeFiles/pico_stdio_test_usb.dir/__/__/src/rp2_common/pico_runtime/runtime.c.obj
                0x0000000020000000                ram_vector_table

.data           0x00000000200000c0      0xe68 load address 0x0000000010007450
                0x00000000200000c0                __data_start__ = .
 *(vtable)
 *(.time_critical*)
 .time_critical.mutex_try_enter
                0x00000000200000c0       0x44 CMakeFiles/pico_stdio_test_usb.dir/__/__/src/common/pico_sync/mutex.c.obj
                0x00000000200000c0                mutex_try_enter
 .time_critical.mutex_try_enter_block_until
                0x0000000020000104       0x9c CMakeFiles/pico_stdio_test_usb.dir/__/__/src/common/pico_sync/mutex.c.obj
                0x0000000020000104                mutex_try_enter_block_until
 .time_critical.mutex_enter_timeout_ms
                0x00000000200001a0       0x90 CMakeFiles/pico_stdio_test_usb.dir/__/__/src/common/pico_sync/mutex.c.obj
                0x00000000200001a0                mutex_enter_timeout_ms
 .time_critical.mutex_exit
                0x0000000020000230       0x28 CMakeFiles/pico_stdio_test_usb.dir/__/__/src/common/pico_sync/mutex.c.obj
                0x0000000020000230                mutex_exit
 .time_critical.flash_init_boot2_copyout
                0x0000000020000258       0x30 CMakeFiles/pico_stdio_test_usb.dir/__/__/src/rp2_common/hardware_flash/flash.c.obj
 .time_critical.flash_enable_xip_via_boot2
                0x0000000020000288       0x10 CMakeFiles/pico_stdio_test_usb.dir/__/__/src/rp2_common/hardware_flash/flash.c.obj
 .time_critical.flash_cs_force
                0x0000000020000298       0x38 CMakeFiles/pico_stdio_test_usb.dir/__/__/src/rp2_common/hardware_flash/flash.c.obj
 .time_critical.flash_do_cmd
                0x00000000200002d0       0xc4 CMakeFiles/pico_stdio_test_usb.dir/__/__/src/rp2_common/hardware_flash/flash.c.obj
                0x00000000200002d0                flash_do_cmd
 .time_critical.reset_non_control_endpoints
                0x0000000020000394       0xbc CMakeFiles/pico_stdio_test_usb.dir/__/__/lib/tinyusb/src/portable/raspberrypi/rp2040/dcd_rp2040.c.obj
 .time_critical.hw_handle_buff_status
                0x0000000020000450       0xa8 CMakeFiles/pico_stdio_test_usb.dir/__/__/lib/tinyusb/src/portable/raspberrypi/rp2040/dcd_rp2040.c.obj
 .time_critical.dcd_rp2040_irq
                0x00000000200004f8      0x4d8 CMakeFiles/pico_stdio_test_usb.dir/__/__/lib/tinyusb/src/portable/raspberrypi/rp2040/dcd_rp2040.c.obj
 .time_critical.e15_is_bulkin_ep
                0x00000000200009d0       0x28 CMakeFiles/pico_stdio_test_usb.dir/__/__/lib/tinyusb/src/portable/raspberrypi/rp2040/rp2040_usb.c.obj
 .time_critical.e15_is_critical_frame_period
                0x00000000200009f8       0x34 CMakeFiles/pico_stdio_test_usb.dir/__/__/lib/tinyusb/src/portable/raspberrypi/rp2040/rp2040_usb.c.obj
 .time_critical.prepare_ep_buffer
                0x0000000020000a2c       0x70 CMakeFiles/pico_stdio_test_usb.dir/__/__/lib/tinyusb/src/portable/raspberrypi/rp2040/rp2040_usb.c.obj
 .time_critical.sync_ep_buffer
                0x0000000020000a9c       0x4c CMakeFiles/pico_stdio_test_usb.dir/__/__/lib/tinyusb/src/portable/raspberrypi/rp2040/rp2040_usb.c.obj
 .time_critical._hw_endpoint_xfer_sync
                0x0000000020000ae8       0x28 CMakeFiles/pico_stdio_test_usb.dir/__/__/lib/tinyusb/src/portable/raspberrypi/rp2040/rp2040_usb.c.obj
 .time_critical.hw_endpoint_reset_transfer
                0x0000000020000b10        0xc CMakeFiles/pico_stdio_test_usb.dir/__/__/lib/tinyusb/src/portable/raspberrypi/rp2040/rp2040_usb.c.obj
                0x0000000020000b10                hw_endpoint_reset_transfer
 .time_critical._hw_endpoint_buffer_control_update32
                0x0000000020000b1c       0x58 CMakeFiles/pico_stdio_test_usb.dir/__/__/lib/tinyusb/src/portable/raspberrypi/rp2040/rp2040_usb.c.obj
                0x0000000020000b1c                _hw_endpoint_buffer_control_update32
 .time_critical.hw_endpoint_start_next_buffer
                0x0000000020000b74       0x6c CMakeFiles/pico_stdio_test_usb.dir/__/__/lib/tinyusb/src/portable/raspberrypi/rp2040/rp2040_usb.c.obj
                0x0000000020000b74                hw_endpoint_start_next_buffer
 .time_critical.hw_endpoint_xfer_continue
                0x0000000020000be0       0x50 CMakeFiles/pico_stdio_test_usb.dir/__/__/lib/tinyusb/src/portable/raspberrypi/rp2040/rp2040_usb.c.obj
                0x0000000020000be0                hw_endpoint_xfer_continue
 .time_critical.tinyusb
                0x0000000020000c30      0x170 CMakeFiles/pico_stdio_test_usb.dir/__/__/lib/tinyusb/src/device/usbd.c.obj
                0x0000000020000c30                dcd_event_handler
 *(.text*)
 .text          0x0000000020000da0        0x4 /usr/lib/gcc/arm-none-eabi/10.3.1/thumb/v6-m/nofp/libgcc.a(_dvmd_tls.o)
                0x0000000020000da0                __aeabi_ldiv0
                0x0000000020000da0                __aeabi_idiv0
 *fill*         0x0000000020000da4        0x4 
 .text.__stub   0x0000000020000da8       0x70 linker stubs
                0x0000000020000e18                . = ALIGN (0x4)
 *(.rodata*)
                0x0000000020000e18                . = ALIGN (0x4)
 *(.data*)
 .data.picotest_description
                0x0000000020000e18        0x4 CMakeFiles/pico_stdio_test_usb.dir/pico_stdio_test.c.obj
                0x0000000020000e18                picotest_description
 .data.picotest_module
                0x0000000020000e1c        0x4 CMakeFiles/pico_stdio_test_usb.dir/pico_stdio_test.c.obj
                0x0000000020000e1c                picotest_module
 .data.striped_spin_lock_num
                0x0000000020000e20        0x1 CMakeFiles/pico_stdio_test_usb.dir/__/__/src/rp2_common/hardware_sync/sync.c.obj
 *fill*         0x0000000020000e21        0x3 
 .data          0x0000000020000e24       0x48 CMakeFiles/pico_stdio_test_usb.dir/__/__/src/rp2_common/hardware_irq/irq_handler_chain.S.obj
                0x0000000020000e24                irq_handler_chain_slots
                0x0000000020000e54                irq_handler_chain_first_slot
                0x0000000020000e5e                irq_handler_chain_remove_tail
 .data.default_alarm_pool
                0x0000000020000e6c       0x18 CMakeFiles/pico_stdio_test_usb.dir/__/__/src/common/pico_time/time.c.obj
 .data.default_alarm_pool_heap
                0x0000000020000e84       0x10 CMakeFiles/pico_stdio_test_usb.dir/__/__/src/common/pico_time/time.c.obj
 *fill*         0x0000000020000e94        0xc 
 .data.aeabi_bits_funcs
                0x0000000020000ea0       0x10 CMakeFiles/pico_stdio_test_usb.dir/__/__/src/rp2_common/pico_bit_ops/bit_ops_aeabi.S.obj
                0x0000000020000ea0                aeabi_bits_funcs
                0x0000000020000eb0                aeabi_bits_funcs_end
 .data.aeabi_mem_funcs
                0x0000000020000eb0       0x10 CMakeFiles/pico_stdio_test_usb.dir/__/__/src/rp2_common/pico_mem_ops/mem_ops_aeabi.S.obj
                0x0000000020000eb0                aeabi_mem_funcs
                0x0000000020000ec0                aeabi_mem_funcs_end
 .data.stdio_usb
                0x0000000020000ec0       0x18 CMakeFiles/pico_stdio_test_usb.dir/__/__/src/rp2_common/pico_stdio_usb/stdio_usb.c.obj
                0x0000000020000ec0                stdio_usb
 .data.ep_dir_string
                0x0000000020000ed8        0x8 CMakeFiles/pico_stdio_test_usb.dir/__/__/lib/tinyusb/src/portable/raspberrypi/rp2040/rp2040_usb.c.obj
                0x0000000020000ed8                ep_dir_string
 .data._usbd_qdef
                0x0000000020000ee0       0x1c CMakeFiles/pico_stdio_test_usb.dir/__/__/lib/tinyusb/src/device/usbd.c.obj
                0x0000000020000ee0                _usbd_qdef
 .data._usbd_rhport
                0x0000000020000efc        0x1 CMakeFiles/pico_stdio_test_usb.dir/__/__/lib/tinyusb/src/device/usbd.c.obj
                0x0000000020000f00                . = ALIGN (0x4)
 *fill*         0x0000000020000efd        0x3 
 *(.after_data.*)
                0x0000000020000f00                . = ALIGN (0x4)
                0x0000000020000f00                PROVIDE (__mutex_array_start = .)
 *(SORT_BY_NAME(.mutex_array.*))
 *(.mutex_array)
 .mutex_array   0x0000000020000f00        0x8 CMakeFiles/pico_stdio_test_usb.dir/__/__/src/rp2_common/pico_malloc/pico_malloc.c.obj
 .mutex_array   0x0000000020000f08        0x8 CMakeFiles/pico_stdio_test_usb.dir/__/__/src/rp2_common/pico_stdio/stdio.c.obj
                0x0000000020000f10                PROVIDE (__mutex_array_end = .)
                0x0000000020000f10                . = ALIGN (0x4)
                0x0000000020000f10                PROVIDE (__preinit_array_start = .)
 *(SORT_BY_NAME(.preinit_array.*))
 .preinit_array.00001
                0x0000000020000f10        0x4 CMakeFiles/pico_stdio_test_usb.dir/__/__/src/rp2_common/pico_mem_ops/mem_ops_aeabi.S.obj
 .preinit_array.00010
                0x0000000020000f14        0x4 CMakeFiles/pico_stdio_test_usb.dir/__/__/src/rp2_common/pico_bit_ops/bit_ops_aeabi.S.obj
 .preinit_array.00020
                0x0000000020000f18        0x4 CMakeFiles/pico_stdio_test_usb.dir/__/__/src/rp2_common/pico_double/double_aeabi.S.obj
 .preinit_array.00020
                0x0000000020000f1c        0x4 CMakeFiles/pico_stdio_test_usb.dir/__/__/src/rp2_common/pico_float/float_aeabi.S.obj
 *(.preinit_array)
                0x0000000020000f20                PROVIDE (__preinit_array_end = .)
                0x0000000020000f20                . = ALIGN (0x4)
                0x0000000020000f20                PROVIDE (__init_array_start = .)
 *(SORT_BY_NAME(.init_array.*))
 *(.init_array)
 .init_array    0x0000000020000f20        0x4 /usr/lib/gcc/arm-none-eabi/10.3.1/thumb/v6-m/nofp/crtbegin.o
 .init_array    0x0000000020000f24        0x4 CMakeFiles/pico_stdio_test_usb.dir/__/__/src/rp2_common/pico_unique_id/unique_id.c.obj
                0x0000000020000f28                PROVIDE (__init_array_end = .)
                0x0000000020000f28                . = ALIGN (0x4)
                0x0000000020000f28                PROVIDE (__fini_array_start = .)
 *(SORT_BY_NAME(.fini_array.*))
 *(.fini_array)
                0x0000000020000f28                PROVIDE (__fini_array_end = .)
 *(.jcr)
                0x0000000020000f28                . = ALIGN (0x4)
                0x0000000020000f28                __data_end__ = .
                0x0000000010007450                __etext = LOADADDR (.data)

.tm_clone_table
                0x0000000020000f28        0x0 load address 0x00000000100082b8
 .tm_clone_table
                0x0000000020000f28        0x0 /usr/lib/gcc/arm-none-eabi/10.3.1/thumb/v6-m/nofp/crtbegin.o
 .tm_clone_table
                0x0000000020000f28        0x0 /usr/lib/gcc/arm-none-eabi/10.3.1/thumb/v6-m/nofp/crtend.o

.igot.plt       0x0000000020000f28        0x0 load address 0x00000000100082b8
 .igot.plt      0x0000000020000f28        0x0 /usr/lib/gcc/arm-none-eabi/10.3.1/thumb/v6-m/nofp/crtbegin.o

.uninitialized_data
                0x0000000020000f28        0x0 load address 0x00000000100082b8
                0x0000000020000f28                . = ALIGN (0x4)
 *(.uninitialized_data*)

.scratch_x      0x0000000020040000        0x0 load address 0x00000000100082b8
                0x0000000020040000                __scratch_x_start__ = .
 *(.scratch_x.*)
                0x0000000020040000                . = ALIGN (0x4)
                0x0000000020040000                __scratch_x_end__ = .
                0x00000000100082b8                __scratch_x_source__ = LOADADDR (.scratch_x)

.scratch_y      0x0000000020041000        0x0 load address 0x00000000100082b8
                0x0000000020041000                __scratch_y_start__ = .
 *(.scratch_y.*)
                0x0000000020041000                . = ALIGN (0x4)
                0x0000000020041000                __scratch_y_end__ = .
                0x00000000100082b8                __scratch_y_source__ = LOADADDR (.scratch_y)

.bss            0x0000000020000f28      0xd94
                0x0000000020000f28                . = ALIGN (0x4)
                0x0000000020000f28                __bss_start__ = .
 *(SORT_BY_ALIGNMENT(SORT_BY_NAME(.bss*)))
 .bss.default_alarm_pool_entries
                0x0000000020000f28      0x100 CMakeFiles/pico_stdio_test_usb.dir/__/__/src/common/pico_time/time.c.obj
 .bss.last_avail_time.1
                0x0000000020001028        0x8 CMakeFiles/pico_stdio_test_usb.dir/__/__/src/rp2_common/pico_stdio_usb/stdio_usb.c.obj
 .bss.sd_table  0x0000000020001030      0x100 CMakeFiles/pico_stdio_test_usb.dir/__/__/src/rp2_common/pico_double/double_init_rom.c.obj
                0x0000000020001030                sd_table
 .bss.sf_table  0x0000000020001130      0x100 CMakeFiles/pico_stdio_test_usb.dir/__/__/src/rp2_common/pico_float/float_init_rom.c.obj
                0x0000000020001130                sf_table
 .bss           0x0000000020001230       0x1c /usr/lib/gcc/arm-none-eabi/10.3.1/thumb/v6-m/nofp/crtbegin.o
 .bss._app_driver
                0x000000002000124c        0x4 CMakeFiles/pico_stdio_test_usb.dir/__/__/lib/tinyusb/src/device/usbd.c.obj
 .bss._cdcd_itf
                0x0000000020001250      0x2c8 CMakeFiles/pico_stdio_test_usb.dir/__/__/lib/tinyusb/src/class/cdc/cdc_device.c.obj
 .bss._ctrl_xfer
                0x0000000020001518       0x14 CMakeFiles/pico_stdio_test_usb.dir/__/__/lib/tinyusb/src/device/usbd_control.c.obj
 .bss._ubsd_mutexdef
                0x000000002000152c        0x8 CMakeFiles/pico_stdio_test_usb.dir/__/__/lib/tinyusb/src/device/usbd.c.obj
 .bss._usbd_ctrl_buf
                0x0000000020001534       0x40 CMakeFiles/pico_stdio_test_usb.dir/__/__/lib/tinyusb/src/device/usbd_control.c.obj
 .bss._usbd_dev
                0x0000000020001574       0x53 CMakeFiles/pico_stdio_test_usb.dir/__/__/lib/tinyusb/src/device/usbd.c.obj
 *fill*         0x00000000200015c7        0x1 
 .bss._usbd_mutex
                0x00000000200015c8        0x4 CMakeFiles/pico_stdio_test_usb.dir/__/__/lib/tinyusb/src/device/usbd.c.obj
 .bss._usbd_q   0x00000000200015cc        0x4 CMakeFiles/pico_stdio_test_usb.dir/__/__/lib/tinyusb/src/device/usbd.c.obj
 .bss._usbd_qdef_buf
                0x00000000200015d0       0xc0 CMakeFiles/pico_stdio_test_usb.dir/__/__/lib/tinyusb/src/device/usbd.c.obj
                0x00000000200015d0                _usbd_qdef_buf
 .bss.alarm_callbacks
                0x0000000020001690       0x10 CMakeFiles/pico_stdio_test_usb.dir/__/__/src/rp2_common/hardware_timer/timer.c.obj
 .bss.boot2_copyout
                0x00000000200016a0      0x100 CMakeFiles/pico_stdio_test_usb.dir/__/__/src/rp2_common/hardware_flash/flash.c.obj
 .bss.chars_available_callback
                0x00000000200017a0        0x4 CMakeFiles/pico_stdio_test_usb.dir/__/__/src/rp2_common/pico_stdio_usb/stdio_usb.c.obj
 .bss.chars_available_param
                0x00000000200017a4        0x4 CMakeFiles/pico_stdio_test_usb.dir/__/__/src/rp2_common/pico_stdio_usb/stdio_usb.c.obj
 .bss.claimed   0x00000000200017a8        0x4 CMakeFiles/pico_stdio_test_usb.dir/__/__/src/rp2_common/hardware_sync/sync.c.obj
 .bss.configured_freq
                0x00000000200017ac       0x28 CMakeFiles/pico_stdio_test_usb.dir/__/__/src/rp2_common/hardware_clocks/clocks.c.obj
 .bss.default_alarm_pool_entry_ids_high
                0x00000000200017d4       0x10 CMakeFiles/pico_stdio_test_usb.dir/__/__/src/common/pico_time/time.c.obj
 .bss.default_alarm_pool_heap_nodes
                0x00000000200017e4       0x30 CMakeFiles/pico_stdio_test_usb.dir/__/__/src/common/pico_time/time.c.obj
 .bss.desc_str.0
                0x0000000020001814       0x28 CMakeFiles/pico_stdio_test_usb.dir/__/__/src/rp2_common/pico_stdio_usb/stdio_usb_descriptors.c.obj
 .bss.drivers   0x000000002000183c        0x4 CMakeFiles/pico_stdio_test_usb.dir/__/__/src/rp2_common/pico_stdio/stdio.c.obj
 .bss.e15_last_sof
                0x0000000020001840        0x4 CMakeFiles/pico_stdio_test_usb.dir/__/__/lib/tinyusb/src/portable/raspberrypi/rp2040/rp2040_usb.c.obj
                0x0000000020001840                e15_last_sof
 .bss.filter    0x0000000020001844        0x4 CMakeFiles/pico_stdio_test_usb.dir/__/__/src/rp2_common/pico_stdio/stdio.c.obj
 .bss.foo.0     0x0000000020001848        0x4 CMakeFiles/pico_stdio_test_usb.dir/pico_stdio_test.c.obj
 .bss.hw_endpoints
                0x000000002000184c      0x400 CMakeFiles/pico_stdio_test_usb.dir/__/__/lib/tinyusb/src/portable/raspberrypi/rp2040/dcd_rp2040.c.obj
 .bss.lazy_vsnprintf
                0x0000000020001c4c        0x4 CMakeFiles/pico_stdio_test_usb.dir/__/__/src/rp2_common/pico_printf/printf.c.obj
 .bss.load_value
                0x0000000020001c50        0x4 CMakeFiles/pico_stdio_test_usb.dir/__/__/src/rp2_common/hardware_watchdog/watchdog.c.obj
 .bss.next_buffer_ptr
                0x0000000020001c54        0x4 CMakeFiles/pico_stdio_test_usb.dir/__/__/lib/tinyusb/src/portable/raspberrypi/rp2040/dcd_rp2040.c.obj
 .bss.one_shot_timer_crit_sec
                0x0000000020001c58        0x8 CMakeFiles/pico_stdio_test_usb.dir/__/__/src/rp2_common/pico_stdio_usb/stdio_usb.c.obj
 .bss.picotest_error_code
                0x0000000020001c60        0x4 CMakeFiles/pico_stdio_test_usb.dir/pico_stdio_test.c.obj
                0x0000000020001c60                picotest_error_code
 .bss.pools     0x0000000020001c64       0x10 CMakeFiles/pico_stdio_test_usb.dir/__/__/src/common/pico_time/time.c.obj
 .bss.retrieved_id
                0x0000000020001c74        0x8 CMakeFiles/pico_stdio_test_usb.dir/__/__/src/rp2_common/pico_unique_id/unique_id.c.obj
 .bss.sf_clz_func
                0x0000000020001c7c        0x4 CMakeFiles/pico_stdio_test_usb.dir/__/__/src/rp2_common/pico_double/double_init_rom.c.obj
                0x0000000020001c7c                sf_clz_func
 .bss.sleep_notifier
                0x0000000020001c80        0x4 CMakeFiles/pico_stdio_test_usb.dir/__/__/src/common/pico_time/time.c.obj
 .bss.stdio_usb_mutex
                0x0000000020001c84        0x8 CMakeFiles/pico_stdio_test_usb.dir/__/__/src/rp2_common/pico_stdio_usb/stdio_usb.c.obj
 .bss.target_hi
                0x0000000020001c8c       0x10 CMakeFiles/pico_stdio_test_usb.dir/__/__/src/rp2_common/hardware_timer/timer.c.obj
 .bss.usbd_serial_str
                0x0000000020001c9c       0x11 CMakeFiles/pico_stdio_test_usb.dir/__/__/src/rp2_common/pico_stdio_usb/stdio_usb_descriptors.c.obj
 .bss._app_driver_count
                0x0000000020001cad        0x1 CMakeFiles/pico_stdio_test_usb.dir/__/__/lib/tinyusb/src/device/usbd.c.obj
 .bss._sof_enable
                0x0000000020001cae        0x1 CMakeFiles/pico_stdio_test_usb.dir/__/__/lib/tinyusb/src/portable/raspberrypi/rp2040/dcd_rp2040.c.obj
 .bss.boot2_copyout_valid
                0x0000000020001caf        0x1 CMakeFiles/pico_stdio_test_usb.dir/__/__/src/rp2_common/hardware_flash/flash.c.obj
 .bss.claimed   0x0000000020001cb0        0x1 CMakeFiles/pico_stdio_test_usb.dir/__/__/src/rp2_common/hardware_timer/timer.c.obj
 .bss.deadlock_test_done
                0x0000000020001cb1        0x1 CMakeFiles/pico_stdio_test_usb.dir/pico_stdio_test.c.obj
 .bss.deadlock_test_irq_called
                0x0000000020001cb2        0x1 CMakeFiles/pico_stdio_test_usb.dir/pico_stdio_test.c.obj
 .bss.irq_hander_chain_free_slot_head
                0x0000000020001cb3        0x1 CMakeFiles/pico_stdio_test_usb.dir/__/__/src/rp2_common/hardware_irq/irq.c.obj
 .bss.itf_num   0x0000000020001cb4        0x1 CMakeFiles/pico_stdio_test_usb.dir/__/__/src/rp2_common/pico_stdio_usb/reset_interface.c.obj
 .bss.low_priority_irq_num
                0x0000000020001cb5        0x1 CMakeFiles/pico_stdio_test_usb.dir/__/__/src/rp2_common/pico_stdio_usb/stdio_usb.c.obj
 .bss.one_shot_timer_pending
                0x0000000020001cb6        0x1 CMakeFiles/pico_stdio_test_usb.dir/__/__/src/rp2_common/pico_stdio_usb/stdio_usb.c.obj
 .bss.timer_callbacks_pending
                0x0000000020001cb7        0x1 CMakeFiles/pico_stdio_test_usb.dir/__/__/src/rp2_common/hardware_timer/timer.c.obj
 .bss.user_irq_claimed
                0x0000000020001cb8        0x1 CMakeFiles/pico_stdio_test_usb.dir/__/__/src/rp2_common/hardware_irq/irq.c.obj
 *(COMMON)
                0x0000000020001cbc                . = ALIGN (0x4)
 *fill*         0x0000000020001cb9        0x3 
                0x0000000020001cbc                __bss_end__ = .

.heap           0x0000000020001cbc      0x800
                0x0000000020001cbc                __end__ = .
                0x0000000020001cbc                end = __end__
 *(.heap*)
 .heap          0x0000000020001cbc      0x800 CMakeFiles/pico_stdio_test_usb.dir/__/__/src/rp2_common/pico_standard_link/crt0.S.obj
                0x00000000200024bc                __HeapLimit = .

.stack1_dummy   0x0000000020040000      0x800
 *(.stack1*)
 .stack1        0x0000000020040000      0x800 CMakeFiles/pico_stdio_test_usb.dir/__/__/src/rp2_common/pico_multicore/multicore.c.obj

.stack_dummy    0x0000000020041000      0x800
 *(.stack*)
 .stack         0x0000000020041000      0x800 CMakeFiles/pico_stdio_test_usb.dir/__/__/src/rp2_common/pico_standard_link/crt0.S.obj

.flash_end      0x00000000100082b8        0x0
                0x00000000100082b8                PROVIDE (__flash_binary_end = .)
                0x0000000020040000                __StackLimit = (ORIGIN (RAM) + LENGTH (RAM))
                0x0000000020041000                __StackOneTop = (ORIGIN (SCRATCH_X) + LENGTH (SCRATCH_X))
                0x0000000020042000                __StackTop = (ORIGIN (SCRATCH_Y) + LENGTH (SCRATCH_Y))
                0x0000000020040800                __StackOneBottom = (__StackOneTop - SIZEOF (.stack1_dummy))
                0x0000000020041800                __StackBottom = (__StackTop - SIZEOF (.stack_dummy))
                0x0000000020042000                PROVIDE (__stack = __StackTop)
                0x0000000000000001                ASSERT ((__StackLimit >= __HeapLimit), region RAM overflowed)
                0x0000000000000001                ASSERT (((__binary_info_header_end - __logical_binary_start) <= 0x100), Binary info must be in first 256 bytes of the binary)
LOAD CMakeFiles/pico_stdio_test_usb.dir/pico_stdio_test.c.obj
LOAD CMakeFiles/pico_stdio_test_usb.dir/__/__/src/rp2_common/pico_stdlib/stdlib.c.obj
LOAD CMakeFiles/pico_stdio_test_usb.dir/__/__/src/rp2_common/hardware_gpio/gpio.c.obj
LOAD CMakeFiles/pico_stdio_test_usb.dir/__/__/src/rp2_common/pico_platform/platform.c.obj
LOAD CMakeFiles/pico_stdio_test_usb.dir/__/__/src/rp2_common/hardware_claim/claim.c.obj
LOAD CMakeFiles/pico_stdio_test_usb.dir/__/__/src/rp2_common/hardware_sync/sync.c.obj
LOAD CMakeFiles/pico_stdio_test_usb.dir/__/__/src/rp2_common/hardware_irq/irq.c.obj
LOAD CMakeFiles/pico_stdio_test_usb.dir/__/__/src/rp2_common/hardware_irq/irq_handler_chain.S.obj
LOAD CMakeFiles/pico_stdio_test_usb.dir/__/__/src/common/pico_sync/sem.c.obj
LOAD CMakeFiles/pico_stdio_test_usb.dir/__/__/src/common/pico_sync/lock_core.c.obj
LOAD CMakeFiles/pico_stdio_test_usb.dir/__/__/src/common/pico_sync/mutex.c.obj
LOAD CMakeFiles/pico_stdio_test_usb.dir/__/__/src/common/pico_sync/critical_section.c.obj
LOAD CMakeFiles/pico_stdio_test_usb.dir/__/__/src/common/pico_time/time.c.obj
LOAD CMakeFiles/pico_stdio_test_usb.dir/__/__/src/common/pico_time/timeout_helper.c.obj
LOAD CMakeFiles/pico_stdio_test_usb.dir/__/__/src/rp2_common/hardware_timer/timer.c.obj
LOAD CMakeFiles/pico_stdio_test_usb.dir/__/__/src/common/pico_util/datetime.c.obj
LOAD CMakeFiles/pico_stdio_test_usb.dir/__/__/src/common/pico_util/pheap.c.obj
LOAD CMakeFiles/pico_stdio_test_usb.dir/__/__/src/common/pico_util/queue.c.obj
LOAD CMakeFiles/pico_stdio_test_usb.dir/__/__/src/rp2_common/hardware_uart/uart.c.obj
LOAD CMakeFiles/pico_stdio_test_usb.dir/__/__/src/rp2_common/hardware_clocks/clocks.c.obj
LOAD CMakeFiles/pico_stdio_test_usb.dir/__/__/src/rp2_common/hardware_pll/pll.c.obj
LOAD CMakeFiles/pico_stdio_test_usb.dir/__/__/src/rp2_common/hardware_vreg/vreg.c.obj
LOAD CMakeFiles/pico_stdio_test_usb.dir/__/__/src/rp2_common/hardware_watchdog/watchdog.c.obj
LOAD CMakeFiles/pico_stdio_test_usb.dir/__/__/src/rp2_common/hardware_xosc/xosc.c.obj
LOAD CMakeFiles/pico_stdio_test_usb.dir/__/__/src/rp2_common/hardware_divider/divider.S.obj
LOAD CMakeFiles/pico_stdio_test_usb.dir/__/__/src/rp2_common/pico_runtime/runtime.c.obj
LOAD CMakeFiles/pico_stdio_test_usb.dir/__/__/src/rp2_common/pico_printf/printf.c.obj
LOAD CMakeFiles/pico_stdio_test_usb.dir/__/__/src/rp2_common/pico_bit_ops/bit_ops_aeabi.S.obj
LOAD CMakeFiles/pico_stdio_test_usb.dir/__/__/src/rp2_common/pico_bootrom/bootrom.c.obj
LOAD CMakeFiles/pico_stdio_test_usb.dir/__/__/src/rp2_common/pico_divider/divider.S.obj
LOAD CMakeFiles/pico_stdio_test_usb.dir/__/__/src/rp2_common/pico_double/double_aeabi.S.obj
LOAD CMakeFiles/pico_stdio_test_usb.dir/__/__/src/rp2_common/pico_double/double_init_rom.c.obj
LOAD CMakeFiles/pico_stdio_test_usb.dir/__/__/src/rp2_common/pico_double/double_math.c.obj
LOAD CMakeFiles/pico_stdio_test_usb.dir/__/__/src/rp2_common/pico_double/double_v1_rom_shim.S.obj
LOAD CMakeFiles/pico_stdio_test_usb.dir/__/__/src/rp2_common/pico_int64_ops/pico_int64_ops_aeabi.S.obj
LOAD CMakeFiles/pico_stdio_test_usb.dir/__/__/src/rp2_common/pico_float/float_aeabi.S.obj
LOAD CMakeFiles/pico_stdio_test_usb.dir/__/__/src/rp2_common/pico_float/float_init_rom.c.obj
LOAD CMakeFiles/pico_stdio_test_usb.dir/__/__/src/rp2_common/pico_float/float_math.c.obj
LOAD CMakeFiles/pico_stdio_test_usb.dir/__/__/src/rp2_common/pico_float/float_v1_rom_shim.S.obj
LOAD CMakeFiles/pico_stdio_test_usb.dir/__/__/src/rp2_common/pico_malloc/pico_malloc.c.obj
LOAD CMakeFiles/pico_stdio_test_usb.dir/__/__/src/rp2_common/pico_mem_ops/mem_ops_aeabi.S.obj
LOAD CMakeFiles/pico_stdio_test_usb.dir/__/__/src/rp2_common/pico_standard_link/crt0.S.obj
LOAD CMakeFiles/pico_stdio_test_usb.dir/__/__/src/rp2_common/pico_standard_link/new_delete.cpp.obj
LOAD CMakeFiles/pico_stdio_test_usb.dir/__/__/src/rp2_common/pico_standard_link/binary_info.c.obj
LOAD CMakeFiles/pico_stdio_test_usb.dir/__/__/src/rp2_common/pico_stdio/stdio.c.obj
LOAD CMakeFiles/pico_stdio_test_usb.dir/__/__/src/rp2_common/pico_stdio_usb/reset_interface.c.obj
LOAD CMakeFiles/pico_stdio_test_usb.dir/__/__/src/rp2_common/pico_stdio_usb/stdio_usb.c.obj
LOAD CMakeFiles/pico_stdio_test_usb.dir/__/__/src/rp2_common/pico_stdio_usb/stdio_usb_descriptors.c.obj
LOAD CMakeFiles/pico_stdio_test_usb.dir/__/__/src/rp2_common/pico_unique_id/unique_id.c.obj
LOAD CMakeFiles/pico_stdio_test_usb.dir/__/__/src/rp2_common/hardware_flash/flash.c.obj
LOAD CMakeFiles/pico_stdio_test_usb.dir/__/__/lib/tinyusb/src/portable/raspberrypi/rp2040/dcd_rp2040.c.obj
LOAD CMakeFiles/pico_stdio_test_usb.dir/__/__/lib/tinyusb/src/portable/raspberrypi/rp2040/rp2040_usb.c.obj
LOAD CMakeFiles/pico_stdio_test_usb.dir/__/__/lib/tinyusb/src/device/usbd.c.obj
LOAD CMakeFiles/pico_stdio_test_usb.dir/__/__/lib/tinyusb/src/device/usbd_control.c.obj
LOAD CMakeFiles/pico_stdio_test_usb.dir/__/__/lib/tinyusb/src/class/audio/audio_device.c.obj
LOAD CMakeFiles/pico_stdio_test_usb.dir/__/__/lib/tinyusb/src/class/cdc/cdc_device.c.obj
LOAD CMakeFiles/pico_stdio_test_usb.dir/__/__/lib/tinyusb/src/class/dfu/dfu_device.c.obj
LOAD CMakeFiles/pico_stdio_test_usb.dir/__/__/lib/tinyusb/src/class/dfu/dfu_rt_device.c.obj
LOAD CMakeFiles/pico_stdio_test_usb.dir/__/__/lib/tinyusb/src/class/hid/hid_device.c.obj
LOAD CMakeFiles/pico_stdio_test_usb.dir/__/__/lib/tinyusb/src/class/midi/midi_device.c.obj
LOAD CMakeFiles/pico_stdio_test_usb.dir/__/__/lib/tinyusb/src/class/msc/msc_device.c.obj
LOAD CMakeFiles/pico_stdio_test_usb.dir/__/__/lib/tinyusb/src/class/net/ecm_rndis_device.c.obj
LOAD CMakeFiles/pico_stdio_test_usb.dir/__/__/lib/tinyusb/src/class/net/ncm_device.c.obj
LOAD CMakeFiles/pico_stdio_test_usb.dir/__/__/lib/tinyusb/src/class/usbtmc/usbtmc_device.c.obj
LOAD CMakeFiles/pico_stdio_test_usb.dir/__/__/lib/tinyusb/src/class/vendor/vendor_device.c.obj
LOAD CMakeFiles/pico_stdio_test_usb.dir/__/__/lib/tinyusb/src/class/video/video_device.c.obj
LOAD CMakeFiles/pico_stdio_test_usb.dir/__/__/lib/tinyusb/src/tusb.c.obj
LOAD CMakeFiles/pico_stdio_test_usb.dir/__/__/lib/tinyusb/src/common/tusb_fifo.c.obj
LOAD CMakeFiles/pico_stdio_test_usb.dir/__/__/src/rp2_common/pico_fix/rp2040_usb_device_enumeration/rp2040_usb_device_enumeration.c.obj
LOAD CMakeFiles/pico_stdio_test_usb.dir/__/__/src/rp2_common/pico_multicore/multicore.c.obj
LOAD /tmp/ccIQPTZY.o
LOAD /usr/lib/gcc/arm-none-eabi/10.3.1/../../../arm-none-eabi/lib/thumb/v6-m/nofp/libstdc++.a
LOAD /usr/lib/gcc/arm-none-eabi/10.3.1/../../../arm-none-eabi/lib/thumb/v6-m/nofp/libm.a
START GROUP
LOAD /usr/lib/gcc/arm-none-eabi/10.3.1/thumb/v6-m/nofp/libgcc.a
LOAD /usr/lib/gcc/arm-none-eabi/10.3.1/../../../arm-none-eabi/lib/thumb/v6-m/nofp/libc.a
END GROUP
START GROUP
LOAD /usr/lib/gcc/arm-none-eabi/10.3.1/thumb/v6-m/nofp/libgcc.a
LOAD /usr/lib/gcc/arm-none-eabi/10.3.1/../../../arm-none-eabi/lib/thumb/v6-m/nofp/libc.a
LOAD /usr/lib/gcc/arm-none-eabi/10.3.1/../../../arm-none-eabi/lib/thumb/v6-m/nofp/libnosys.a
END GROUP
LOAD /usr/lib/gcc/arm-none-eabi/10.3.1/thumb/v6-m/nofp/crtend.o
LOAD /usr/lib/gcc/arm-none-eabi/10.3.1/thumb/v6-m/nofp/crtn.o
OUTPUT(pico_stdio_test_usb.elf elf32-littlearm)
LOAD linker stubs

.ARM.attributes
                0x0000000000000000       0x28
 .ARM.attributes
                0x0000000000000000       0x1e /usr/lib/gcc/arm-none-eabi/10.3.1/thumb/v6-m/nofp/crti.o
 .ARM.attributes
                0x000000000000001e       0x2c /usr/lib/gcc/arm-none-eabi/10.3.1/thumb/v6-m/nofp/crtbegin.o
 .ARM.attributes
                0x000000000000004a       0x2c CMakeFiles/pico_stdio_test_usb.dir/pico_stdio_test.c.obj
 .ARM.attributes
                0x0000000000000076       0x2c CMakeFiles/pico_stdio_test_usb.dir/__/__/src/rp2_common/pico_platform/platform.c.obj
 .ARM.attributes
                0x00000000000000a2       0x2c CMakeFiles/pico_stdio_test_usb.dir/__/__/src/rp2_common/hardware_claim/claim.c.obj
 .ARM.attributes
                0x00000000000000ce       0x2c CMakeFiles/pico_stdio_test_usb.dir/__/__/src/rp2_common/hardware_sync/sync.c.obj
 .ARM.attributes
                0x00000000000000fa       0x2c CMakeFiles/pico_stdio_test_usb.dir/__/__/src/rp2_common/hardware_irq/irq.c.obj
 .ARM.attributes
                0x0000000000000126       0x22 CMakeFiles/pico_stdio_test_usb.dir/__/__/src/rp2_common/hardware_irq/irq_handler_chain.S.obj
 .ARM.attributes
                0x0000000000000148       0x2c CMakeFiles/pico_stdio_test_usb.dir/__/__/src/common/pico_sync/lock_core.c.obj
 .ARM.attributes
                0x0000000000000174       0x2c CMakeFiles/pico_stdio_test_usb.dir/__/__/src/common/pico_sync/mutex.c.obj
 .ARM.attributes
                0x00000000000001a0       0x2c CMakeFiles/pico_stdio_test_usb.dir/__/__/src/common/pico_sync/critical_section.c.obj
 .ARM.attributes
                0x00000000000001cc       0x2c CMakeFiles/pico_stdio_test_usb.dir/__/__/src/common/pico_time/time.c.obj
 .ARM.attributes
                0x00000000000001f8       0x2c CMakeFiles/pico_stdio_test_usb.dir/__/__/src/rp2_common/hardware_timer/timer.c.obj
 .ARM.attributes
                0x0000000000000224       0x2c CMakeFiles/pico_stdio_test_usb.dir/__/__/src/common/pico_util/pheap.c.obj
 .ARM.attributes
                0x0000000000000250       0x2c CMakeFiles/pico_stdio_test_usb.dir/__/__/src/rp2_common/hardware_clocks/clocks.c.obj
 .ARM.attributes
                0x000000000000027c       0x2c CMakeFiles/pico_stdio_test_usb.dir/__/__/src/rp2_common/hardware_pll/pll.c.obj
 .ARM.attributes
                0x00000000000002a8       0x2c CMakeFiles/pico_stdio_test_usb.dir/__/__/src/rp2_common/hardware_watchdog/watchdog.c.obj
 .ARM.attributes
                0x00000000000002d4       0x2c CMakeFiles/pico_stdio_test_usb.dir/__/__/src/rp2_common/hardware_xosc/xosc.c.obj
 .ARM.attributes
                0x0000000000000300       0x2c CMakeFiles/pico_stdio_test_usb.dir/__/__/src/rp2_common/pico_runtime/runtime.c.obj
 .ARM.attributes
                0x000000000000032c       0x2c CMakeFiles/pico_stdio_test_usb.dir/__/__/src/rp2_common/pico_printf/printf.c.obj
 .ARM.attributes
                0x0000000000000358       0x22 CMakeFiles/pico_stdio_test_usb.dir/__/__/src/rp2_common/pico_bit_ops/bit_ops_aeabi.S.obj
 .ARM.attributes
                0x000000000000037a       0x2c CMakeFiles/pico_stdio_test_usb.dir/__/__/src/rp2_common/pico_bootrom/bootrom.c.obj
 .ARM.attributes
                0x00000000000003a6       0x22 CMakeFiles/pico_stdio_test_usb.dir/__/__/src/rp2_common/pico_divider/divider.S.obj
 .ARM.attributes
                0x00000000000003c8       0x22 CMakeFiles/pico_stdio_test_usb.dir/__/__/src/rp2_common/pico_double/double_aeabi.S.obj
 .ARM.attributes
                0x00000000000003ea       0x2c CMakeFiles/pico_stdio_test_usb.dir/__/__/src/rp2_common/pico_double/double_init_rom.c.obj
 .ARM.attributes
                0x0000000000000416       0x22 CMakeFiles/pico_stdio_test_usb.dir/__/__/src/rp2_common/pico_double/double_v1_rom_shim.S.obj
 .ARM.attributes
                0x0000000000000438       0x22 CMakeFiles/pico_stdio_test_usb.dir/__/__/src/rp2_common/pico_int64_ops/pico_int64_ops_aeabi.S.obj
 .ARM.attributes
                0x000000000000045a       0x22 CMakeFiles/pico_stdio_test_usb.dir/__/__/src/rp2_common/pico_float/float_aeabi.S.obj
 .ARM.attributes
                0x000000000000047c       0x2c CMakeFiles/pico_stdio_test_usb.dir/__/__/src/rp2_common/pico_float/float_init_rom.c.obj
 .ARM.attributes
                0x00000000000004a8       0x22 CMakeFiles/pico_stdio_test_usb.dir/__/__/src/rp2_common/pico_float/float_v1_rom_shim.S.obj
 .ARM.attributes
                0x00000000000004ca       0x2c CMakeFiles/pico_stdio_test_usb.dir/__/__/src/rp2_common/pico_malloc/pico_malloc.c.obj
 .ARM.attributes
                0x00000000000004f6       0x22 CMakeFiles/pico_stdio_test_usb.dir/__/__/src/rp2_common/pico_mem_ops/mem_ops_aeabi.S.obj
 .ARM.attributes
                0x0000000000000518       0x22 CMakeFiles/pico_stdio_test_usb.dir/__/__/src/rp2_common/pico_standard_link/crt0.S.obj
 .ARM.attributes
                0x000000000000053a       0x32 CMakeFiles/pico_stdio_test_usb.dir/__/__/src/rp2_common/pico_standard_link/binary_info.c.obj
 .ARM.attributes
                0x000000000000056c       0x2c CMakeFiles/pico_stdio_test_usb.dir/__/__/src/rp2_common/pico_stdio/stdio.c.obj
 .ARM.attributes
                0x0000000000000598       0x2c CMakeFiles/pico_stdio_test_usb.dir/__/__/src/rp2_common/pico_stdio_usb/reset_interface.c.obj
 .ARM.attributes
                0x00000000000005c4       0x2c CMakeFiles/pico_stdio_test_usb.dir/__/__/src/rp2_common/pico_stdio_usb/stdio_usb.c.obj
 .ARM.attributes
                0x00000000000005f0       0x2c CMakeFiles/pico_stdio_test_usb.dir/__/__/src/rp2_common/pico_stdio_usb/stdio_usb_descriptors.c.obj
 .ARM.attributes
                0x000000000000061c       0x2c CMakeFiles/pico_stdio_test_usb.dir/__/__/src/rp2_common/pico_unique_id/unique_id.c.obj
 .ARM.attributes
                0x0000000000000648       0x2c CMakeFiles/pico_stdio_test_usb.dir/__/__/src/rp2_common/hardware_flash/flash.c.obj
 .ARM.attributes
                0x0000000000000674       0x2c CMakeFiles/pico_stdio_test_usb.dir/__/__/lib/tinyusb/src/portable/raspberrypi/rp2040/dcd_rp2040.c.obj
 .ARM.attributes
                0x00000000000006a0       0x2c CMakeFiles/pico_stdio_test_usb.dir/__/__/lib/tinyusb/src/portable/raspberrypi/rp2040/rp2040_usb.c.obj
 .ARM.attributes
                0x00000000000006cc       0x2c CMakeFiles/pico_stdio_test_usb.dir/__/__/lib/tinyusb/src/device/usbd.c.obj
 .ARM.attributes
                0x00000000000006f8       0x2c CMakeFiles/pico_stdio_test_usb.dir/__/__/lib/tinyusb/src/device/usbd_control.c.obj
 .ARM.attributes
                0x0000000000000724       0x2c CMakeFiles/pico_stdio_test_usb.dir/__/__/lib/tinyusb/src/class/cdc/cdc_device.c.obj
 .ARM.attributes
                0x0000000000000750       0x2c CMakeFiles/pico_stdio_test_usb.dir/__/__/lib/tinyusb/src/tusb.c.obj
 .ARM.attributes
                0x000000000000077c       0x2c CMakeFiles/pico_stdio_test_usb.dir/__/__/lib/tinyusb/src/common/tusb_fifo.c.obj
 .ARM.attributes
                0x00000000000007a8       0x2c CMakeFiles/pico_stdio_test_usb.dir/__/__/src/rp2_common/pico_multicore/multicore.c.obj
 .ARM.attributes
                0x00000000000007d4       0x22 /tmp/ccIQPTZY.o
 .ARM.attributes
                0x00000000000007f6       0x1e /usr/lib/gcc/arm-none-eabi/10.3.1/thumb/v6-m/nofp/libgcc.a(_dvmd_tls.o)
 .ARM.attributes
                0x0000000000000814       0x2c /usr/lib/gcc/arm-none-eabi/10.3.1/../../../arm-none-eabi/lib/thumb/v6-m/nofp/libc.a(lib_a-strlen-stub.o)
 .ARM.attributes
                0x0000000000000840       0x2c /usr/lib/gcc/arm-none-eabi/10.3.1/thumb/v6-m/nofp/crtend.o

.comment        0x0000000000000000       0x33
 .comment       0x0000000000000000       0x33 /usr/lib/gcc/arm-none-eabi/10.3.1/thumb/v6-m/nofp/crtbegin.o
                                         0x34 (size before relaxing)