Archive member included to satisfy reference by file (symbol)

/usr/lib/gcc/arm-none-eabi/10.3.1/../../../arm-none-eabi/lib/thumb/v6-m/nofp/libm.a(lib_a-sf_cos.o)
                              CMakeFiles/pico_float_test.dir/pico_float_test.c.obj (cosf)
/usr/lib/gcc/arm-none-eabi/10.3.1/../../../arm-none-eabi/lib/thumb/v6-m/nofp/libm.a(lib_a-sf_ldexp.o)
                              CMakeFiles/pico_float_test.dir/pico_float_test.c.obj (ldexpf)
/usr/lib/gcc/arm-none-eabi/10.3.1/../../../arm-none-eabi/lib/thumb/v6-m/nofp/libm.a(lib_a-sf_scalbn.o)
                              /usr/lib/gcc/arm-none-eabi/10.3.1/../../../arm-none-eabi/lib/thumb/v6-m/nofp/libm.a(lib_a-sf_ldexp.o) (scalbnf)
/usr/lib/gcc/arm-none-eabi/10.3.1/../../../arm-none-eabi/lib/thumb/v6-m/nofp/libm.a(lib_a-sf_sin.o)
                              CMakeFiles/pico_float_test.dir/pico_float_test.c.obj (sinf)
/usr/lib/gcc/arm-none-eabi/10.3.1/../../../arm-none-eabi/lib/thumb/v6-m/nofp/libm.a(lib_a-sf_tan.o)
                              CMakeFiles/pico_float_test.dir/pico_float_test.c.obj (tanf)
/usr/lib/gcc/arm-none-eabi/10.3.1/../../../arm-none-eabi/lib/thumb/v6-m/nofp/libm.a(lib_a-sf_trunc.o)
                              CMakeFiles/pico_float_test.dir/pico_float_test.c.obj (truncf)
/usr/lib/gcc/arm-none-eabi/10.3.1/../../../arm-none-eabi/lib/thumb/v6-m/nofp/libm.a(lib_a-wf_atan2.o)
                              CMakeFiles/pico_float_test.dir/pico_float_test.c.obj (atan2f)
/usr/lib/gcc/arm-none-eabi/10.3.1/../../../arm-none-eabi/lib/thumb/v6-m/nofp/libm.a(lib_a-wf_exp.o)
                              CMakeFiles/pico_float_test.dir/pico_float_test.c.obj (expf)
/usr/lib/gcc/arm-none-eabi/10.3.1/../../../arm-none-eabi/lib/thumb/v6-m/nofp/libm.a(lib_a-wf_fmod.o)
                              CMakeFiles/pico_float_test.dir/pico_float_test.c.obj (fmodf)
/usr/lib/gcc/arm-none-eabi/10.3.1/../../../arm-none-eabi/lib/thumb/v6-m/nofp/libm.a(lib_a-wf_log.o)
                              CMakeFiles/pico_float_test.dir/pico_float_test.c.obj (logf)
/usr/lib/gcc/arm-none-eabi/10.3.1/../../../arm-none-eabi/lib/thumb/v6-m/nofp/libm.a(lib_a-wf_pow.o)
                              CMakeFiles/pico_float_test.dir/pico_float_test.c.obj (powf)
/usr/lib/gcc/arm-none-eabi/10.3.1/../../../arm-none-eabi/lib/thumb/v6-m/nofp/libm.a(lib_a-wf_sqrt.o)
                              CMakeFiles/pico_float_test.dir/pico_float_test.c.obj (sqrtf)
/usr/lib/gcc/arm-none-eabi/10.3.1/../../../arm-none-eabi/lib/thumb/v6-m/nofp/libm.a(lib_a-ef_atan2.o)
                              /usr/lib/gcc/arm-none-eabi/10.3.1/../../../arm-none-eabi/lib/thumb/v6-m/nofp/libm.a(lib_a-wf_atan2.o) (__ieee754_atan2f)
/usr/lib/gcc/arm-none-eabi/10.3.1/../../../arm-none-eabi/lib/thumb/v6-m/nofp/libm.a(lib_a-ef_exp.o)
                              /usr/lib/gcc/arm-none-eabi/10.3.1/../../../arm-none-eabi/lib/thumb/v6-m/nofp/libm.a(lib_a-wf_exp.o) (__ieee754_expf)
/usr/lib/gcc/arm-none-eabi/10.3.1/../../../arm-none-eabi/lib/thumb/v6-m/nofp/libm.a(lib_a-ef_fmod.o)
                              /usr/lib/gcc/arm-none-eabi/10.3.1/../../../arm-none-eabi/lib/thumb/v6-m/nofp/libm.a(lib_a-wf_fmod.o) (__ieee754_fmodf)
/usr/lib/gcc/arm-none-eabi/10.3.1/../../../arm-none-eabi/lib/thumb/v6-m/nofp/libm.a(lib_a-ef_log.o)
                              /usr/lib/gcc/arm-none-eabi/10.3.1/../../../arm-none-eabi/lib/thumb/v6-m/nofp/libm.a(lib_a-wf_log.o) (__ieee754_logf)
/usr/lib/gcc/arm-none-eabi/10.3.1/../../../arm-none-eabi/lib/thumb/v6-m/nofp/libm.a(lib_a-ef_pow.o)
                              /usr/lib/gcc/arm-none-eabi/10.3.1/../../../arm-none-eabi/lib/thumb/v6-m/nofp/libm.a(lib_a-wf_pow.o) (__ieee754_powf)
/usr/lib/gcc/arm-none-eabi/10.3.1/../../../arm-none-eabi/lib/thumb/v6-m/nofp/libm.a(lib_a-ef_rem_pio2.o)
                              /usr/lib/gcc/arm-none-eabi/10.3.1/../../../arm-none-eabi/lib/thumb/v6-m/nofp/libm.a(lib_a-sf_cos.o) (__ieee754_rem_pio2f)
/usr/lib/gcc/arm-none-eabi/10.3.1/../../../arm-none-eabi/lib/thumb/v6-m/nofp/libm.a(lib_a-ef_sqrt.o)
                              /usr/lib/gcc/arm-none-eabi/10.3.1/../../../arm-none-eabi/lib/thumb/v6-m/nofp/libm.a(lib_a-wf_sqrt.o) (__ieee754_sqrtf)
/usr/lib/gcc/arm-none-eabi/10.3.1/../../../arm-none-eabi/lib/thumb/v6-m/nofp/libm.a(lib_a-kf_cos.o)
                              /usr/lib/gcc/arm-none-eabi/10.3.1/../../../arm-none-eabi/lib/thumb/v6-m/nofp/libm.a(lib_a-sf_cos.o) (__kernel_cosf)
/usr/lib/gcc/arm-none-eabi/10.3.1/../../../arm-none-eabi/lib/thumb/v6-m/nofp/libm.a(lib_a-kf_rem_pio2.o)
                              /usr/lib/gcc/arm-none-eabi/10.3.1/../../../arm-none-eabi/lib/thumb/v6-m/nofp/libm.a(lib_a-ef_rem_pio2.o) (__kernel_rem_pio2f)
/usr/lib/gcc/arm-none-eabi/10.3.1/../../../arm-none-eabi/lib/thumb/v6-m/nofp/libm.a(lib_a-kf_sin.o)
                              /usr/lib/gcc/arm-none-eabi/10.3.1/../../../arm-none-eabi/lib/thumb/v6-m/nofp/libm.a(lib_a-sf_cos.o) (__kernel_sinf)
[...]
Memory Configuration

Name             Origin             Length             Attributes
FLASH            0x0000000010000000 0x0000000000200000 xr
RAM              0x0000000020000000 0x0000000000040000 xrw
SCRATCH_X        0x0000000020040000 0x0000000000001000 xrw
SCRATCH_Y        0x0000000020041000 0x0000000000001000 xrw
*default*        0x0000000000000000 0xffffffffffffffff

Linker script and memory map

LOAD /usr/lib/gcc/arm-none-eabi/10.3.1/thumb/v6-m/nofp/crti.o
LOAD /usr/lib/gcc/arm-none-eabi/10.3.1/thumb/v6-m/nofp/crtbegin.o
LOAD /usr/lib/gcc/arm-none-eabi/10.3.1/../../../arm-none-eabi/lib/thumb/v6-m/nofp/crt0.o

.flash_begin    0x0000000010000000        0x0
                0x0000000010000000                __flash_binary_start = .

.boot2          0x0000000010000000      0x100
                0x0000000010000000                __boot2_start__ = .
 *(.boot2)
 .boot2         0x0000000010000000      0x100 /tmp/ccAaMQaD.o
                0x0000000010000100                __boot2_end__ = .
                0x0000000000000001                ASSERT (((__boot2_end__ - __boot2_start__) == 0x100), ERROR: Pico second stage bootloader must be 256 bytes in size)

.text           0x0000000010000100     0x70e8
                0x0000000010000100                __logical_binary_start = .
 *(.vectors)
 .vectors       0x0000000010000100       0xd4 CMakeFiles/pico_float_test.dir/__/__/src/rp2_common/pico_standard_link/crt0.S.obj
                0x0000000010000100                __vectors
                0x0000000010000100                __VECTOR_TABLE
                0x00000000100001c0                isr_invalid
                0x00000000100001c0                __default_isrs_start
                0x00000000100001c2                isr_nmi
                0x00000000100001c4                isr_hardfault
                0x00000000100001c6                isr_svcall
                0x00000000100001c8                isr_pendsv
                0x00000000100001ca                isr_systick
                0x00000000100001cc                isr_irq30
                0x00000000100001cc                __unhandled_user_irq
                0x00000000100001cc                isr_irq13
                0x00000000100001cc                isr_irq27
                0x00000000100001cc                isr_irq31
                0x00000000100001cc                isr_irq5
                0x00000000100001cc                isr_irq11
                0x00000000100001cc                isr_irq23
                0x00000000100001cc                isr_irq18
                0x00000000100001cc                isr_irq28
                0x00000000100001cc                isr_irq19
                0x00000000100001cc                isr_irq0
                0x00000000100001cc                isr_irq6
                0x00000000100001cc                isr_irq22
                0x00000000100001cc                isr_irq17
                0x00000000100001cc                isr_irq14
                0x00000000100001cc                isr_irq2
                0x00000000100001cc                isr_irq10
                0x00000000100001cc                isr_irq8
                0x00000000100001cc                isr_irq24
                0x00000000100001cc                isr_irq1
                0x00000000100001cc                isr_irq7
                0x00000000100001cc                isr_irq21
                0x00000000100001cc                isr_irq20
                0x00000000100001cc                isr_irq15
                0x00000000100001cc                isr_irq25
                0x00000000100001cc                isr_irq4
                0x00000000100001cc                isr_irq16
                0x00000000100001cc                isr_irq29
                0x00000000100001cc                isr_irq26
                0x00000000100001cc                __default_isrs_end
                0x00000000100001cc                isr_irq3
                0x00000000100001cc                isr_irq12
                0x00000000100001cc                isr_irq9
                0x00000000100001d2                unhandled_user_irq_num_in_r0
 *(.binary_info_header)
 .binary_info_header
                0x00000000100001d4       0x14 CMakeFiles/pico_float_test.dir/__/__/src/rp2_common/pico_standard_link/crt0.S.obj
                0x00000000100001e8                __binary_info_header_end = .
 *(.reset)
 .reset         0x00000000100001e8       0xa0 CMakeFiles/pico_float_test.dir/__/__/src/rp2_common/pico_standard_link/crt0.S.obj
                0x00000000100001e8                _entry_point
 .reset         0x0000000010000288       0x30 CMakeFiles/pico_float_test.dir/__/__/src/rp2_common/pico_standard_link/binary_info.c.obj
 *(.init)
 .init          0x00000000100002b8        0x4 /usr/lib/gcc/arm-none-eabi/10.3.1/thumb/v6-m/nofp/crti.o
                0x00000000100002b8                _init
 *(EXCLUDE_FILE(*libm.a: *libc.a:*lib_a-mem*.o *libgcc.a:) .text*)
 .text          0x00000000100002bc       0x98 /usr/lib/gcc/arm-none-eabi/10.3.1/thumb/v6-m/nofp/crtbegin.o
 .text.test__aeabi_cfcmpeq
                0x0000000010000354       0x58 CMakeFiles/pico_float_test.dir/pico_float_test.c.obj
                0x0000000010000354                test__aeabi_cfcmpeq
 .text.test_cfcmpeq
                0x00000000100003ac      0x278 CMakeFiles/pico_float_test.dir/pico_float_test.c.obj
                0x00000000100003ac                test_cfcmpeq
 .text.test_fcmple_gt
                0x0000000010000624       0xa8 CMakeFiles/pico_float_test.dir/pico_float_test.c.obj
                0x0000000010000624                test_fcmple_gt
 .text.test_fcmplt_ge
                0x00000000100006cc       0xa8 CMakeFiles/pico_float_test.dir/pico_float_test.c.obj
                0x00000000100006cc                test_fcmplt_ge
 .text.test__aeabi_cfcmple
                0x0000000010000774      0x148 CMakeFiles/pico_float_test.dir/pico_float_test.c.obj
                0x0000000010000774                test__aeabi_cfcmple
 .text.test_cfcmple
                0x00000000100008bc      0x180 CMakeFiles/pico_float_test.dir/pico_float_test.c.obj
                0x00000000100008bc                test_cfcmple
 .text.test_cmple_gt
                0x0000000010000a3c       0x2c CMakeFiles/pico_float_test.dir/pico_float_test.c.obj
                0x0000000010000a3c                test_cmple_gt
 .text.test_cmplt_ge
                0x0000000010000a68       0x2c CMakeFiles/pico_float_test.dir/pico_float_test.c.obj
                0x0000000010000a68                test_cmplt_ge
 .text.test_fcmpun
                0x0000000010000a94       0xf0 CMakeFiles/pico_float_test.dir/pico_float_test.c.obj
                0x0000000010000a94                test_fcmpun
 .text.startup.main
                0x0000000010000b84      0xab4 CMakeFiles/pico_float_test.dir/pico_float_test.c.obj
                0x0000000010000b84                main
 .text          0x0000000010001638       0x18 CMakeFiles/pico_float_test.dir/llvm/call_apsr.S.obj
                0x0000000010001638                call_apsr_f
                0x0000000010001642                call_apsr_d
 .text.__wrap___aeabi_farithmetic
                0x0000000010001650       0x48 CMakeFiles/pico_float_test.dir/__/__/src/rp2_common/pico_float/float_aeabi.S.obj
                0x0000000010001650                __wrap___aeabi_frsub
                0x0000000010001656                __wrap___aeabi_fsub
                0x000000001000165c                __wrap___aeabi_fadd
                0x0000000010001662                __wrap___aeabi_fdiv
                0x000000001000168a                __wrap___aeabi_fmul
 .text.__wrap___aeabi_cfcmple
                0x0000000010001698       0x50 CMakeFiles/pico_float_test.dir/__/__/src/rp2_common/pico_float/float_aeabi.S.obj
                0x0000000010001698                __wrap___aeabi_cfrcmple
                0x00000000100016a4                __wrap___aeabi_cfcmpeq
                0x00000000100016a4                __wrap___aeabi_cfcmple
 .text.__wrap___aeabi_fcmpeq
                0x00000000100016e8       0x10 CMakeFiles/pico_float_test.dir/__/__/src/rp2_common/pico_float/float_aeabi.S.obj
                0x00000000100016e8                __wrap___aeabi_fcmpeq
 .text.__wrap___aeabi_fcmplt
                0x00000000100016f8        0xc CMakeFiles/pico_float_test.dir/__/__/src/rp2_common/pico_float/float_aeabi.S.obj
                0x00000000100016f8                __wrap___aeabi_fcmplt
 .text.__wrap___aeabi_fcmple
                0x0000000010001704       0x10 CMakeFiles/pico_float_test.dir/__/__/src/rp2_common/pico_float/float_aeabi.S.obj
                0x0000000010001704                __wrap___aeabi_fcmple
 .text.__wrap___aeabi_fcmpge
                0x0000000010001714       0x10 CMakeFiles/pico_float_test.dir/__/__/src/rp2_common/pico_float/float_aeabi.S.obj
                0x0000000010001714                __wrap___aeabi_fcmpge
 .text.__wrap___aeabi_fcmpgt
                0x0000000010001724        0xa CMakeFiles/pico_float_test.dir/__/__/src/rp2_common/pico_float/float_aeabi.S.obj
                0x0000000010001724                __wrap___aeabi_fcmpgt
 .text.__wrap___aeabi_fcmpun
                0x000000001000172e       0x18 CMakeFiles/pico_float_test.dir/__/__/src/rp2_common/pico_float/float_aeabi.S.obj
                0x000000001000172e                __wrap___aeabi_fcmpun
 .text.__wrap___aeabi_ui2f
                0x0000000010001746        0xa CMakeFiles/pico_float_test.dir/__/__/src/rp2_common/pico_float/float_aeabi.S.obj
                0x0000000010001746                __wrap___aeabi_ui2f
 .text.__wrap___aeabi_i2f
                0x0000000010001750       0x44 CMakeFiles/pico_float_test.dir/__/__/src/rp2_common/pico_float/float_aeabi.S.obj
                0x0000000010001750                __wrap___aeabi_i2f
 .text.__wrap___aeabi_f2iz
                0x0000000010001794       0x4e CMakeFiles/pico_float_test.dir/__/__/src/rp2_common/pico_float/float_aeabi.S.obj
                0x0000000010001794                __wrap___aeabi_f2iz
                0x0000000010001794                float2int_z
 *fill*         0x00000000100017e2        0x2 
 .text.float2int
                0x00000000100017e4       0x14 CMakeFiles/pico_float_test.dir/__/__/src/rp2_common/pico_float/float_aeabi.S.obj
                0x00000000100017e4                float2int
 .text.__wrap___aeabi_f2uiz
                0x00000000100017f8        0xc CMakeFiles/pico_float_test.dir/__/__/src/rp2_common/pico_float/float_aeabi.S.obj
                0x00000000100017f8                __wrap___aeabi_f2uiz
 .text.fix2float
                0x0000000010001804        0xc CMakeFiles/pico_float_test.dir/__/__/src/rp2_common/pico_float/float_aeabi.S.obj
                0x0000000010001804                fix2float
 .text.__wrap___aeabi_l2f
                0x0000000010001810       0x20 CMakeFiles/pico_float_test.dir/__/__/src/rp2_common/pico_float/float_aeabi.S.obj
                0x0000000010001814                __wrap___aeabi_l2f
 .text.__wrap___aeabi_f2lz
                0x0000000010001830       0x26 CMakeFiles/pico_float_test.dir/__/__/src/rp2_common/pico_float/float_aeabi.S.obj
                0x0000000010001830                float2int64_z
                0x0000000010001830                __wrap___aeabi_f2lz
 *fill*         0x0000000010001856        0x2 
 .text.float2int64
                0x0000000010001858       0x14 CMakeFiles/pico_float_test.dir/__/__/src/rp2_common/pico_float/float_aeabi.S.obj
                0x0000000010001858                float2int64
 .text.__wrap___aeabi_f2ulz
                0x000000001000186c       0x14 CMakeFiles/pico_float_test.dir/__/__/src/rp2_common/pico_float/float_aeabi.S.obj
                0x000000001000186c                __wrap___aeabi_f2ulz
 .text.float2ufix64
                0x0000000010001880       0x14 CMakeFiles/pico_float_test.dir/__/__/src/rp2_common/pico_float/float_aeabi.S.obj
                0x0000000010001880                float2ufix64
 .text.__wrap___aeabi_f2d
                0x0000000010001894       0x14 CMakeFiles/pico_float_test.dir/__/__/src/rp2_common/pico_float/float_aeabi.S.obj
                0x0000000010001894                __wrap___aeabi_f2d
 .text.__wrap_sqrtf
                0x00000000100018a8       0x20 CMakeFiles/pico_float_test.dir/__/__/src/rp2_common/pico_float/float_aeabi.S.obj
                0x00000000100018a8                __wrap_sqrtf
 .text.__wrap_cosf
                0x00000000100018c8       0x24 CMakeFiles/pico_float_test.dir/__/__/src/rp2_common/pico_float/float_aeabi.S.obj
                0x00000000100018c8                __wrap_cosf
 .text.__wrap_sinf
                0x00000000100018ec       0x24 CMakeFiles/pico_float_test.dir/__/__/src/rp2_common/pico_float/float_aeabi.S.obj
                0x00000000100018ec                __wrap_sinf
 .text.__wrap_sincosf
                0x0000000010001910       0x30 CMakeFiles/pico_float_test.dir/__/__/src/rp2_common/pico_float/float_aeabi.S.obj
                0x0000000010001910                __wrap_sincosf
 .text.__wrap_tanf
                0x0000000010001940       0x4c CMakeFiles/pico_float_test.dir/__/__/src/rp2_common/pico_float/float_aeabi.S.obj
                0x0000000010001940                __wrap_tanf
 .text.__wrap_atan2f
                0x000000001000198c       0x14 CMakeFiles/pico_float_test.dir/__/__/src/rp2_common/pico_float/float_aeabi.S.obj
                0x000000001000198c                __wrap_atan2f
 .text.__wrap_expf
                0x00000000100019a0        0xc CMakeFiles/pico_float_test.dir/__/__/src/rp2_common/pico_float/float_aeabi.S.obj
                0x00000000100019a0                __wrap_expf
 .text.__wrap_logf
                0x00000000100019ac        0xc CMakeFiles/pico_float_test.dir/__/__/src/rp2_common/pico_float/float_aeabi.S.obj
                0x00000000100019ac                __wrap_logf
 .text.__aeabi_float_init
                0x00000000100019b8       0x64 CMakeFiles/pico_float_test.dir/__/__/src/rp2_common/pico_float/float_init_rom.c.obj
                0x00000000100019b8                __aeabi_float_init
 .text.fpow_int2
                0x0000000010001a1c       0xd4 CMakeFiles/pico_float_test.dir/__/__/src/rp2_common/pico_float/float_math.c.obj
 .text.fpow_0   0x0000000010001af0       0xf8 CMakeFiles/pico_float_test.dir/__/__/src/rp2_common/pico_float/float_math.c.obj
 .text.__wrap_ldexpf
                0x0000000010001be8       0x30 CMakeFiles/pico_float_test.dir/__/__/src/rp2_common/pico_float/float_math.c.obj
                0x0000000010001be8                __wrap_ldexpf
 .text.__wrap_truncf
                0x0000000010001c18       0x20 CMakeFiles/pico_float_test.dir/__/__/src/rp2_common/pico_float/float_math.c.obj
                0x0000000010001c18                __wrap_truncf
 .text.__wrap_floorf
                0x0000000010001c38       0x40 CMakeFiles/pico_float_test.dir/__/__/src/rp2_common/pico_float/float_math.c.obj
                0x0000000010001c38                __wrap_floorf
 .text.__wrap_atanf
                0x0000000010001c78       0x2c CMakeFiles/pico_float_test.dir/__/__/src/rp2_common/pico_float/float_math.c.obj
                0x0000000010001c78                __wrap_atanf
 .text.__wrap_powf
                0x0000000010001ca4      0x1ac CMakeFiles/pico_float_test.dir/__/__/src/rp2_common/pico_float/float_math.c.obj
                0x0000000010001ca4                __wrap_powf
 .text.__wrap_fmodf
                0x0000000010001e50       0xbc CMakeFiles/pico_float_test.dir/__/__/src/rp2_common/pico_float/float_math.c.obj
                0x0000000010001e50                __wrap_fmodf
 .text.__wrap_remquof
                0x0000000010001f0c      0x14c CMakeFiles/pico_float_test.dir/__/__/src/rp2_common/pico_float/float_math.c.obj
                0x0000000010001f0c                __wrap_remquof
 .text.__wrap_remainderf
                0x0000000010002058        0xc CMakeFiles/pico_float_test.dir/__/__/src/rp2_common/pico_float/float_math.c.obj
                0x0000000010002058                __wrap_remainderf
 .text.float_table_shim_on_use_helper
                0x0000000010002064       0x2c CMakeFiles/pico_float_test.dir/__/__/src/rp2_common/pico_float/float_v1_rom_shim.S.obj
                0x0000000010002064                float_table_shim_on_use_helper
 .text.642float_shims
                0x0000000010002090       0x44 CMakeFiles/pico_float_test.dir/__/__/src/rp2_common/pico_float/float_v1_rom_shim.S.obj
                0x0000000010002090                uint642float_shim
                0x0000000010002092                ufix642float_shim
                0x00000000100020a2                int642float_shim
                0x00000000100020a4                fix642float_shim
 .text.fatan2_shim
                0x00000000100020d4       0x88 CMakeFiles/pico_float_test.dir/__/__/src/rp2_common/pico_float/float_v1_rom_shim.S.obj
                0x00000000100020d4                fatan2_shim
 .text.float232_shims
                0x000000001000215c       0x18 CMakeFiles/pico_float_test.dir/__/__/src/rp2_common/pico_float/float_v1_rom_shim.S.obj
                0x000000001000215c                float2int_shim
                0x000000001000215e                float2fix_shim
 .text.float264_shims
                0x0000000010002174       0x4c CMakeFiles/pico_float_test.dir/__/__/src/rp2_common/pico_float/float_v1_rom_shim.S.obj
                0x0000000010002174                float2int64_shim
                0x0000000010002176                float2fix64_shim
                0x000000001000217e                float2uint64_shim
                0x0000000010002180                float2ufix64_shim
 .text.d2fix_a_float
                0x00000000100021c0       0x5c CMakeFiles/pico_float_test.dir/__/__/src/rp2_common/pico_float/float_v1_rom_shim.S.obj
                0x00000000100021c0                d2fix_a
 .text.float2double_shim
                0x000000001000221c       0x30 CMakeFiles/pico_float_test.dir/__/__/src/rp2_common/pico_float/float_v1_rom_shim.S.obj
                0x000000001000221c                float2double_shim
 .text.rom_func_lookup
                0x000000001000224c       0x10 CMakeFiles/pico_float_test.dir/__/__/src/rp2_common/pico_bootrom/bootrom.c.obj
                0x000000001000224c                rom_func_lookup
 .text.rom_data_lookup
                0x000000001000225c       0x10 CMakeFiles/pico_float_test.dir/__/__/src/rp2_common/pico_bootrom/bootrom.c.obj
                0x000000001000225c                rom_data_lookup
 .text.rom_funcs_lookup
                0x000000001000226c       0x44 CMakeFiles/pico_float_test.dir/__/__/src/rp2_common/pico_bootrom/bootrom.c.obj
                0x000000001000226c                rom_funcs_lookup
 .text.setup_default_uart
                0x00000000100022b0        0x8 CMakeFiles/pico_float_test.dir/__/__/src/rp2_common/pico_stdlib/stdlib.c.obj
                0x00000000100022b0                setup_default_uart
 .text.gpio_set_function
                0x00000000100022b8       0x30 CMakeFiles/pico_float_test.dir/__/__/src/rp2_common/hardware_gpio/gpio.c.obj
                0x00000000100022b8                gpio_set_function
 .text.running_on_fpga
                0x00000000100022e8       0x10 CMakeFiles/pico_float_test.dir/__/__/src/rp2_common/pico_platform/platform.c.obj
                0x00000000100022e8                running_on_fpga
 .text.hw_claim_or_assert
                0x00000000100022f8       0x44 CMakeFiles/pico_float_test.dir/__/__/src/rp2_common/hardware_claim/claim.c.obj
                0x00000000100022f8                hw_claim_or_assert
 .text.spin_locks_reset
                0x000000001000233c       0x1c CMakeFiles/pico_float_test.dir/__/__/src/rp2_common/hardware_sync/sync.c.obj
                0x000000001000233c                spin_locks_reset
 .text.next_striped_spin_lock_num
                0x0000000010002358       0x18 CMakeFiles/pico_float_test.dir/__/__/src/rp2_common/hardware_sync/sync.c.obj
                0x0000000010002358                next_striped_spin_lock_num
 .text.irq_set_enabled
                0x0000000010002370       0x24 CMakeFiles/pico_float_test.dir/__/__/src/rp2_common/hardware_irq/irq.c.obj
                0x0000000010002370                irq_set_enabled
 .text.irq_get_vtable_handler
                0x0000000010002394       0x10 CMakeFiles/pico_float_test.dir/__/__/src/rp2_common/hardware_irq/irq.c.obj
                0x0000000010002394                irq_get_vtable_handler
 .text.irq_set_exclusive_handler
                0x00000000100023a4       0x54 CMakeFiles/pico_float_test.dir/__/__/src/rp2_common/hardware_irq/irq.c.obj
                0x00000000100023a4                irq_set_exclusive_handler
 .text.irq_remove_handler
                0x00000000100023f8      0x1b0 CMakeFiles/pico_float_test.dir/__/__/src/rp2_common/hardware_irq/irq.c.obj
                0x00000000100023f8                irq_remove_handler
 .text.irq_add_tail_to_free_list
                0x00000000100025a8       0xb4 CMakeFiles/pico_float_test.dir/__/__/src/rp2_common/hardware_irq/irq.c.obj
                0x00000000100025a8                irq_add_tail_to_free_list
 .text.irq_init_priorities
                0x000000001000265c       0x24 CMakeFiles/pico_float_test.dir/__/__/src/rp2_common/hardware_irq/irq.c.obj
                0x000000001000265c                irq_init_priorities
 .text.lock_init
                0x0000000010002680       0x10 CMakeFiles/pico_float_test.dir/__/__/src/common/pico_sync/lock_core.c.obj
                0x0000000010002680                lock_init
 .text.mutex_init
                0x0000000010002690       0x1c CMakeFiles/pico_float_test.dir/__/__/src/common/pico_sync/mutex.c.obj
                0x0000000010002690                mutex_init
 .text.recursive_mutex_init
                0x00000000100026ac       0x1c CMakeFiles/pico_float_test.dir/__/__/src/common/pico_sync/mutex.c.obj
                0x00000000100026ac                recursive_mutex_init
 .text.timer_pool_entry_comparator
                0x00000000100026c8       0x34 CMakeFiles/pico_float_test.dir/__/__/src/common/pico_time/time.c.obj
                0x00000000100026c8                timer_pool_entry_comparator
 .text.sleep_until_callback
                0x00000000100026fc       0x30 CMakeFiles/pico_float_test.dir/__/__/src/common/pico_time/time.c.obj
 .text.add_alarm_under_lock.isra.0
                0x000000001000272c      0x100 CMakeFiles/pico_float_test.dir/__/__/src/common/pico_time/time.c.obj
 .text.alarm_pool_alarm_callback
                0x000000001000282c      0x1bc CMakeFiles/pico_float_test.dir/__/__/src/common/pico_time/time.c.obj
 .text.alarm_pool_init_default
                0x00000000100029e8       0x6c CMakeFiles/pico_float_test.dir/__/__/src/common/pico_time/time.c.obj
                0x00000000100029e8                alarm_pool_init_default
 .text.alarm_pool_add_alarm_at
                0x0000000010002a54      0x178 CMakeFiles/pico_float_test.dir/__/__/src/common/pico_time/time.c.obj
                0x0000000010002a54                alarm_pool_add_alarm_at
 .text.best_effort_wfe_or_timeout
                0x0000000010002bcc       0xd4 CMakeFiles/pico_float_test.dir/__/__/src/common/pico_time/time.c.obj
                0x0000000010002bcc                best_effort_wfe_or_timeout
 .text.hardware_alarm_irq_handler
                0x0000000010002ca0       0xbc CMakeFiles/pico_float_test.dir/__/__/src/rp2_common/hardware_timer/timer.c.obj
 .text.hardware_alarm_claim
                0x0000000010002d5c       0x18 CMakeFiles/pico_float_test.dir/__/__/src/rp2_common/hardware_timer/timer.c.obj
                0x0000000010002d5c                hardware_alarm_claim
 .text.time_us_64
                0x0000000010002d74       0x14 CMakeFiles/pico_float_test.dir/__/__/src/rp2_common/hardware_timer/timer.c.obj
                0x0000000010002d74                time_us_64
 .text.busy_wait_us
                0x0000000010002d88       0x54 CMakeFiles/pico_float_test.dir/__/__/src/rp2_common/hardware_timer/timer.c.obj
                0x0000000010002d88                busy_wait_us
 .text.hardware_alarm_set_callback
                0x0000000010002ddc       0x8c CMakeFiles/pico_float_test.dir/__/__/src/rp2_common/hardware_timer/timer.c.obj
                0x0000000010002ddc                hardware_alarm_set_callback
 .text.hardware_alarm_set_target
                0x0000000010002e68       0xd4 CMakeFiles/pico_float_test.dir/__/__/src/rp2_common/hardware_timer/timer.c.obj
                0x0000000010002e68                hardware_alarm_set_target
 .text.hardware_alarm_cancel
                0x0000000010002f3c       0x3c CMakeFiles/pico_float_test.dir/__/__/src/rp2_common/hardware_timer/timer.c.obj
                0x0000000010002f3c                hardware_alarm_cancel
 .text.ph_merge_nodes
                0x0000000010002f78       0x68 CMakeFiles/pico_float_test.dir/__/__/src/common/pico_util/pheap.c.obj
 .text.ph_post_alloc_init
                0x0000000010002fe0       0x3c CMakeFiles/pico_float_test.dir/__/__/src/common/pico_util/pheap.c.obj
                0x0000000010002fe0                ph_post_alloc_init
 .text.ph_merge_two_pass
                0x000000001000301c       0x90 CMakeFiles/pico_float_test.dir/__/__/src/common/pico_util/pheap.c.obj
                0x000000001000301c                ph_merge_two_pass
 .text.ph_remove_any_head
                0x00000000100030ac      0x100 CMakeFiles/pico_float_test.dir/__/__/src/common/pico_util/pheap.c.obj
 .text.ph_remove_head
                0x00000000100031ac      0x104 CMakeFiles/pico_float_test.dir/__/__/src/common/pico_util/pheap.c.obj
                0x00000000100031ac                ph_remove_head
 .text.ph_remove_and_free_node
                0x00000000100032b0       0x7c CMakeFiles/pico_float_test.dir/__/__/src/common/pico_util/pheap.c.obj
                0x00000000100032b0                ph_remove_and_free_node
 .text.uart_init
                0x000000001000332c      0x188 CMakeFiles/pico_float_test.dir/__/__/src/rp2_common/hardware_uart/uart.c.obj
                0x000000001000332c                uart_init
 .text.clocks_init
                0x00000000100034b4      0x2d0 CMakeFiles/pico_float_test.dir/__/__/src/rp2_common/hardware_clocks/clocks.c.obj
                0x00000000100034b4                clocks_init
 .text.clock_get_hz
                0x0000000010003784        0xc CMakeFiles/pico_float_test.dir/__/__/src/rp2_common/hardware_clocks/clocks.c.obj
                0x0000000010003784                clock_get_hz
 .text.pll_init
                0x0000000010003790       0xa0 CMakeFiles/pico_float_test.dir/__/__/src/rp2_common/hardware_pll/pll.c.obj
                0x0000000010003790                pll_init
 .text.watchdog_start_tick
                0x0000000010003830       0x10 CMakeFiles/pico_float_test.dir/__/__/src/rp2_common/hardware_watchdog/watchdog.c.obj
                0x0000000010003830                watchdog_start_tick
 .text.xosc_init
                0x0000000010003840       0x28 CMakeFiles/pico_float_test.dir/__/__/src/rp2_common/hardware_xosc/xosc.c.obj
                0x0000000010003840                xosc_init
 .text.runtime_init
                0x0000000010003868       0xf0 CMakeFiles/pico_float_test.dir/__/__/src/rp2_common/pico_runtime/runtime.c.obj
                0x0000000010003868                runtime_init
 .text._exit    0x0000000010003958        0x4 CMakeFiles/pico_float_test.dir/__/__/src/rp2_common/pico_runtime/runtime.c.obj
                0x0000000010003958                _exit
 .text.exit     0x000000001000395c        0x8 CMakeFiles/pico_float_test.dir/__/__/src/rp2_common/pico_runtime/runtime.c.obj
                0x000000001000395c                exit
 .text.panic    0x0000000010003964       0x30 CMakeFiles/pico_float_test.dir/__/__/src/rp2_common/pico_runtime/runtime.c.obj
                0x0000000010003964                panic
 .text.hard_assertion_failure
                0x0000000010003994        0xc CMakeFiles/pico_float_test.dir/__/__/src/rp2_common/pico_runtime/runtime.c.obj
                0x0000000010003994                hard_assertion_failure
 .text._out_null
                0x00000000100039a0        0x4 CMakeFiles/pico_float_test.dir/__/__/src/rp2_common/pico_printf/printf.c.obj
 .text._out_rev
                0x00000000100039a4       0x9c CMakeFiles/pico_float_test.dir/__/__/src/rp2_common/pico_printf/printf.c.obj
 .text._ntoa_format
                0x0000000010003a40      0x1cc CMakeFiles/pico_float_test.dir/__/__/src/rp2_common/pico_printf/printf.c.obj
 .text._out_char
                0x0000000010003c0c       0x10 CMakeFiles/pico_float_test.dir/__/__/src/rp2_common/pico_printf/printf.c.obj
 .text._out_fct
                0x0000000010003c1c       0x10 CMakeFiles/pico_float_test.dir/__/__/src/rp2_common/pico_printf/printf.c.obj
 .text._etoa    0x0000000010003c2c      0x44c CMakeFiles/pico_float_test.dir/__/__/src/rp2_common/pico_printf/printf.c.obj
 .text._ftoa    0x0000000010004078      0x398 CMakeFiles/pico_float_test.dir/__/__/src/rp2_common/pico_printf/printf.c.obj
 .text._vsnprintf
                0x0000000010004410      0xb04 CMakeFiles/pico_float_test.dir/__/__/src/rp2_common/pico_printf/printf.c.obj
 .text.vfctprintf
                0x0000000010004f14       0x20 CMakeFiles/pico_float_test.dir/__/__/src/rp2_common/pico_printf/printf.c.obj
                0x0000000010004f14                vfctprintf
 .text.weak_raw_vprintf
                0x0000000010004f34       0x30 CMakeFiles/pico_float_test.dir/__/__/src/rp2_common/pico_printf/printf.c.obj
                0x0000000010004f34                weak_raw_vprintf
 .text          0x0000000010004f64       0x10 CMakeFiles/pico_float_test.dir/__/__/src/rp2_common/pico_bit_ops/bit_ops_aeabi.S.obj
 .text.clzsi    0x0000000010004f74        0xc CMakeFiles/pico_float_test.dir/__/__/src/rp2_common/pico_bit_ops/bit_ops_aeabi.S.obj
                0x0000000010004f74                __wrap___clz
                0x0000000010004f74                __wrap___clzsi2
                0x0000000010004f74                __wrap___clzl
 .text.__wrap___aeabi_idiv
                0x0000000010004f80       0x50 CMakeFiles/pico_float_test.dir/__/__/src/rp2_common/pico_divider/divider.S.obj
                0x0000000010004f80                __wrap___aeabi_idivmod
                0x0000000010004f80                divmod_s32s32
                0x0000000010004f80                div_s32s32
                0x0000000010004f80                __wrap___aeabi_idiv
                0x0000000010004f88                divmod_s32s32_unsafe
                0x0000000010004fb4                divmod_s32s32_savestate
 .text.__wrap___aeabi_uidiv
                0x0000000010004fd0       0x4c CMakeFiles/pico_float_test.dir/__/__/src/rp2_common/pico_divider/divider.S.obj
                0x0000000010004fd0                __wrap___aeabi_uidiv
                0x0000000010004fd0                __wrap___aeabi_uidivmod
                0x0000000010004fd0                div_u32u32
                0x0000000010004fd0                divmod_u32u32
                0x0000000010004fd8                divmod_u32u32_unsafe
                0x0000000010005000                divmod_u32u32_savestate
 .text.__wrap___aeabi_ldiv
                0x000000001000501c      0x424 CMakeFiles/pico_float_test.dir/__/__/src/rp2_common/pico_divider/divider.S.obj
                0x000000001000501c                div_s64s64
                0x000000001000501c                divmod_s64s64
                0x000000001000501c                __wrap___aeabi_ldivmod
                0x000000001000504c                div_u64u64
                0x000000001000504c                divmod_u64u64
                0x000000001000504c                __wrap___aeabi_uldivmod
                0x000000001000505c                divmod_u64u64_savestate
                0x000000001000507c                divmod_s64s64_unsafe
                0x0000000010005104                divmod_u64u64_unsafe
 .text.push_r8_r11
                0x0000000010005440        0xc CMakeFiles/pico_float_test.dir/__/__/src/rp2_common/pico_double/double_aeabi.S.obj
                0x0000000010005440                push_r8_r11
 .text.pop_r8_r11
                0x000000001000544c        0xc CMakeFiles/pico_float_test.dir/__/__/src/rp2_common/pico_double/double_aeabi.S.obj
                0x000000001000544c                pop_r8_r11
 .text.__wrap___aeabi_darithmetic
                0x0000000010005458       0x80 CMakeFiles/pico_float_test.dir/__/__/src/rp2_common/pico_double/double_aeabi.S.obj
                0x0000000010005458                __wrap___aeabi_drsub
                0x000000001000545e                __wrap___aeabi_dsub
                0x0000000010005470                __wrap___aeabi_dadd
                0x0000000010005482                __wrap___aeabi_ddiv
                0x00000000100054be                __wrap___aeabi_dmul
 .text.__wrap___aeabi_cdcmple
                0x00000000100054d8       0x6c CMakeFiles/pico_float_test.dir/__/__/src/rp2_common/pico_double/double_aeabi.S.obj
                0x00000000100054d8                __wrap___aeabi_cdrcmple
                0x00000000100054e8                __wrap___aeabi_cdcmple
                0x00000000100054e8                __wrap___aeabi_cdcmpeq
 .text.__wrap___aeabi_dcmplt
                0x0000000010005544        0xc CMakeFiles/pico_float_test.dir/__/__/src/rp2_common/pico_double/double_aeabi.S.obj
                0x0000000010005544                __wrap___aeabi_dcmplt
 .text.__wrap___aeabi_dcmple
                0x0000000010005550       0x10 CMakeFiles/pico_float_test.dir/__/__/src/rp2_common/pico_double/double_aeabi.S.obj
                0x0000000010005550                __wrap___aeabi_dcmple
 .text.__wrap___aeabi_dcmpge
                0x0000000010005560       0x10 CMakeFiles/pico_float_test.dir/__/__/src/rp2_common/pico_double/double_aeabi.S.obj
                0x0000000010005560                __wrap___aeabi_dcmpge
 .text.__wrap___aeabi_dcmpgt
                0x0000000010005570        0xa CMakeFiles/pico_float_test.dir/__/__/src/rp2_common/pico_double/double_aeabi.S.obj
                0x0000000010005570                __wrap___aeabi_dcmpgt
 .text.__wrap___aeabi_dcmpun
                0x000000001000557a       0x1c CMakeFiles/pico_float_test.dir/__/__/src/rp2_common/pico_double/double_aeabi.S.obj
                0x000000001000557a                __wrap___aeabi_dcmpun
 *fill*         0x0000000010005596        0x2 
 .text.__wrap___aeabi_i2d
                0x0000000010005598       0x38 CMakeFiles/pico_float_test.dir/__/__/src/rp2_common/pico_double/double_aeabi.S.obj
                0x0000000010005598                __wrap___aeabi_ui2d
                0x00000000100055a0                __wrap___aeabi_i2d
 .text.__wrap___aeabi_d2iz
                0x00000000100055d0       0x48 CMakeFiles/pico_float_test.dir/__/__/src/rp2_common/pico_double/double_aeabi.S.obj
                0x00000000100055d0                __wrap___aeabi_d2iz
                0x00000000100055d0                double2int_z
 .text.__wrap___aeabi_d2uiz
                0x0000000010005618       0x18 CMakeFiles/pico_float_test.dir/__/__/src/rp2_common/pico_double/double_aeabi.S.obj
                0x0000000010005618                double2uint
                0x0000000010005618                __wrap___aeabi_d2uiz
 .text.fix642double
                0x0000000010005630       0x18 CMakeFiles/pico_float_test.dir/__/__/src/rp2_common/pico_double/double_aeabi.S.obj
                0x0000000010005630                fix642double
 .text.__wrap___aeabi_d2lz
                0x0000000010005648       0x26 CMakeFiles/pico_float_test.dir/__/__/src/rp2_common/pico_double/double_aeabi.S.obj
                0x0000000010005648                __wrap___aeabi_d2lz
                0x0000000010005648                double2int64_z
 *fill*         0x000000001000566e        0x2 
 .text.double2int64
                0x0000000010005670       0x18 CMakeFiles/pico_float_test.dir/__/__/src/rp2_common/pico_double/double_aeabi.S.obj
                0x0000000010005670                double2int64
 .text.__wrap___aeabi_d2ulz
                0x0000000010005688       0x18 CMakeFiles/pico_float_test.dir/__/__/src/rp2_common/pico_double/double_aeabi.S.obj
                0x0000000010005688                __wrap___aeabi_d2ulz
 .text.double2ufix64
                0x00000000100056a0       0x18 CMakeFiles/pico_float_test.dir/__/__/src/rp2_common/pico_double/double_aeabi.S.obj
                0x00000000100056a0                double2ufix64
 .text.__wrap___aeabi_d2f
                0x00000000100056b8       0x18 CMakeFiles/pico_float_test.dir/__/__/src/rp2_common/pico_double/double_aeabi.S.obj
                0x00000000100056b8                __wrap___aeabi_d2f
 .text.__wrap_srqt
                0x00000000100056d0       0x18 CMakeFiles/pico_float_test.dir/__/__/src/rp2_common/pico_double/double_aeabi.S.obj
                0x00000000100056d0                __wrap_sqrt
 .text.__wrap_sincostan_remainder
                0x00000000100056e8       0x14 CMakeFiles/pico_float_test.dir/__/__/src/rp2_common/pico_double/double_aeabi.S.obj
                0x00000000100056e8                sincostan_remainder
 .text.__wrap_cos
                0x00000000100056fc       0x2c CMakeFiles/pico_float_test.dir/__/__/src/rp2_common/pico_double/double_aeabi.S.obj
                0x00000000100056fc                __wrap_cos
 .text.__wrap_sin
                0x0000000010005728       0x2c CMakeFiles/pico_float_test.dir/__/__/src/rp2_common/pico_double/double_aeabi.S.obj
                0x0000000010005728                __wrap_sin
 .text.__wrap_tan
                0x0000000010005754       0x5c CMakeFiles/pico_float_test.dir/__/__/src/rp2_common/pico_double/double_aeabi.S.obj
                0x0000000010005754                __wrap_tan
 .text.__wrap_atan2
                0x00000000100057b0       0x18 CMakeFiles/pico_float_test.dir/__/__/src/rp2_common/pico_double/double_aeabi.S.obj
                0x00000000100057b0                __wrap_atan2
 .text.__wrap_exp
                0x00000000100057c8       0x18 CMakeFiles/pico_float_test.dir/__/__/src/rp2_common/pico_double/double_aeabi.S.obj
                0x00000000100057c8                __wrap_exp
 .text.__wrap_log
                0x00000000100057e0       0x18 CMakeFiles/pico_float_test.dir/__/__/src/rp2_common/pico_double/double_aeabi.S.obj
                0x00000000100057e0                __wrap_log
 .text.__aeabi_double_init
                0x00000000100057f8       0x94 CMakeFiles/pico_float_test.dir/__/__/src/rp2_common/pico_double/double_init_rom.c.obj
                0x00000000100057f8                __aeabi_double_init
 .text.__wrap_remquo
                0x000000001000588c      0x2a0 CMakeFiles/pico_float_test.dir/__/__/src/rp2_common/pico_double/double_math.c.obj
                0x000000001000588c                __wrap_remquo
 .text.__wrap_remainder
                0x0000000010005b2c       0x10 CMakeFiles/pico_float_test.dir/__/__/src/rp2_common/pico_double/double_math.c.obj
                0x0000000010005b2c                __wrap_remainder
 .text.double_table_shim_on_use_helper
                0x0000000010005b3c       0x2c CMakeFiles/pico_float_test.dir/__/__/src/rp2_common/pico_double/double_v1_rom_shim.S.obj
                0x0000000010005b3c                double_table_shim_on_use_helper
 .text.__wrap___aeabi_dsub
                0x0000000010005b68       0x10 CMakeFiles/pico_float_test.dir/__/__/src/rp2_common/pico_double/double_v1_rom_shim.S.obj
                0x0000000010005b68                drsub_shim
                0x0000000010005b6e                dsub_shim
 .text.dadd_shim
                0x0000000010005b78      0x15c CMakeFiles/pico_float_test.dir/__/__/src/rp2_common/pico_double/double_v1_rom_shim.S.obj
                0x0000000010005b78                dadd_shim
 .text.dmul_shim
                0x0000000010005cd4      0x15c CMakeFiles/pico_float_test.dir/__/__/src/rp2_common/pico_double/double_v1_rom_shim.S.obj
                0x0000000010005cd4                dmul_shim
 .text.ddiv_shim
                0x0000000010005e30      0x1b0 CMakeFiles/pico_float_test.dir/__/__/src/rp2_common/pico_double/double_v1_rom_shim.S.obj
                0x0000000010005e30                ddiv_shim
 .text.dsqrt_shim
                0x0000000010005fe0      0x1a8 CMakeFiles/pico_float_test.dir/__/__/src/rp2_common/pico_double/double_v1_rom_shim.S.obj
                0x0000000010005ffc                dsqrt_shim
 .text.dcordic_vec_step
                0x0000000010006188        0xe CMakeFiles/pico_float_test.dir/__/__/src/rp2_common/pico_double/double_v1_rom_shim.S.obj
                0x0000000010006188                dcordic_vec_step
 .text.dcordic_rot_step
                0x0000000010006196       0x76 CMakeFiles/pico_float_test.dir/__/__/src/rp2_common/pico_double/double_v1_rom_shim.S.obj
                0x0000000010006196                dcordic_rot_step
 .text.double2uint_shim
                0x000000001000620c        0xe CMakeFiles/pico_float_test.dir/__/__/src/rp2_common/pico_double/double_v1_rom_shim.S.obj
                0x000000001000620c                double2uint_shim
                0x000000001000620e                double2ufix_shim
 .text.double2int64_shim
                0x000000001000621a       0x1a CMakeFiles/pico_float_test.dir/__/__/src/rp2_common/pico_double/double_v1_rom_shim.S.obj
                0x000000001000621a                double2int64_shim
                0x000000001000621c                double2fix64_shim
 .text.double2uint64_shim
                0x0000000010006234       0x70 CMakeFiles/pico_float_test.dir/__/__/src/rp2_common/pico_double/double_v1_rom_shim.S.obj
                0x0000000010006234                double2uint64_shim
                0x0000000010006236                double2ufix64_shim
 .text.double2float_shim
                0x00000000100062a4       0x5c CMakeFiles/pico_float_test.dir/__/__/src/rp2_common/pico_double/double_v1_rom_shim.S.obj
                0x00000000100062a4                double2float_shim
 .text.x2double_shims
                0x0000000010006300       0x90 CMakeFiles/pico_float_test.dir/__/__/src/rp2_common/pico_double/double_v1_rom_shim.S.obj
                0x0000000010006300                uint2double_shim
                0x0000000010006302                ufix2double_shim
                0x0000000010006308                int2double_shim
                0x000000001000630a                fix2double_shim
                0x0000000010006310                uint642double_shim
                0x0000000010006312                ufix642double_shim
                0x0000000010006318                int642double_shim
                0x000000001000631a                fix642double_shim
 .text.dunpacks
                0x0000000010006390       0x3c CMakeFiles/pico_float_test.dir/__/__/src/rp2_common/pico_double/double_v1_rom_shim.S.obj
                0x0000000010006390                dunpacks
 .text.dreduce  0x00000000100063cc       0x82 CMakeFiles/pico_float_test.dir/__/__/src/rp2_common/pico_double/double_v1_rom_shim.S.obj
                0x00000000100063cc                dreduce
 .text.dtan_shim
                0x000000001000644e       0x20 CMakeFiles/pico_float_test.dir/__/__/src/rp2_common/pico_double/double_v1_rom_shim.S.obj
                0x000000001000644e                dtan_shim
 .text.dcos_shim
                0x000000001000646e       0x10 CMakeFiles/pico_float_test.dir/__/__/src/rp2_common/pico_double/double_v1_rom_shim.S.obj
                0x000000001000646e                dcos_shim
 .text.dsin_shim
                0x000000001000647e       0x14 CMakeFiles/pico_float_test.dir/__/__/src/rp2_common/pico_double/double_v1_rom_shim.S.obj
                0x000000001000647e                dsin_shim
 *fill*         0x0000000010006492        0x2 
 .text.dtrig_guts
                0x0000000010006494      0x2ec CMakeFiles/pico_float_test.dir/__/__/src/rp2_common/pico_double/double_v1_rom_shim.S.obj
                0x000000001000656c                datan2_shim
 .text.dexp_guts
                0x0000000010006780      0x268 CMakeFiles/pico_float_test.dir/__/__/src/rp2_common/pico_double/double_v1_rom_shim.S.obj
                0x0000000010006780                dexp_shim
                0x000000001000681c                dln_shim
 .text.__aeabi_lmul
                0x00000000100069e8       0x32 CMakeFiles/pico_float_test.dir/__/__/src/rp2_common/pico_int64_ops/pico_int64_ops_aeabi.S.obj
                0x00000000100069e8                __wrap___aeabi_lmul
 *fill*         0x0000000010006a1a        0x2 
 .text          0x0000000010006a1c       0x10 CMakeFiles/pico_float_test.dir/__/__/src/rp2_common/pico_mem_ops/mem_ops_aeabi.S.obj
                0x0000000010006a1c                __aeabi_mem_init
 .text.memcpy   0x0000000010006a2c        0xc CMakeFiles/pico_float_test.dir/__/__/src/rp2_common/pico_mem_ops/mem_ops_aeabi.S.obj
                0x0000000010006a2c                __wrap___aeabi_memcpy
                0x0000000010006a2c                __wrap_memcpy
 .text.stdio_out_chars_no_crlf
                0x0000000010006a38       0x10 CMakeFiles/pico_float_test.dir/__/__/src/rp2_common/pico_stdio/stdio.c.obj
 .text.stdio_out_chars_crlf
                0x0000000010006a48       0xb4 CMakeFiles/pico_float_test.dir/__/__/src/rp2_common/pico_stdio/stdio.c.obj
 .text.stdio_buffered_printer
                0x0000000010006afc       0x64 CMakeFiles/pico_float_test.dir/__/__/src/rp2_common/pico_stdio/stdio.c.obj
 .text.stdio_put_string.isra.0
                0x0000000010006b60       0xfc CMakeFiles/pico_float_test.dir/__/__/src/rp2_common/pico_stdio/stdio.c.obj
 .text.__wrap_putchar
                0x0000000010006c5c       0x98 CMakeFiles/pico_float_test.dir/__/__/src/rp2_common/pico_stdio/stdio.c.obj
                0x0000000010006c5c                __wrap_putchar
 .text.__wrap_puts
                0x0000000010006cf4       0x3c CMakeFiles/pico_float_test.dir/__/__/src/rp2_common/pico_stdio/stdio.c.obj
                0x0000000010006cf4                __wrap_puts
 .text.stdio_set_driver_enabled
                0x0000000010006d30       0x30 CMakeFiles/pico_float_test.dir/__/__/src/rp2_common/pico_stdio/stdio.c.obj
                0x0000000010006d30                stdio_set_driver_enabled
 .text.__wrap_vprintf
                0x0000000010006d60       0xd8 CMakeFiles/pico_float_test.dir/__/__/src/rp2_common/pico_stdio/stdio.c.obj
                0x0000000010006d60                __wrap_vprintf
 .text.__wrap_printf
                0x0000000010006e38       0x18 CMakeFiles/pico_float_test.dir/__/__/src/rp2_common/pico_stdio/stdio.c.obj
                0x0000000010006e38                __wrap_printf
 .text.stdio_uart_out_chars
                0x0000000010006e50       0x4c CMakeFiles/pico_float_test.dir/__/__/src/rp2_common/pico_stdio_uart/stdio_uart.c.obj
 .text.stdio_uart_in_chars
                0x0000000010006e9c       0x84 CMakeFiles/pico_float_test.dir/__/__/src/rp2_common/pico_stdio_uart/stdio_uart.c.obj
                0x0000000010006e9c                stdio_uart_in_chars
 .text.on_uart_rx
                0x0000000010006f20       0x28 CMakeFiles/pico_float_test.dir/__/__/src/rp2_common/pico_stdio_uart/stdio_uart.c.obj
 .text.stdio_uart_set_chars_available_callback
                0x0000000010006f48       0x8c CMakeFiles/pico_float_test.dir/__/__/src/rp2_common/pico_stdio_uart/stdio_uart.c.obj
 .text.stdio_uart_init
                0x0000000010006fd4       0x48 CMakeFiles/pico_float_test.dir/__/__/src/rp2_common/pico_stdio_uart/stdio_uart.c.obj
                0x0000000010006fd4                stdio_uart_init
 .text          0x000000001000701c        0xc /usr/lib/gcc/arm-none-eabi/10.3.1/../../../arm-none-eabi/lib/thumb/v6-m/nofp/libc.a(lib_a-errno.o)
                0x000000001000701c                __errno
 .text          0x0000000010007028       0x5c /usr/lib/gcc/arm-none-eabi/10.3.1/../../../arm-none-eabi/lib/thumb/v6-m/nofp/libc.a(lib_a-strlen-stub.o)
                0x0000000010007028                strlen
 *(.fini)
 .fini          0x0000000010007084        0x4 /usr/lib/gcc/arm-none-eabi/10.3.1/thumb/v6-m/nofp/crti.o
                0x0000000010007084                _fini
 .fini.__stub   0x0000000010007088      0x160 linker stubs
 *crtbegin.o(.ctors)
 *crtbegin?.o(.ctors)
 *(EXCLUDE_FILE(*crtend.o *crtend?.o) .ctors)
 *(SORT_BY_NAME(.ctors.*))
 *(.ctors)
 *crtbegin.o(.dtors)
 *crtbegin?.o(.dtors)
 *(EXCLUDE_FILE(*crtend.o *crtend?.o) .dtors)
 *(SORT_BY_NAME(.dtors.*))
 *(.dtors)
 *(.eh_frame*)
 .eh_frame      0x00000000100071e8        0x0 /usr/lib/gcc/arm-none-eabi/10.3.1/thumb/v6-m/nofp/crtbegin.o
                0x00000000100071e8                . = ALIGN (0x4)

.glue_7         0x00000000100071e8        0x0
 .glue_7        0x00000000100071e8        0x0 linker stubs

.glue_7t        0x00000000100071e8        0x0
 .glue_7t       0x00000000100071e8        0x0 linker stubs

.vfp11_veneer   0x00000000100071e8        0x0
 .vfp11_veneer  0x00000000100071e8        0x0 linker stubs

.v4_bx          0x00000000100071e8        0x0
 .v4_bx         0x00000000100071e8        0x0 linker stubs

.iplt           0x00000000100071e8        0x0
 .iplt          0x00000000100071e8        0x0 /usr/lib/gcc/arm-none-eabi/10.3.1/thumb/v6-m/nofp/crtbegin.o

.rodata         0x00000000100071e8      0x7ac
 *(EXCLUDE_FILE(*libm.a: *libc.a:*lib_a-mem*.o *libgcc.a:) .rodata*)
 .rodata.test__aeabi_cfcmpeq.str1.4
                0x00000000100071e8       0x3d CMakeFiles/pico_float_test.dir/pico_float_test.c.obj
 *fill*         0x0000000010007225        0x3 
 .rodata.test_fcmple_gt.str1.4
                0x0000000010007228       0x58 CMakeFiles/pico_float_test.dir/pico_float_test.c.obj
 .rodata.test_fcmplt_ge.str1.4
                0x0000000010007280       0x58 CMakeFiles/pico_float_test.dir/pico_float_test.c.obj
 .rodata.test__aeabi_cfcmple.str1.4
                0x00000000100072d8       0xe2 CMakeFiles/pico_float_test.dir/pico_float_test.c.obj
 *fill*         0x00000000100073ba        0x2 
 .rodata.check_fcmpun.str1.4
                0x00000000100073bc       0x3c CMakeFiles/pico_float_test.dir/pico_float_test.c.obj
 .rodata.main.str1.4
                0x00000000100073f8      0x267 CMakeFiles/pico_float_test.dir/pico_float_test.c.obj
                                        0x26f (size before relaxing)
 *fill*         0x000000001000765f        0x1 
 .rodata.hardware_alarm_claim.str1.4
                0x0000000010007660       0x22 CMakeFiles/pico_float_test.dir/__/__/src/rp2_common/hardware_timer/timer.c.obj
 *fill*         0x0000000010007682        0x2 
 .rodata.panic.str1.4
                0x0000000010007684       0x10 CMakeFiles/pico_float_test.dir/__/__/src/rp2_common/pico_runtime/runtime.c.obj
                                         0x12 (size before relaxing)
 .rodata.hard_assertion_failure.str1.4
                0x0000000010007694        0xc CMakeFiles/pico_float_test.dir/__/__/src/rp2_common/pico_runtime/runtime.c.obj
 .rodata._ftoa.str1.4
                0x00000000100076a0       0x15 CMakeFiles/pico_float_test.dir/__/__/src/rp2_common/pico_printf/printf.c.obj
 *fill*         0x00000000100076b5        0x3 
 .rodata._vsnprintf
                0x00000000100076b8      0x1e0 CMakeFiles/pico_float_test.dir/__/__/src/rp2_common/pico_printf/printf.c.obj
 .rodata.pow10.0
                0x0000000010007898       0x50 CMakeFiles/pico_float_test.dir/__/__/src/rp2_common/pico_printf/printf.c.obj
 .rodata.str1.4
                0x00000000100078e8       0x44 CMakeFiles/pico_float_test.dir/__/__/src/rp2_common/pico_standard_link/binary_info.c.obj
 .rodata.__bi_44
                0x000000001000792c        0xc CMakeFiles/pico_float_test.dir/__/__/src/rp2_common/pico_standard_link/binary_info.c.obj
 .rodata.__bi_75
                0x0000000010007938        0xc CMakeFiles/pico_float_test.dir/__/__/src/rp2_common/pico_standard_link/binary_info.c.obj
 .rodata.__bi_81
                0x0000000010007944        0xc CMakeFiles/pico_float_test.dir/__/__/src/rp2_common/pico_standard_link/binary_info.c.obj
 .rodata.crlf_str.0
                0x0000000010007950        0x2 CMakeFiles/pico_float_test.dir/__/__/src/rp2_common/pico_stdio/stdio.c.obj
 *fill*         0x0000000010007952        0x2 
 .rodata.str1.4
                0x0000000010007954       0x2c CMakeFiles/pico_float_test.dir/__/__/src/rp2_common/pico_stdio_uart/stdio_uart.c.obj
 .rodata.__bi_33.4
                0x0000000010007980        0xc CMakeFiles/pico_float_test.dir/__/__/src/rp2_common/pico_stdio_uart/stdio_uart.c.obj
 .rodata.__bi_34.5
                0x000000001000798c        0x8 CMakeFiles/pico_float_test.dir/__/__/src/rp2_common/pico_stdio_uart/stdio_uart.c.obj
                0x0000000010007994                . = ALIGN (0x4)
 *(SORT_BY_ALIGNMENT(SORT_BY_NAME(.flashdata*)))
                0x0000000010007994                . = ALIGN (0x4)

.ARM.extab
 *(.ARM.extab* .gnu.linkonce.armextab.*)
                0x0000000010007994                __exidx_start = .

.ARM.exidx
 *(.ARM.exidx* .gnu.linkonce.armexidx.*)
                0x0000000010007994                __exidx_end = .
                0x0000000010007994                . = ALIGN (0x4)
                0x0000000010007994                __binary_info_start = .

.binary_info    0x0000000010007994       0x24
 *(.binary_info.keep.*)
 .binary_info.keep.__bi_ptr22
                0x0000000010007994        0x4 CMakeFiles/pico_float_test.dir/__/__/src/rp2_common/pico_standard_link/binary_info.c.obj
 .binary_info.keep.__bi_ptr30
                0x0000000010007998        0x4 CMakeFiles/pico_float_test.dir/__/__/src/rp2_common/pico_standard_link/binary_info.c.obj
 .binary_info.keep.__bi_ptr38
                0x000000001000799c        0x4 CMakeFiles/pico_float_test.dir/__/__/src/rp2_common/pico_standard_link/binary_info.c.obj
 .binary_info.keep.__bi_ptr44
                0x00000000100079a0        0x4 CMakeFiles/pico_float_test.dir/__/__/src/rp2_common/pico_standard_link/binary_info.c.obj
 .binary_info.keep.__bi_ptr50
                0x00000000100079a4        0x4 CMakeFiles/pico_float_test.dir/__/__/src/rp2_common/pico_standard_link/binary_info.c.obj
 .binary_info.keep.__bi_ptr75
                0x00000000100079a8        0x4 CMakeFiles/pico_float_test.dir/__/__/src/rp2_common/pico_standard_link/binary_info.c.obj
 .binary_info.keep.__bi_ptr81
                0x00000000100079ac        0x4 CMakeFiles/pico_float_test.dir/__/__/src/rp2_common/pico_standard_link/binary_info.c.obj
 *(.binary_info.*)
 .binary_info.__bi_ptr33
                0x00000000100079b0        0x4 CMakeFiles/pico_float_test.dir/__/__/src/rp2_common/pico_stdio_uart/stdio_uart.c.obj
 .binary_info.__bi_ptr34
                0x00000000100079b4        0x4 CMakeFiles/pico_float_test.dir/__/__/src/rp2_common/pico_stdio_uart/stdio_uart.c.obj
                0x00000000100079b8                __binary_info_end = .

.rel.dyn        0x00000000100079b8        0x0
 .rel.iplt      0x00000000100079b8        0x0 /usr/lib/gcc/arm-none-eabi/10.3.1/thumb/v6-m/nofp/crtbegin.o
                0x00000000100079b8                . = ALIGN (0x4)

.ram_vector_table
                0x0000000020000000       0xc0
 *(.ram_vector_table)
 .ram_vector_table
                0x0000000020000000       0xc0 CMakeFiles/pico_float_test.dir/__/__/src/rp2_common/pico_runtime/runtime.c.obj
                0x0000000020000000                ram_vector_table

.data           0x00000000200000c0     0x365c load address 0x00000000100079b8
                0x00000000200000c0                __data_start__ = .
 *(vtable)
 *(.time_critical*)
 .time_critical.mutex_try_enter_block_until
                0x00000000200000c0       0x9c CMakeFiles/pico_float_test.dir/__/__/src/common/pico_sync/mutex.c.obj
                0x00000000200000c0                mutex_try_enter_block_until
 .time_critical.mutex_exit
                0x000000002000015c       0x28 CMakeFiles/pico_float_test.dir/__/__/src/common/pico_sync/mutex.c.obj
                0x000000002000015c                mutex_exit
 *(.text*)
 .text          0x0000000020000184       0x78 /usr/lib/gcc/arm-none-eabi/10.3.1/../../../arm-none-eabi/lib/thumb/v6-m/nofp/libm.a(lib_a-sf_cos.o)
                0x0000000020000184                cosf
 .text          0x00000000200001fc       0x48 /usr/lib/gcc/arm-none-eabi/10.3.1/../../../arm-none-eabi/lib/thumb/v6-m/nofp/libm.a(lib_a-sf_ldexp.o)
                0x00000000200001fc                ldexpf
 .text          0x0000000020000244       0xbc /usr/lib/gcc/arm-none-eabi/10.3.1/../../../arm-none-eabi/lib/thumb/v6-m/nofp/libm.a(lib_a-sf_scalbn.o)
                0x0000000020000244                scalbnf
 .text          0x0000000020000300       0x7c /usr/lib/gcc/arm-none-eabi/10.3.1/../../../arm-none-eabi/lib/thumb/v6-m/nofp/libm.a(lib_a-sf_sin.o)
                0x0000000020000300                sinf
 .text          0x000000002000037c       0x48 /usr/lib/gcc/arm-none-eabi/10.3.1/../../../arm-none-eabi/lib/thumb/v6-m/nofp/libm.a(lib_a-sf_tan.o)
                0x000000002000037c                tanf
 .text          0x00000000200003c4       0x24 /usr/lib/gcc/arm-none-eabi/10.3.1/../../../arm-none-eabi/lib/thumb/v6-m/nofp/libm.a(lib_a-sf_trunc.o)
                0x00000000200003c4                truncf
 .text          0x00000000200003e8        0x8 /usr/lib/gcc/arm-none-eabi/10.3.1/../../../arm-none-eabi/lib/thumb/v6-m/nofp/libm.a(lib_a-wf_atan2.o)
                0x00000000200003e8                atan2f
 .text          0x00000000200003f0       0x60 /usr/lib/gcc/arm-none-eabi/10.3.1/../../../arm-none-eabi/lib/thumb/v6-m/nofp/libm.a(lib_a-wf_exp.o)
                0x00000000200003f0                expf
 .text          0x0000000020000450       0x4c /usr/lib/gcc/arm-none-eabi/10.3.1/../../../arm-none-eabi/lib/thumb/v6-m/nofp/libm.a(lib_a-wf_fmod.o)
                0x0000000020000450                fmodf
 .text          0x000000002000049c       0x64 /usr/lib/gcc/arm-none-eabi/10.3.1/../../../arm-none-eabi/lib/thumb/v6-m/nofp/libm.a(lib_a-wf_log.o)
                0x000000002000049c                logf
 .text          0x0000000020000500      0x11c /usr/lib/gcc/arm-none-eabi/10.3.1/../../../arm-none-eabi/lib/thumb/v6-m/nofp/libm.a(lib_a-wf_pow.o)
                0x0000000020000500                powf
 .text          0x000000002000061c       0x48 /usr/lib/gcc/arm-none-eabi/10.3.1/../../../arm-none-eabi/lib/thumb/v6-m/nofp/libm.a(lib_a-wf_sqrt.o)
                0x000000002000061c                sqrtf
 .text          0x0000000020000664      0x10c /usr/lib/gcc/arm-none-eabi/10.3.1/../../../arm-none-eabi/lib/thumb/v6-m/nofp/libm.a(lib_a-ef_atan2.o)
                0x0000000020000664                __ieee754_atan2f
 .text          0x0000000020000770      0x244 /usr/lib/gcc/arm-none-eabi/10.3.1/../../../arm-none-eabi/lib/thumb/v6-m/nofp/libm.a(lib_a-ef_exp.o)
                0x0000000020000770                __ieee754_expf
 .text          0x00000000200009b4      0x110 /usr/lib/gcc/arm-none-eabi/10.3.1/../../../arm-none-eabi/lib/thumb/v6-m/nofp/libm.a(lib_a-ef_fmod.o)
                0x00000000200009b4                __ieee754_fmodf
 .text          0x0000000020000ac4      0x2cc /usr/lib/gcc/arm-none-eabi/10.3.1/../../../arm-none-eabi/lib/thumb/v6-m/nofp/libm.a(lib_a-ef_log.o)
                0x0000000020000ac4                __ieee754_logf
 .text          0x0000000020000d90      0x728 /usr/lib/gcc/arm-none-eabi/10.3.1/../../../arm-none-eabi/lib/thumb/v6-m/nofp/libm.a(lib_a-ef_pow.o)
                0x0000000020000d90                __ieee754_powf
 .text          0x00000000200014b8      0x2f4 /usr/lib/gcc/arm-none-eabi/10.3.1/../../../arm-none-eabi/lib/thumb/v6-m/nofp/libm.a(lib_a-ef_rem_pio2.o)
                0x00000000200014b8                __ieee754_rem_pio2f
 .text          0x00000000200017ac       0xb0 /usr/lib/gcc/arm-none-eabi/10.3.1/../../../arm-none-eabi/lib/thumb/v6-m/nofp/libm.a(lib_a-ef_sqrt.o)
                0x00000000200017ac                __ieee754_sqrtf
 .text          0x000000002000185c      0x190 /usr/lib/gcc/arm-none-eabi/10.3.1/../../../arm-none-eabi/lib/thumb/v6-m/nofp/libm.a(lib_a-kf_cos.o)
                0x000000002000185c                __kernel_cosf
 .text          0x00000000200019ec      0x73c /usr/lib/gcc/arm-none-eabi/10.3.1/../../../arm-none-eabi/lib/thumb/v6-m/nofp/libm.a(lib_a-kf_rem_pio2.o)
                0x00000000200019ec                __kernel_rem_pio2f
 .text          0x0000000020002128       0xf0 /usr/lib/gcc/arm-none-eabi/10.3.1/../../../arm-none-eabi/lib/thumb/v6-m/nofp/libm.a(lib_a-kf_sin.o)
                0x0000000020002128                __kernel_sinf
 .text          0x0000000020002218      0x27c /usr/lib/gcc/arm-none-eabi/10.3.1/../../../arm-none-eabi/lib/thumb/v6-m/nofp/libm.a(lib_a-kf_tan.o)
                0x0000000020002218                __kernel_tanf
 .text          0x0000000020002494        0x8 /usr/lib/gcc/arm-none-eabi/10.3.1/../../../arm-none-eabi/lib/thumb/v6-m/nofp/libm.a(lib_a-sf_fabs.o)
                0x0000000020002494                fabsf
 .text          0x000000002000249c       0x14 /usr/lib/gcc/arm-none-eabi/10.3.1/../../../arm-none-eabi/lib/thumb/v6-m/nofp/libm.a(lib_a-sf_finite.o)
                0x000000002000249c                finitef
 .text          0x00000000200024b0        0x8 /usr/lib/gcc/arm-none-eabi/10.3.1/../../../arm-none-eabi/lib/thumb/v6-m/nofp/libm.a(lib_a-sf_nan.o)
                0x00000000200024b0                nanf
 .text          0x00000000200024b8       0x9c /usr/lib/gcc/arm-none-eabi/10.3.1/../../../arm-none-eabi/lib/thumb/v6-m/nofp/libm.a(lib_a-sf_rint.o)
                0x00000000200024b8                rintf
 .text          0x0000000020002554        0x4 /usr/lib/gcc/arm-none-eabi/10.3.1/thumb/v6-m/nofp/libgcc.a(_dvmd_tls.o)
                0x0000000020002554                __aeabi_ldiv0
                0x0000000020002554                __aeabi_idiv0
 .text          0x0000000020002558       0x30 /usr/lib/gcc/arm-none-eabi/10.3.1/thumb/v6-m/nofp/libgcc.a(_fixsfdi.o)
                0x0000000020002558                __aeabi_f2lz
                0x0000000020002558                __fixsfdi
 .text          0x0000000020002588       0x68 /usr/lib/gcc/arm-none-eabi/10.3.1/thumb/v6-m/nofp/libgcc.a(_floatdisf.o)
                0x0000000020002588                __floatdisf
                0x0000000020002588                __aeabi_l2f
 .text          0x00000000200025f0      0x230 /usr/lib/gcc/arm-none-eabi/10.3.1/thumb/v6-m/nofp/libgcc.a(divsf3.o)
                0x00000000200025f0                __aeabi_fdiv
 .text          0x0000000020002820      0x24c /usr/lib/gcc/arm-none-eabi/10.3.1/thumb/v6-m/nofp/libgcc.a(mulsf3.o)
                0x0000000020002820                __aeabi_fmul
 .text          0x0000000020002a6c       0x40 /usr/lib/gcc/arm-none-eabi/10.3.1/thumb/v6-m/nofp/libgcc.a(fixsfsi.o)
                0x0000000020002a6c                __aeabi_f2iz
 .text          0x0000000020002aac       0x9c /usr/lib/gcc/arm-none-eabi/10.3.1/thumb/v6-m/nofp/libgcc.a(floatsisf.o)
                0x0000000020002aac                __aeabi_i2f
 .text          0x0000000020002b48       0x84 /usr/lib/gcc/arm-none-eabi/10.3.1/thumb/v6-m/nofp/libgcc.a(floatunsisf.o)
                0x0000000020002b48                __aeabi_ui2f
 *fill*         0x0000000020002bcc        0x4 
 .text.__stub   0x0000000020002bd0      0x160 linker stubs
                0x0000000020002d30                . = ALIGN (0x4)
 *(.rodata*)
 .rodata.str1.4
                0x0000000020002d30        0x1 /usr/lib/gcc/arm-none-eabi/10.3.1/../../../arm-none-eabi/lib/thumb/v6-m/nofp/libm.a(lib_a-wf_log.o)
 *fill*         0x0000000020002d31        0x3 
 .rodata        0x0000000020002d34       0x18 /usr/lib/gcc/arm-none-eabi/10.3.1/../../../arm-none-eabi/lib/thumb/v6-m/nofp/libm.a(lib_a-ef_atan2.o)
 .rodata        0x0000000020002d4c       0x18 /usr/lib/gcc/arm-none-eabi/10.3.1/../../../arm-none-eabi/lib/thumb/v6-m/nofp/libm.a(lib_a-ef_exp.o)
 .rodata        0x0000000020002d64        0x8 /usr/lib/gcc/arm-none-eabi/10.3.1/../../../arm-none-eabi/lib/thumb/v6-m/nofp/libm.a(lib_a-ef_fmod.o)
 .rodata.str1.4
                0x0000000020002d6c        0x1 /usr/lib/gcc/arm-none-eabi/10.3.1/../../../arm-none-eabi/lib/thumb/v6-m/nofp/libm.a(lib_a-ef_pow.o)
 .rodata        0x0000000020002d6c      0x398 /usr/lib/gcc/arm-none-eabi/10.3.1/../../../arm-none-eabi/lib/thumb/v6-m/nofp/libm.a(lib_a-ef_rem_pio2.o)
 .rodata        0x0000000020003104       0x38 /usr/lib/gcc/arm-none-eabi/10.3.1/../../../arm-none-eabi/lib/thumb/v6-m/nofp/libm.a(lib_a-kf_rem_pio2.o)
 .rodata        0x000000002000313c        0x8 /usr/lib/gcc/arm-none-eabi/10.3.1/../../../arm-none-eabi/lib/thumb/v6-m/nofp/libm.a(lib_a-sf_rint.o)
 .rodata        0x0000000020003144       0x80 /usr/lib/gcc/arm-none-eabi/10.3.1/thumb/v6-m/nofp/libgcc.a(divsf3.o)
 .rodata        0x00000000200031c4       0x40 /usr/lib/gcc/arm-none-eabi/10.3.1/thumb/v6-m/nofp/libgcc.a(mulsf3.o)
                0x0000000020003204                . = ALIGN (0x4)
 *(.data*)
 *fill*         0x0000000020003204        0x4 
 .data.aa       0x0000000020003208        0x8 CMakeFiles/pico_float_test.dir/pico_float_test.c.obj
                0x0000000020003208                aa
 .data.bb       0x0000000020003210        0x8 CMakeFiles/pico_float_test.dir/pico_float_test.c.obj
                0x0000000020003210                bb
 .data.striped_spin_lock_num
                0x0000000020003218        0x1 CMakeFiles/pico_float_test.dir/__/__/src/rp2_common/hardware_sync/sync.c.obj
 *fill*         0x0000000020003219        0x3 
 .data          0x000000002000321c       0x48 CMakeFiles/pico_float_test.dir/__/__/src/rp2_common/hardware_irq/irq_handler_chain.S.obj
                0x000000002000321c                irq_handler_chain_slots
                0x000000002000324c                irq_handler_chain_first_slot
                0x0000000020003256                irq_handler_chain_remove_tail
 .data.default_alarm_pool
                0x0000000020003264       0x18 CMakeFiles/pico_float_test.dir/__/__/src/common/pico_time/time.c.obj
 .data.default_alarm_pool_heap
                0x000000002000327c       0x10 CMakeFiles/pico_float_test.dir/__/__/src/common/pico_time/time.c.obj
 *fill*         0x000000002000328c        0x4 
 .data.aeabi_bits_funcs
                0x0000000020003290       0x10 CMakeFiles/pico_float_test.dir/__/__/src/rp2_common/pico_bit_ops/bit_ops_aeabi.S.obj
                0x0000000020003290                aeabi_bits_funcs
                0x00000000200032a0                aeabi_bits_funcs_end
 .data.aeabi_mem_funcs
                0x00000000200032a0       0x10 CMakeFiles/pico_float_test.dir/__/__/src/rp2_common/pico_mem_ops/mem_ops_aeabi.S.obj
                0x00000000200032a0                aeabi_mem_funcs
                0x00000000200032b0                aeabi_mem_funcs_end
 .data.stdio_uart
                0x00000000200032b0       0x18 CMakeFiles/pico_float_test.dir/__/__/src/rp2_common/pico_stdio_uart/stdio_uart.c.obj
                0x00000000200032b0                stdio_uart
 .data          0x00000000200032c8        0x1 /usr/lib/gcc/arm-none-eabi/10.3.1/../../../arm-none-eabi/lib/thumb/v6-m/nofp/libm.a(lib_a-s_lib_ver.o)
                0x00000000200032c8                __fdlib_version
 *fill*         0x00000000200032c9        0x7 
 .data          0x00000000200032d0      0x430 /usr/lib/gcc/arm-none-eabi/10.3.1/../../../arm-none-eabi/lib/thumb/v6-m/nofp/libc.a(lib_a-impure.o)
                0x00000000200032d0                _impure_ptr
                0x0000000020003700                . = ALIGN (0x4)
 *(.after_data.*)
                0x0000000020003700                . = ALIGN (0x4)
                0x0000000020003700                PROVIDE (__mutex_array_start = .)
 *(SORT_BY_NAME(.mutex_array.*))
 *(.mutex_array)
 .mutex_array   0x0000000020003700        0x8 CMakeFiles/pico_float_test.dir/__/__/src/rp2_common/pico_stdio/stdio.c.obj
                0x0000000020003708                PROVIDE (__mutex_array_end = .)
                0x0000000020003708                . = ALIGN (0x4)
                0x0000000020003708                PROVIDE (__preinit_array_start = .)
 *(SORT_BY_NAME(.preinit_array.*))
 .preinit_array.00001
                0x0000000020003708        0x4 CMakeFiles/pico_float_test.dir/__/__/src/rp2_common/pico_mem_ops/mem_ops_aeabi.S.obj
 .preinit_array.00010
                0x000000002000370c        0x4 CMakeFiles/pico_float_test.dir/__/__/src/rp2_common/pico_bit_ops/bit_ops_aeabi.S.obj
 .preinit_array.00020
                0x0000000020003710        0x4 CMakeFiles/pico_float_test.dir/__/__/src/rp2_common/pico_float/float_aeabi.S.obj
 .preinit_array.00020
                0x0000000020003714        0x4 CMakeFiles/pico_float_test.dir/__/__/src/rp2_common/pico_double/double_aeabi.S.obj
 *(.preinit_array)
                0x0000000020003718                PROVIDE (__preinit_array_end = .)
                0x0000000020003718                . = ALIGN (0x4)
                0x0000000020003718                PROVIDE (__init_array_start = .)
 *(SORT_BY_NAME(.init_array.*))
 *(.init_array)
 .init_array    0x0000000020003718        0x4 /usr/lib/gcc/arm-none-eabi/10.3.1/thumb/v6-m/nofp/crtbegin.o
                0x000000002000371c                PROVIDE (__init_array_end = .)
                0x000000002000371c                . = ALIGN (0x4)
                0x000000002000371c                PROVIDE (__fini_array_start = .)
 *(SORT_BY_NAME(.fini_array.*))
 *(.fini_array)
                0x000000002000371c                PROVIDE (__fini_array_end = .)
 *(.jcr)
                0x000000002000371c                . = ALIGN (0x4)
                0x000000002000371c                __data_end__ = .
                0x00000000100079b8                __etext = LOADADDR (.data)

.tm_clone_table
                0x000000002000371c        0x0 load address 0x000000001000b014
 .tm_clone_table
                0x000000002000371c        0x0 /usr/lib/gcc/arm-none-eabi/10.3.1/thumb/v6-m/nofp/crtbegin.o
 .tm_clone_table
                0x000000002000371c        0x0 /usr/lib/gcc/arm-none-eabi/10.3.1/thumb/v6-m/nofp/crtend.o

.igot.plt       0x000000002000371c        0x0 load address 0x000000001000b014
 .igot.plt      0x000000002000371c        0x0 /usr/lib/gcc/arm-none-eabi/10.3.1/thumb/v6-m/nofp/crtbegin.o

.uninitialized_data
                0x000000002000371c        0x0 load address 0x000000001000b014
                0x000000002000371c                . = ALIGN (0x4)
 *(.uninitialized_data*)

.scratch_x      0x0000000020040000        0x0 load address 0x000000001000b014
                0x0000000020040000                __scratch_x_start__ = .
 *(.scratch_x.*)
                0x0000000020040000                . = ALIGN (0x4)
                0x0000000020040000                __scratch_x_end__ = .
                0x000000001000b014                __scratch_x_source__ = LOADADDR (.scratch_x)

.scratch_y      0x0000000020041000        0x0 load address 0x000000001000b014
                0x0000000020041000                __scratch_y_start__ = .
 *(.scratch_y.*)
                0x0000000020041000                . = ALIGN (0x4)
                0x0000000020041000                __scratch_y_end__ = .
                0x000000001000b014                __scratch_y_source__ = LOADADDR (.scratch_y)

.bss            0x0000000020003720      0x3dc
                0x0000000020003720                . = ALIGN (0x4)
                0x0000000020003720                __bss_start__ = .
 *(SORT_BY_ALIGNMENT(SORT_BY_NAME(.bss*)))
 .bss.default_alarm_pool_entries
                0x0000000020003720      0x100 CMakeFiles/pico_float_test.dir/__/__/src/common/pico_time/time.c.obj
 .bss.sd_table  0x0000000020003820      0x100 CMakeFiles/pico_float_test.dir/__/__/src/rp2_common/pico_double/double_init_rom.c.obj
                0x0000000020003820                sd_table
 .bss.sf_table  0x0000000020003920      0x100 CMakeFiles/pico_float_test.dir/__/__/src/rp2_common/pico_float/float_init_rom.c.obj
                0x0000000020003920                sf_table
 .bss           0x0000000020003a20       0x1c /usr/lib/gcc/arm-none-eabi/10.3.1/thumb/v6-m/nofp/crtbegin.o
 .bss.alarm_callbacks
                0x0000000020003a3c       0x10 CMakeFiles/pico_float_test.dir/__/__/src/rp2_common/hardware_timer/timer.c.obj
 .bss.chars_available_callback
                0x0000000020003a4c        0x4 CMakeFiles/pico_float_test.dir/__/__/src/rp2_common/pico_stdio_uart/stdio_uart.c.obj
 .bss.chars_available_param
                0x0000000020003a50        0x4 CMakeFiles/pico_float_test.dir/__/__/src/rp2_common/pico_stdio_uart/stdio_uart.c.obj
 .bss.configured_freq
                0x0000000020003a54       0x28 CMakeFiles/pico_float_test.dir/__/__/src/rp2_common/hardware_clocks/clocks.c.obj
 .bss.default_alarm_pool_entry_ids_high
                0x0000000020003a7c       0x10 CMakeFiles/pico_float_test.dir/__/__/src/common/pico_time/time.c.obj
 .bss.default_alarm_pool_heap_nodes
                0x0000000020003a8c       0x30 CMakeFiles/pico_float_test.dir/__/__/src/common/pico_time/time.c.obj
 .bss.drivers   0x0000000020003abc        0x4 CMakeFiles/pico_float_test.dir/__/__/src/rp2_common/pico_stdio/stdio.c.obj
 .bss.filter    0x0000000020003ac0        0x4 CMakeFiles/pico_float_test.dir/__/__/src/rp2_common/pico_stdio/stdio.c.obj
 .bss.lazy_vsnprintf
                0x0000000020003ac4        0x4 CMakeFiles/pico_float_test.dir/__/__/src/rp2_common/pico_printf/printf.c.obj
 .bss.pools     0x0000000020003ac8       0x10 CMakeFiles/pico_float_test.dir/__/__/src/common/pico_time/time.c.obj
 .bss.sf_clz_func
                0x0000000020003ad8        0x4 CMakeFiles/pico_float_test.dir/__/__/src/rp2_common/pico_float/float_init_rom.c.obj
                0x0000000020003ad8                sf_clz_func
 .bss.sleep_notifier
                0x0000000020003adc        0x4 CMakeFiles/pico_float_test.dir/__/__/src/common/pico_time/time.c.obj
 .bss.target_hi
                0x0000000020003ae0       0x10 CMakeFiles/pico_float_test.dir/__/__/src/rp2_common/hardware_timer/timer.c.obj
 .bss.uart_char_to_line_feed
                0x0000000020003af0        0x4 CMakeFiles/pico_float_test.dir/__/__/src/rp2_common/hardware_uart/uart.c.obj
                0x0000000020003af0                uart_char_to_line_feed
 .bss.uart_instance
                0x0000000020003af4        0x4 CMakeFiles/pico_float_test.dir/__/__/src/rp2_common/pico_stdio_uart/stdio_uart.c.obj
 .bss.claimed   0x0000000020003af8        0x1 CMakeFiles/pico_float_test.dir/__/__/src/rp2_common/hardware_timer/timer.c.obj
 .bss.irq_hander_chain_free_slot_head
                0x0000000020003af9        0x1 CMakeFiles/pico_float_test.dir/__/__/src/rp2_common/hardware_irq/irq.c.obj
 .bss.timer_callbacks_pending
                0x0000000020003afa        0x1 CMakeFiles/pico_float_test.dir/__/__/src/rp2_common/hardware_timer/timer.c.obj
 *(COMMON)
                0x0000000020003afc                . = ALIGN (0x4)
 *fill*         0x0000000020003afb        0x1 
                0x0000000020003afc                __bss_end__ = .

.heap           0x0000000020003afc      0x800
                0x0000000020003afc                __end__ = .
                0x0000000020003afc                end = __end__
 *(.heap*)
 .heap          0x0000000020003afc      0x800 CMakeFiles/pico_float_test.dir/__/__/src/rp2_common/pico_standard_link/crt0.S.obj
                0x00000000200042fc                __HeapLimit = .

.stack1_dummy   0x0000000020040000        0x0
 *(.stack1*)

.stack_dummy    0x0000000020041000      0x800
 *(.stack*)
 .stack         0x0000000020041000      0x800 CMakeFiles/pico_float_test.dir/__/__/src/rp2_common/pico_standard_link/crt0.S.obj

.flash_end      0x000000001000b014        0x0
                0x000000001000b014                PROVIDE (__flash_binary_end = .)
                0x0000000020040000                __StackLimit = (ORIGIN (RAM) + LENGTH (RAM))
                0x0000000020041000                __StackOneTop = (ORIGIN (SCRATCH_X) + LENGTH (SCRATCH_X))
                0x0000000020042000                __StackTop = (ORIGIN (SCRATCH_Y) + LENGTH (SCRATCH_Y))
                0x0000000020041000                __StackOneBottom = (__StackOneTop - SIZEOF (.stack1_dummy))
                0x0000000020041800                __StackBottom = (__StackTop - SIZEOF (.stack_dummy))
                0x0000000020042000                PROVIDE (__stack = __StackTop)
                0x0000000000000001                ASSERT ((__StackLimit >= __HeapLimit), region RAM overflowed)
                0x0000000000000001                ASSERT (((__binary_info_header_end - __logical_binary_start) <= 0x100), Binary info must be in first 256 bytes of the binary)
LOAD CMakeFiles/pico_float_test.dir/pico_float_test.c.obj
LOAD CMakeFiles/pico_float_test.dir/llvm/call_apsr.S.obj
LOAD CMakeFiles/pico_float_test.dir/__/__/src/rp2_common/pico_float/float_aeabi.S.obj
LOAD CMakeFiles/pico_float_test.dir/__/__/src/rp2_common/pico_float/float_init_rom.c.obj
LOAD CMakeFiles/pico_float_test.dir/__/__/src/rp2_common/pico_float/float_math.c.obj
LOAD CMakeFiles/pico_float_test.dir/__/__/src/rp2_common/pico_float/float_v1_rom_shim.S.obj
LOAD CMakeFiles/pico_float_test.dir/__/__/src/rp2_common/pico_bootrom/bootrom.c.obj
LOAD CMakeFiles/pico_float_test.dir/__/__/src/rp2_common/hardware_divider/divider.S.obj
LOAD CMakeFiles/pico_float_test.dir/__/__/src/rp2_common/pico_stdlib/stdlib.c.obj
LOAD CMakeFiles/pico_float_test.dir/__/__/src/rp2_common/hardware_gpio/gpio.c.obj
LOAD CMakeFiles/pico_float_test.dir/__/__/src/rp2_common/pico_platform/platform.c.obj
LOAD CMakeFiles/pico_float_test.dir/__/__/src/rp2_common/hardware_claim/claim.c.obj
LOAD CMakeFiles/pico_float_test.dir/__/__/src/rp2_common/hardware_sync/sync.c.obj
LOAD CMakeFiles/pico_float_test.dir/__/__/src/rp2_common/hardware_irq/irq.c.obj
LOAD CMakeFiles/pico_float_test.dir/__/__/src/rp2_common/hardware_irq/irq_handler_chain.S.obj
LOAD CMakeFiles/pico_float_test.dir/__/__/src/common/pico_sync/sem.c.obj
LOAD CMakeFiles/pico_float_test.dir/__/__/src/common/pico_sync/lock_core.c.obj
LOAD CMakeFiles/pico_float_test.dir/__/__/src/common/pico_sync/mutex.c.obj
LOAD CMakeFiles/pico_float_test.dir/__/__/src/common/pico_sync/critical_section.c.obj
LOAD CMakeFiles/pico_float_test.dir/__/__/src/common/pico_time/time.c.obj
LOAD CMakeFiles/pico_float_test.dir/__/__/src/common/pico_time/timeout_helper.c.obj
LOAD CMakeFiles/pico_float_test.dir/__/__/src/rp2_common/hardware_timer/timer.c.obj
LOAD CMakeFiles/pico_float_test.dir/__/__/src/common/pico_util/datetime.c.obj
LOAD CMakeFiles/pico_float_test.dir/__/__/src/common/pico_util/pheap.c.obj
LOAD CMakeFiles/pico_float_test.dir/__/__/src/common/pico_util/queue.c.obj
LOAD CMakeFiles/pico_float_test.dir/__/__/src/rp2_common/hardware_uart/uart.c.obj
LOAD CMakeFiles/pico_float_test.dir/__/__/src/rp2_common/hardware_clocks/clocks.c.obj
LOAD CMakeFiles/pico_float_test.dir/__/__/src/rp2_common/hardware_pll/pll.c.obj
LOAD CMakeFiles/pico_float_test.dir/__/__/src/rp2_common/hardware_vreg/vreg.c.obj
LOAD CMakeFiles/pico_float_test.dir/__/__/src/rp2_common/hardware_watchdog/watchdog.c.obj
LOAD CMakeFiles/pico_float_test.dir/__/__/src/rp2_common/hardware_xosc/xosc.c.obj
LOAD CMakeFiles/pico_float_test.dir/__/__/src/rp2_common/pico_runtime/runtime.c.obj
LOAD CMakeFiles/pico_float_test.dir/__/__/src/rp2_common/pico_printf/printf.c.obj
LOAD CMakeFiles/pico_float_test.dir/__/__/src/rp2_common/pico_bit_ops/bit_ops_aeabi.S.obj
LOAD CMakeFiles/pico_float_test.dir/__/__/src/rp2_common/pico_divider/divider.S.obj
LOAD CMakeFiles/pico_float_test.dir/__/__/src/rp2_common/pico_double/double_aeabi.S.obj
LOAD CMakeFiles/pico_float_test.dir/__/__/src/rp2_common/pico_double/double_init_rom.c.obj
LOAD CMakeFiles/pico_float_test.dir/__/__/src/rp2_common/pico_double/double_math.c.obj
LOAD CMakeFiles/pico_float_test.dir/__/__/src/rp2_common/pico_double/double_v1_rom_shim.S.obj
LOAD CMakeFiles/pico_float_test.dir/__/__/src/rp2_common/pico_int64_ops/pico_int64_ops_aeabi.S.obj
LOAD CMakeFiles/pico_float_test.dir/__/__/src/rp2_common/pico_malloc/pico_malloc.c.obj
LOAD CMakeFiles/pico_float_test.dir/__/__/src/rp2_common/pico_mem_ops/mem_ops_aeabi.S.obj
LOAD CMakeFiles/pico_float_test.dir/__/__/src/rp2_common/pico_standard_link/crt0.S.obj
LOAD CMakeFiles/pico_float_test.dir/__/__/src/rp2_common/pico_standard_link/new_delete.cpp.obj
LOAD CMakeFiles/pico_float_test.dir/__/__/src/rp2_common/pico_standard_link/binary_info.c.obj
LOAD CMakeFiles/pico_float_test.dir/__/__/src/rp2_common/pico_stdio/stdio.c.obj
LOAD CMakeFiles/pico_float_test.dir/__/__/src/rp2_common/pico_stdio_uart/stdio_uart.c.obj
LOAD /tmp/ccAaMQaD.o
LOAD /usr/lib/gcc/arm-none-eabi/10.3.1/../../../arm-none-eabi/lib/thumb/v6-m/nofp/libstdc++.a
LOAD /usr/lib/gcc/arm-none-eabi/10.3.1/../../../arm-none-eabi/lib/thumb/v6-m/nofp/libm.a
START GROUP
LOAD /usr/lib/gcc/arm-none-eabi/10.3.1/thumb/v6-m/nofp/libgcc.a
LOAD /usr/lib/gcc/arm-none-eabi/10.3.1/../../../arm-none-eabi/lib/thumb/v6-m/nofp/libc.a
END GROUP
START GROUP
LOAD /usr/lib/gcc/arm-none-eabi/10.3.1/thumb/v6-m/nofp/libgcc.a
LOAD /usr/lib/gcc/arm-none-eabi/10.3.1/../../../arm-none-eabi/lib/thumb/v6-m/nofp/libc.a
LOAD /usr/lib/gcc/arm-none-eabi/10.3.1/../../../arm-none-eabi/lib/thumb/v6-m/nofp/libnosys.a
END GROUP
LOAD /usr/lib/gcc/arm-none-eabi/10.3.1/thumb/v6-m/nofp/crtend.o
LOAD /usr/lib/gcc/arm-none-eabi/10.3.1/thumb/v6-m/nofp/crtn.o
OUTPUT(pico_float_test.elf elf32-littlearm)
LOAD linker stubs

.ARM.attributes
                0x0000000000000000       0x28
 .ARM.attributes
                0x0000000000000000       0x1e /usr/lib/gcc/arm-none-eabi/10.3.1/thumb/v6-m/nofp/crti.o
 .ARM.attributes
                0x000000000000001e       0x2c /usr/lib/gcc/arm-none-eabi/10.3.1/thumb/v6-m/nofp/crtbegin.o
 .ARM.attributes
                0x000000000000004a       0x2c CMakeFiles/pico_float_test.dir/pico_float_test.c.obj
 .ARM.attributes
                0x0000000000000076       0x22 CMakeFiles/pico_float_test.dir/llvm/call_apsr.S.obj
 .ARM.attributes
                0x0000000000000098       0x22 CMakeFiles/pico_float_test.dir/__/__/src/rp2_common/pico_float/float_aeabi.S.obj
 .ARM.attributes
                0x00000000000000ba       0x2c CMakeFiles/pico_float_test.dir/__/__/src/rp2_common/pico_float/float_init_rom.c.obj
 .ARM.attributes
                0x00000000000000e6       0x2c CMakeFiles/pico_float_test.dir/__/__/src/rp2_common/pico_float/float_math.c.obj
 .ARM.attributes
                0x0000000000000112       0x22 CMakeFiles/pico_float_test.dir/__/__/src/rp2_common/pico_float/float_v1_rom_shim.S.obj
 .ARM.attributes
                0x0000000000000134       0x2c CMakeFiles/pico_float_test.dir/__/__/src/rp2_common/pico_bootrom/bootrom.c.obj
 .ARM.attributes
                0x0000000000000160       0x2c CMakeFiles/pico_float_test.dir/__/__/src/rp2_common/pico_stdlib/stdlib.c.obj
 .ARM.attributes
                0x000000000000018c       0x2c CMakeFiles/pico_float_test.dir/__/__/src/rp2_common/hardware_gpio/gpio.c.obj
 .ARM.attributes
                0x00000000000001b8       0x2c CMakeFiles/pico_float_test.dir/__/__/src/rp2_common/pico_platform/platform.c.obj
 .ARM.attributes
                0x00000000000001e4       0x2c CMakeFiles/pico_float_test.dir/__/__/src/rp2_common/hardware_claim/claim.c.obj
 .ARM.attributes
                0x0000000000000210       0x2c CMakeFiles/pico_float_test.dir/__/__/src/rp2_common/hardware_sync/sync.c.obj
 .ARM.attributes
                0x000000000000023c       0x2c CMakeFiles/pico_float_test.dir/__/__/src/rp2_common/hardware_irq/irq.c.obj
 .ARM.attributes
                0x0000000000000268       0x22 CMakeFiles/pico_float_test.dir/__/__/src/rp2_common/hardware_irq/irq_handler_chain.S.obj
 .ARM.attributes
                0x000000000000028a       0x2c CMakeFiles/pico_float_test.dir/__/__/src/common/pico_sync/lock_core.c.obj
 .ARM.attributes
                0x00000000000002b6       0x2c CMakeFiles/pico_float_test.dir/__/__/src/common/pico_sync/mutex.c.obj
 .ARM.attributes
                0x00000000000002e2       0x2c CMakeFiles/pico_float_test.dir/__/__/src/common/pico_time/time.c.obj
 .ARM.attributes
                0x000000000000030e       0x2c CMakeFiles/pico_float_test.dir/__/__/src/rp2_common/hardware_timer/timer.c.obj
 .ARM.attributes
                0x000000000000033a       0x2c CMakeFiles/pico_float_test.dir/__/__/src/common/pico_util/pheap.c.obj
 .ARM.attributes
                0x0000000000000366       0x2c CMakeFiles/pico_float_test.dir/__/__/src/rp2_common/hardware_uart/uart.c.obj
 .ARM.attributes
                0x0000000000000392       0x2c CMakeFiles/pico_float_test.dir/__/__/src/rp2_common/hardware_clocks/clocks.c.obj
 .ARM.attributes
                0x00000000000003be       0x2c CMakeFiles/pico_float_test.dir/__/__/src/rp2_common/hardware_pll/pll.c.obj
 .ARM.attributes
                0x00000000000003ea       0x2c CMakeFiles/pico_float_test.dir/__/__/src/rp2_common/hardware_watchdog/watchdog.c.obj
 .ARM.attributes
                0x0000000000000416       0x2c CMakeFiles/pico_float_test.dir/__/__/src/rp2_common/hardware_xosc/xosc.c.obj
 .ARM.attributes
                0x0000000000000442       0x2c CMakeFiles/pico_float_test.dir/__/__/src/rp2_common/pico_runtime/runtime.c.obj
 .ARM.attributes
                0x000000000000046e       0x2c CMakeFiles/pico_float_test.dir/__/__/src/rp2_common/pico_printf/printf.c.obj
 .ARM.attributes
                0x000000000000049a       0x22 CMakeFiles/pico_float_test.dir/__/__/src/rp2_common/pico_bit_ops/bit_ops_aeabi.S.obj
 .ARM.attributes
                0x00000000000004bc       0x22 CMakeFiles/pico_float_test.dir/__/__/src/rp2_common/pico_divider/divider.S.obj
 .ARM.attributes
                0x00000000000004de       0x22 CMakeFiles/pico_float_test.dir/__/__/src/rp2_common/pico_double/double_aeabi.S.obj
 .ARM.attributes
                0x0000000000000500       0x2c CMakeFiles/pico_float_test.dir/__/__/src/rp2_common/pico_double/double_init_rom.c.obj
 .ARM.attributes
                0x000000000000052c       0x2c CMakeFiles/pico_float_test.dir/__/__/src/rp2_common/pico_double/double_math.c.obj
 .ARM.attributes
                0x0000000000000558       0x22 CMakeFiles/pico_float_test.dir/__/__/src/rp2_common/pico_double/double_v1_rom_shim.S.obj
 .ARM.attributes
                0x000000000000057a       0x22 CMakeFiles/pico_float_test.dir/__/__/src/rp2_common/pico_int64_ops/pico_int64_ops_aeabi.S.obj
 .ARM.attributes
                0x000000000000059c       0x22 CMakeFiles/pico_float_test.dir/__/__/src/rp2_common/pico_mem_ops/mem_ops_aeabi.S.obj
 .ARM.attributes
                0x00000000000005be       0x22 CMakeFiles/pico_float_test.dir/__/__/src/rp2_common/pico_standard_link/crt0.S.obj
 .ARM.attributes
                0x00000000000005e0       0x32 CMakeFiles/pico_float_test.dir/__/__/src/rp2_common/pico_standard_link/binary_info.c.obj
 .ARM.attributes
                0x0000000000000612       0x2c CMakeFiles/pico_float_test.dir/__/__/src/rp2_common/pico_stdio/stdio.c.obj
 .ARM.attributes
                0x000000000000063e       0x2c CMakeFiles/pico_float_test.dir/__/__/src/rp2_common/pico_stdio_uart/stdio_uart.c.obj
 .ARM.attributes
                0x000000000000066a       0x22 /tmp/ccAaMQaD.o
 .ARM.attributes
                0x000000000000068c       0x2c /usr/lib/gcc/arm-none-eabi/10.3.1/../../../arm-none-eabi/lib/thumb/v6-m/nofp/libm.a(lib_a-sf_cos.o)
 .ARM.attributes
                0x00000000000006b8       0x2c /usr/lib/gcc/arm-none-eabi/10.3.1/../../../arm-none-eabi/lib/thumb/v6-m/nofp/libm.a(lib_a-sf_ldexp.o)
 .ARM.attributes
                0x00000000000006e4       0x2c /usr/lib/gcc/arm-none-eabi/10.3.1/../../../arm-none-eabi/lib/thumb/v6-m/nofp/libm.a(lib_a-sf_scalbn.o)
 .ARM.attributes
                0x0000000000000710       0x2c /usr/lib/gcc/arm-none-eabi/10.3.1/../../../arm-none-eabi/lib/thumb/v6-m/nofp/libm.a(lib_a-sf_sin.o)
 .ARM.attributes
                0x000000000000073c       0x2c /usr/lib/gcc/arm-none-eabi/10.3.1/../../../arm-none-eabi/lib/thumb/v6-m/nofp/libm.a(lib_a-sf_tan.o)
 .ARM.attributes
                0x0000000000000768       0x2c /usr/lib/gcc/arm-none-eabi/10.3.1/../../../arm-none-eabi/lib/thumb/v6-m/nofp/libm.a(lib_a-sf_trunc.o)
 .ARM.attributes
                0x0000000000000794       0x2c /usr/lib/gcc/arm-none-eabi/10.3.1/../../../arm-none-eabi/lib/thumb/v6-m/nofp/libm.a(lib_a-wf_atan2.o)
 .ARM.attributes
                0x00000000000007c0       0x2c /usr/lib/gcc/arm-none-eabi/10.3.1/../../../arm-none-eabi/lib/thumb/v6-m/nofp/libm.a(lib_a-wf_exp.o)
 .ARM.attributes
                0x00000000000007ec       0x2c /usr/lib/gcc/arm-none-eabi/10.3.1/../../../arm-none-eabi/lib/thumb/v6-m/nofp/libm.a(lib_a-wf_fmod.o)
 .ARM.attributes
                0x0000000000000818       0x2c /usr/lib/gcc/arm-none-eabi/10.3.1/../../../arm-none-eabi/lib/thumb/v6-m/nofp/libm.a(lib_a-wf_log.o)
 .ARM.attributes
                0x0000000000000844       0x2c /usr/lib/gcc/arm-none-eabi/10.3.1/../../../arm-none-eabi/lib/thumb/v6-m/nofp/libm.a(lib_a-wf_pow.o)
 .ARM.attributes
                0x0000000000000870       0x2c /usr/lib/gcc/arm-none-eabi/10.3.1/../../../arm-none-eabi/lib/thumb/v6-m/nofp/libm.a(lib_a-wf_sqrt.o)
 .ARM.attributes
                0x000000000000089c       0x2c /usr/lib/gcc/arm-none-eabi/10.3.1/../../../arm-none-eabi/lib/thumb/v6-m/nofp/libm.a(lib_a-ef_atan2.o)
 .ARM.attributes
                0x00000000000008c8       0x2c /usr/lib/gcc/arm-none-eabi/10.3.1/../../../arm-none-eabi/lib/thumb/v6-m/nofp/libm.a(lib_a-ef_exp.o)
 .ARM.attributes
                0x00000000000008f4       0x2c /usr/lib/gcc/arm-none-eabi/10.3.1/../../../arm-none-eabi/lib/thumb/v6-m/nofp/libm.a(lib_a-ef_fmod.o)
 .ARM.attributes
                0x0000000000000920       0x2c /usr/lib/gcc/arm-none-eabi/10.3.1/../../../arm-none-eabi/lib/thumb/v6-m/nofp/libm.a(lib_a-ef_log.o)
 .ARM.attributes
                0x000000000000094c       0x2c /usr/lib/gcc/arm-none-eabi/10.3.1/../../../arm-none-eabi/lib/thumb/v6-m/nofp/libm.a(lib_a-ef_pow.o)
 .ARM.attributes
                0x0000000000000978       0x2c /usr/lib/gcc/arm-none-eabi/10.3.1/../../../arm-none-eabi/lib/thumb/v6-m/nofp/libm.a(lib_a-ef_rem_pio2.o)
 .ARM.attributes
                0x00000000000009a4       0x2c /usr/lib/gcc/arm-none-eabi/10.3.1/../../../arm-none-eabi/lib/thumb/v6-m/nofp/libm.a(lib_a-ef_sqrt.o)
 .ARM.attributes
                0x00000000000009d0       0x2c /usr/lib/gcc/arm-none-eabi/10.3.1/../../../arm-none-eabi/lib/thumb/v6-m/nofp/libm.a(lib_a-kf_cos.o)
 .ARM.attributes
                0x00000000000009fc       0x2c /usr/lib/gcc/arm-none-eabi/10.3.1/../../../arm-none-eabi/lib/thumb/v6-m/nofp/libm.a(lib_a-kf_rem_pio2.o)
 .ARM.attributes
                0x0000000000000a28       0x2c /usr/lib/gcc/arm-none-eabi/10.3.1/../../../arm-none-eabi/lib/thumb/v6-m/nofp/libm.a(lib_a-kf_sin.o)
 .ARM.attributes
                0x0000000000000a54       0x2c /usr/lib/gcc/arm-none-eabi/10.3.1/../../../arm-none-eabi/lib/thumb/v6-m/nofp/libm.a(lib_a-kf_tan.o)
 .ARM.attributes
                0x0000000000000a80       0x2c /usr/lib/gcc/arm-none-eabi/10.3.1/../../../arm-none-eabi/lib/thumb/v6-m/nofp/libm.a(lib_a-s_lib_ver.o)
 .ARM.attributes
                0x0000000000000aac       0x2c /usr/lib/gcc/arm-none-eabi/10.3.1/../../../arm-none-eabi/lib/thumb/v6-m/nofp/libm.a(lib_a-sf_fabs.o)
 .ARM.attributes
                0x0000000000000ad8       0x2c /usr/lib/gcc/arm-none-eabi/10.3.1/../../../arm-none-eabi/lib/thumb/v6-m/nofp/libm.a(lib_a-sf_finite.o)
 .ARM.attributes
                0x0000000000000b04       0x2c /usr/lib/gcc/arm-none-eabi/10.3.1/../../../arm-none-eabi/lib/thumb/v6-m/nofp/libm.a(lib_a-sf_nan.o)
 .ARM.attributes
                0x0000000000000b30       0x2c /usr/lib/gcc/arm-none-eabi/10.3.1/../../../arm-none-eabi/lib/thumb/v6-m/nofp/libm.a(lib_a-sf_rint.o)
 .ARM.attributes
                0x0000000000000b5c       0x1e /usr/lib/gcc/arm-none-eabi/10.3.1/thumb/v6-m/nofp/libgcc.a(_dvmd_tls.o)
 .ARM.attributes
                0x0000000000000b7a       0x2c /usr/lib/gcc/arm-none-eabi/10.3.1/thumb/v6-m/nofp/libgcc.a(_fixsfdi.o)
 .ARM.attributes
                0x0000000000000ba6       0x2c /usr/lib/gcc/arm-none-eabi/10.3.1/thumb/v6-m/nofp/libgcc.a(_floatdisf.o)
 .ARM.attributes
                0x0000000000000bd2       0x2c /usr/lib/gcc/arm-none-eabi/10.3.1/thumb/v6-m/nofp/libgcc.a(divsf3.o)
 .ARM.attributes
                0x0000000000000bfe       0x2c /usr/lib/gcc/arm-none-eabi/10.3.1/thumb/v6-m/nofp/libgcc.a(mulsf3.o)
 .ARM.attributes
                0x0000000000000c2a       0x2c /usr/lib/gcc/arm-none-eabi/10.3.1/thumb/v6-m/nofp/libgcc.a(fixsfsi.o)
 .ARM.attributes
                0x0000000000000c56       0x2c /usr/lib/gcc/arm-none-eabi/10.3.1/thumb/v6-m/nofp/libgcc.a(floatsisf.o)
 .ARM.attributes
                0x0000000000000c82       0x2c /usr/lib/gcc/arm-none-eabi/10.3.1/thumb/v6-m/nofp/libgcc.a(floatunsisf.o)
 .ARM.attributes
                0x0000000000000cae       0x2c /usr/lib/gcc/arm-none-eabi/10.3.1/../../../arm-none-eabi/lib/thumb/v6-m/nofp/libc.a(lib_a-errno.o)
 .ARM.attributes
                0x0000000000000cda       0x2c /usr/lib/gcc/arm-none-eabi/10.3.1/../../../arm-none-eabi/lib/thumb/v6-m/nofp/libc.a(lib_a-impure.o)
 .ARM.attributes
                0x0000000000000d06       0x2c /usr/lib/gcc/arm-none-eabi/10.3.1/../../../arm-none-eabi/lib/thumb/v6-m/nofp/libc.a(lib_a-strlen-stub.o)
 .ARM.attributes
                0x0000000000000d32       0x2c /usr/lib/gcc/arm-none-eabi/10.3.1/thumb/v6-m/nofp/crtend.o

.comment        0x0000000000000000       0x33
 .comment       0x0000000000000000       0x33 /usr/lib/gcc/arm-none-eabi/10.3.1/thumb/v6-m/nofp/crtbegin.o
                                         0x34 (size before relaxing)
 .comment       0x0000000000000033       0x34 CMakeFiles/pico_float_test.dir/pico_float_test.c.obj
 .comment       0x0000000000000033       0x34 CMakeFiles/pico_float_test.dir/__/__/src/rp2_common/pico_float/float_init_rom.c.obj
 .comment       0x0000000000000033       0x34 CMakeFiles/pico_float_test.dir/__/__/src/rp2_common/pico_float/float_math.c.obj
 .comment       0x0000000000000033       0x34 CMakeFiles/pico_float_test.dir/__/__/src/rp2_common/pico_bootrom/bootrom.c.obj
 .comment       0x0000000000000033       0x34 CMakeFiles/pico_float_test.dir/__/__/src/rp2_common/pico_stdlib/stdlib.c.obj
 .comment       0x0000000000000033       0x34 CMakeFiles/pico_float_test.dir/__/__/src/rp2_common/hardware_gpio/gpio.c.obj
 .comment       0x0000000000000033       0x34 CMakeFiles/pico_float_test.dir/__/__/src/rp2_common/pico_platform/platform.c.obj
 .comment       0x0000000000000033       0x34 CMakeFiles/pico_float_test.dir/__/__/src/rp2_common/hardware_claim/claim.c.obj