Archive member included to satisfy reference by file (symbol)

/usr/lib/gcc/arm-none-eabi/10.3.1/../../../arm-none-eabi/lib/thumb/v6-m/nofp/libm.a(lib_a-s_cos.o)
                              CMakeFiles/pico_double_test.dir/pico_double_test.c.obj (cos)
/usr/lib/gcc/arm-none-eabi/10.3.1/../../../arm-none-eabi/lib/thumb/v6-m/nofp/libm.a(lib_a-s_ldexp.o)
                              CMakeFiles/pico_double_test.dir/pico_double_test.c.obj (ldexp)
/usr/lib/gcc/arm-none-eabi/10.3.1/../../../arm-none-eabi/lib/thumb/v6-m/nofp/libm.a(lib_a-s_scalbn.o)
                              /usr/lib/gcc/arm-none-eabi/10.3.1/../../../arm-none-eabi/lib/thumb/v6-m/nofp/libm.a(lib_a-s_ldexp.o) (scalbn)
/usr/lib/gcc/arm-none-eabi/10.3.1/../../../arm-none-eabi/lib/thumb/v6-m/nofp/libm.a(lib_a-s_sin.o)
                              CMakeFiles/pico_double_test.dir/pico_double_test.c.obj (sin)
/usr/lib/gcc/arm-none-eabi/10.3.1/../../../arm-none-eabi/lib/thumb/v6-m/nofp/libm.a(lib_a-s_tan.o)
                              CMakeFiles/pico_double_test.dir/pico_double_test.c.obj (tan)
/usr/lib/gcc/arm-none-eabi/10.3.1/../../../arm-none-eabi/lib/thumb/v6-m/nofp/libm.a(lib_a-s_trunc.o)
                              CMakeFiles/pico_double_test.dir/pico_double_test.c.obj (trunc)
/usr/lib/gcc/arm-none-eabi/10.3.1/../../../arm-none-eabi/lib/thumb/v6-m/nofp/libm.a(lib_a-w_atan2.o)
                              CMakeFiles/pico_double_test.dir/pico_double_test.c.obj (atan2)
/usr/lib/gcc/arm-none-eabi/10.3.1/../../../arm-none-eabi/lib/thumb/v6-m/nofp/libm.a(lib_a-w_exp.o)
                              CMakeFiles/pico_double_test.dir/pico_double_test.c.obj (exp)
/usr/lib/gcc/arm-none-eabi/10.3.1/../../../arm-none-eabi/lib/thumb/v6-m/nofp/libm.a(lib_a-w_fmod.o)
                              CMakeFiles/pico_double_test.dir/pico_double_test.c.obj (fmod)
/usr/lib/gcc/arm-none-eabi/10.3.1/../../../arm-none-eabi/lib/thumb/v6-m/nofp/libm.a(lib_a-w_log.o)
                              CMakeFiles/pico_double_test.dir/pico_double_test.c.obj (log)
/usr/lib/gcc/arm-none-eabi/10.3.1/../../../arm-none-eabi/lib/thumb/v6-m/nofp/libm.a(lib_a-w_pow.o)
                              CMakeFiles/pico_double_test.dir/pico_double_test.c.obj (pow)
/usr/lib/gcc/arm-none-eabi/10.3.1/../../../arm-none-eabi/lib/thumb/v6-m/nofp/libm.a(lib_a-w_sqrt.o)
                              CMakeFiles/pico_double_test.dir/pico_double_test.c.obj (sqrt)
/usr/lib/gcc/arm-none-eabi/10.3.1/../../../arm-none-eabi/lib/thumb/v6-m/nofp/libm.a(lib_a-e_atan2.o)
                              /usr/lib/gcc/arm-none-eabi/10.3.1/../../../arm-none-eabi/lib/thumb/v6-m/nofp/libm.a(lib_a-w_atan2.o) (__ieee754_atan2)
/usr/lib/gcc/arm-none-eabi/10.3.1/../../../arm-none-eabi/lib/thumb/v6-m/nofp/libm.a(lib_a-e_exp.o)
                              /usr/lib/gcc/arm-none-eabi/10.3.1/../../../arm-none-eabi/lib/thumb/v6-m/nofp/libm.a(lib_a-w_exp.o) (__ieee754_exp)
/usr/lib/gcc/arm-none-eabi/10.3.1/../../../arm-none-eabi/lib/thumb/v6-m/nofp/libm.a(lib_a-e_fmod.o)
                              /usr/lib/gcc/arm-none-eabi/10.3.1/../../../arm-none-eabi/lib/thumb/v6-m/nofp/libm.a(lib_a-w_fmod.o) (__ieee754_fmod)
/usr/lib/gcc/arm-none-eabi/10.3.1/../../../arm-none-eabi/lib/thumb/v6-m/nofp/libm.a(lib_a-e_log.o)
                              /usr/lib/gcc/arm-none-eabi/10.3.1/../../../arm-none-eabi/lib/thumb/v6-m/nofp/libm.a(lib_a-w_log.o) (__ieee754_log)
/usr/lib/gcc/arm-none-eabi/10.3.1/../../../arm-none-eabi/lib/thumb/v6-m/nofp/libm.a(lib_a-e_pow.o)
                              /usr/lib/gcc/arm-none-eabi/10.3.1/../../../arm-none-eabi/lib/thumb/v6-m/nofp/libm.a(lib_a-w_pow.o) (__ieee754_pow)
/usr/lib/gcc/arm-none-eabi/10.3.1/../../../arm-none-eabi/lib/thumb/v6-m/nofp/libm.a(lib_a-e_rem_pio2.o)
                              /usr/lib/gcc/arm-none-eabi/10.3.1/../../../arm-none-eabi/lib/thumb/v6-m/nofp/libm.a(lib_a-s_cos.o) (__ieee754_rem_pio2)
/usr/lib/gcc/arm-none-eabi/10.3.1/../../../arm-none-eabi/lib/thumb/v6-m/nofp/libm.a(lib_a-e_sqrt.o)
                              /usr/lib/gcc/arm-none-eabi/10.3.1/../../../arm-none-eabi/lib/thumb/v6-m/nofp/libm.a(lib_a-w_sqrt.o) (__ieee754_sqrt)
/usr/lib/gcc/arm-none-eabi/10.3.1/../../../arm-none-eabi/lib/thumb/v6-m/nofp/libm.a(lib_a-k_cos.o)
                              /usr/lib/gcc/arm-none-eabi/10.3.1/../../../arm-none-eabi/lib/thumb/v6-m/nofp/libm.a(lib_a-s_cos.o) (__kernel_cos)
/usr/lib/gcc/arm-none-eabi/10.3.1/../../../arm-none-eabi/lib/thumb/v6-m/nofp/libm.a(lib_a-k_rem_pio2.o)
                              /usr/lib/gcc/arm-none-eabi/10.3.1/../../../arm-none-eabi/lib/thumb/v6-m/nofp/libm.a(lib_a-e_rem_pio2.o) (__kernel_rem_pio2)
/usr/lib/gcc/arm-none-eabi/10.3.1/../../../arm-none-eabi/lib/thumb/v6-m/nofp/libm.a(lib_a-k_sin.o)
                              /usr/lib/gcc/arm-none-eabi/10.3.1/../../../arm-none-eabi/lib/thumb/v6-m/nofp/libm.a(lib_a-s_cos.o) (__kernel_sin)
/usr/lib/gcc/arm-none-eabi/10.3.1/../../../arm-none-eabi/lib/thumb/v6-m/nofp/libm.a(lib_a-k_tan.o)
[...]
Memory Configuration

Name             Origin             Length             Attributes
FLASH            0x0000000010000000 0x0000000000200000 xr
RAM              0x0000000020000000 0x0000000000040000 xrw
SCRATCH_X        0x0000000020040000 0x0000000000001000 xrw
SCRATCH_Y        0x0000000020041000 0x0000000000001000 xrw
*default*        0x0000000000000000 0xffffffffffffffff

Linker script and memory map

LOAD /usr/lib/gcc/arm-none-eabi/10.3.1/thumb/v6-m/nofp/crti.o
LOAD /usr/lib/gcc/arm-none-eabi/10.3.1/thumb/v6-m/nofp/crtbegin.o
LOAD /usr/lib/gcc/arm-none-eabi/10.3.1/../../../arm-none-eabi/lib/thumb/v6-m/nofp/crt0.o

.flash_begin    0x0000000010000000        0x0
                0x0000000010000000                __flash_binary_start = .

.boot2          0x0000000010000000      0x100
                0x0000000010000000                __boot2_start__ = .
 *(.boot2)
 .boot2         0x0000000010000000      0x100 /tmp/cc5l9nVp.o
                0x0000000010000100                __boot2_end__ = .
                0x0000000000000001                ASSERT (((__boot2_end__ - __boot2_start__) == 0x100), ERROR: Pico second stage bootloader must be 256 bytes in size)

.text           0x0000000010000100     0x6fb8
                0x0000000010000100                __logical_binary_start = .
 *(.vectors)
 .vectors       0x0000000010000100       0xd4 CMakeFiles/pico_double_test.dir/__/__/src/rp2_common/pico_standard_link/crt0.S.obj
                0x0000000010000100                __vectors
                0x0000000010000100                __VECTOR_TABLE
                0x00000000100001c0                isr_invalid
                0x00000000100001c0                __default_isrs_start
                0x00000000100001c2                isr_nmi
                0x00000000100001c4                isr_hardfault
                0x00000000100001c6                isr_svcall
                0x00000000100001c8                isr_pendsv
                0x00000000100001ca                isr_systick
                0x00000000100001cc                isr_irq30
                0x00000000100001cc                __unhandled_user_irq
                0x00000000100001cc                isr_irq13
                0x00000000100001cc                isr_irq27
                0x00000000100001cc                isr_irq31
                0x00000000100001cc                isr_irq5
                0x00000000100001cc                isr_irq11
                0x00000000100001cc                isr_irq23
                0x00000000100001cc                isr_irq18
                0x00000000100001cc                isr_irq28
                0x00000000100001cc                isr_irq19
                0x00000000100001cc                isr_irq0
                0x00000000100001cc                isr_irq6
                0x00000000100001cc                isr_irq22
                0x00000000100001cc                isr_irq17
                0x00000000100001cc                isr_irq14
                0x00000000100001cc                isr_irq2
                0x00000000100001cc                isr_irq10
                0x00000000100001cc                isr_irq8
                0x00000000100001cc                isr_irq24
                0x00000000100001cc                isr_irq1
                0x00000000100001cc                isr_irq7
                0x00000000100001cc                isr_irq21
                0x00000000100001cc                isr_irq20
                0x00000000100001cc                isr_irq15
                0x00000000100001cc                isr_irq25
                0x00000000100001cc                isr_irq4
                0x00000000100001cc                isr_irq16
                0x00000000100001cc                isr_irq29
                0x00000000100001cc                isr_irq26
                0x00000000100001cc                __default_isrs_end
                0x00000000100001cc                isr_irq3
                0x00000000100001cc                isr_irq12
                0x00000000100001cc                isr_irq9
                0x00000000100001d2                unhandled_user_irq_num_in_r0
 *(.binary_info_header)
 .binary_info_header
                0x00000000100001d4       0x14 CMakeFiles/pico_double_test.dir/__/__/src/rp2_common/pico_standard_link/crt0.S.obj
                0x00000000100001e8                __binary_info_header_end = .
 *(.reset)
 .reset         0x00000000100001e8       0xa0 CMakeFiles/pico_double_test.dir/__/__/src/rp2_common/pico_standard_link/crt0.S.obj
                0x00000000100001e8                _entry_point
 .reset         0x0000000010000288       0x30 CMakeFiles/pico_double_test.dir/__/__/src/rp2_common/pico_standard_link/binary_info.c.obj
 *(.init)
 .init          0x00000000100002b8        0x4 /usr/lib/gcc/arm-none-eabi/10.3.1/thumb/v6-m/nofp/crti.o
                0x00000000100002b8                _init
 *(EXCLUDE_FILE(*libm.a: *libc.a:*lib_a-mem*.o *libgcc.a:) .text*)
 .text          0x00000000100002bc       0x98 /usr/lib/gcc/arm-none-eabi/10.3.1/thumb/v6-m/nofp/crtbegin.o
 .text.test__aeabi_cdcmpeq
                0x0000000010000354       0x44 CMakeFiles/pico_double_test.dir/pico_double_test.c.obj
                0x0000000010000354                test__aeabi_cdcmpeq
 .text.test_cdcmpeq
                0x0000000010000398      0x2d4 CMakeFiles/pico_double_test.dir/pico_double_test.c.obj
                0x0000000010000398                test_cdcmpeq
 .text.test_dcmple_gt
                0x000000001000066c       0x94 CMakeFiles/pico_double_test.dir/pico_double_test.c.obj
                0x000000001000066c                test_dcmple_gt
 .text.test_dcmplt_ge
                0x0000000010000700       0x94 CMakeFiles/pico_double_test.dir/pico_double_test.c.obj
                0x0000000010000700                test_dcmplt_ge
 .text.test__aeabi_cdcmple
                0x0000000010000794      0x118 CMakeFiles/pico_double_test.dir/pico_double_test.c.obj
                0x0000000010000794                test__aeabi_cdcmple
 .text.test_cdcmple
                0x00000000100008ac      0x1d0 CMakeFiles/pico_double_test.dir/pico_double_test.c.obj
                0x00000000100008ac                test_cdcmple
 .text.test_cmple_gt
                0x0000000010000a7c       0x3c CMakeFiles/pico_double_test.dir/pico_double_test.c.obj
                0x0000000010000a7c                test_cmple_gt
 .text.test_cmplt_ge
                0x0000000010000ab8       0x3c CMakeFiles/pico_double_test.dir/pico_double_test.c.obj
                0x0000000010000ab8                test_cmplt_ge
 .text.test_dcmpun
                0x0000000010000af4       0xf0 CMakeFiles/pico_double_test.dir/pico_double_test.c.obj
                0x0000000010000af4                test_dcmpun
 .text.startup.main
                0x0000000010000be4      0x784 CMakeFiles/pico_double_test.dir/pico_double_test.c.obj
                0x0000000010000be4                main
 .text          0x0000000010001368       0x18 CMakeFiles/pico_double_test.dir/llvm/call_apsr.S.obj
                0x0000000010001368                call_apsr_f
                0x0000000010001372                call_apsr_d
 .text.push_r8_r11
                0x0000000010001380        0xc CMakeFiles/pico_double_test.dir/__/__/src/rp2_common/pico_double/double_aeabi.S.obj
                0x0000000010001380                push_r8_r11
 .text.pop_r8_r11
                0x000000001000138c        0xc CMakeFiles/pico_double_test.dir/__/__/src/rp2_common/pico_double/double_aeabi.S.obj
                0x000000001000138c                pop_r8_r11
 .text.__wrap___aeabi_darithmetic
                0x0000000010001398       0x80 CMakeFiles/pico_double_test.dir/__/__/src/rp2_common/pico_double/double_aeabi.S.obj
                0x0000000010001398                __wrap___aeabi_drsub
                0x000000001000139e                __wrap___aeabi_dsub
                0x00000000100013b0                __wrap___aeabi_dadd
                0x00000000100013c2                __wrap___aeabi_ddiv
                0x00000000100013fe                __wrap___aeabi_dmul
 .text.__wrap___aeabi_cdcmple
                0x0000000010001418       0x6c CMakeFiles/pico_double_test.dir/__/__/src/rp2_common/pico_double/double_aeabi.S.obj
                0x0000000010001418                __wrap___aeabi_cdrcmple
                0x0000000010001428                __wrap___aeabi_cdcmple
                0x0000000010001428                __wrap___aeabi_cdcmpeq
 .text.__wrap___aeabi_dcmpeq
                0x0000000010001484       0x10 CMakeFiles/pico_double_test.dir/__/__/src/rp2_common/pico_double/double_aeabi.S.obj
                0x0000000010001484                __wrap___aeabi_dcmpeq
 .text.__wrap___aeabi_dcmplt
                0x0000000010001494        0xc CMakeFiles/pico_double_test.dir/__/__/src/rp2_common/pico_double/double_aeabi.S.obj
                0x0000000010001494                __wrap___aeabi_dcmplt
 .text.__wrap___aeabi_dcmple
                0x00000000100014a0       0x10 CMakeFiles/pico_double_test.dir/__/__/src/rp2_common/pico_double/double_aeabi.S.obj
                0x00000000100014a0                __wrap___aeabi_dcmple
 .text.__wrap___aeabi_dcmpge
                0x00000000100014b0       0x10 CMakeFiles/pico_double_test.dir/__/__/src/rp2_common/pico_double/double_aeabi.S.obj
                0x00000000100014b0                __wrap___aeabi_dcmpge
 .text.__wrap___aeabi_dcmpgt
                0x00000000100014c0        0xa CMakeFiles/pico_double_test.dir/__/__/src/rp2_common/pico_double/double_aeabi.S.obj
                0x00000000100014c0                __wrap___aeabi_dcmpgt
 .text.__wrap___aeabi_dcmpun
                0x00000000100014ca       0x1c CMakeFiles/pico_double_test.dir/__/__/src/rp2_common/pico_double/double_aeabi.S.obj
                0x00000000100014ca                __wrap___aeabi_dcmpun
 *fill*         0x00000000100014e6        0x2 
 .text.__wrap___aeabi_i2d
                0x00000000100014e8       0x38 CMakeFiles/pico_double_test.dir/__/__/src/rp2_common/pico_double/double_aeabi.S.obj
                0x00000000100014e8                __wrap___aeabi_ui2d
                0x00000000100014f0                __wrap___aeabi_i2d
 .text.__wrap___aeabi_d2iz
                0x0000000010001520       0x48 CMakeFiles/pico_double_test.dir/__/__/src/rp2_common/pico_double/double_aeabi.S.obj
                0x0000000010001520                __wrap___aeabi_d2iz
                0x0000000010001520                double2int_z
 .text.__wrap___aeabi_d2uiz
                0x0000000010001568       0x18 CMakeFiles/pico_double_test.dir/__/__/src/rp2_common/pico_double/double_aeabi.S.obj
                0x0000000010001568                double2uint
                0x0000000010001568                __wrap___aeabi_d2uiz
 .text.fix642double
                0x0000000010001580       0x18 CMakeFiles/pico_double_test.dir/__/__/src/rp2_common/pico_double/double_aeabi.S.obj
                0x0000000010001580                fix642double
 .text.__wrap___aeabi_l2d
                0x0000000010001598       0x18 CMakeFiles/pico_double_test.dir/__/__/src/rp2_common/pico_double/double_aeabi.S.obj
                0x0000000010001598                __wrap___aeabi_l2d
 .text.__wrap___aeabi_d2lz
                0x00000000100015b0       0x26 CMakeFiles/pico_double_test.dir/__/__/src/rp2_common/pico_double/double_aeabi.S.obj
                0x00000000100015b0                __wrap___aeabi_d2lz
                0x00000000100015b0                double2int64_z
 *fill*         0x00000000100015d6        0x2 
 .text.double2int64
                0x00000000100015d8       0x18 CMakeFiles/pico_double_test.dir/__/__/src/rp2_common/pico_double/double_aeabi.S.obj
                0x00000000100015d8                double2int64
 .text.__wrap___aeabi_d2ulz
                0x00000000100015f0       0x18 CMakeFiles/pico_double_test.dir/__/__/src/rp2_common/pico_double/double_aeabi.S.obj
                0x00000000100015f0                __wrap___aeabi_d2ulz
 .text.double2ufix64
                0x0000000010001608       0x18 CMakeFiles/pico_double_test.dir/__/__/src/rp2_common/pico_double/double_aeabi.S.obj
                0x0000000010001608                double2ufix64
 .text.__wrap_srqt
                0x0000000010001620       0x18 CMakeFiles/pico_double_test.dir/__/__/src/rp2_common/pico_double/double_aeabi.S.obj
                0x0000000010001620                __wrap_sqrt
 .text.__wrap_sincostan_remainder
                0x0000000010001638       0x14 CMakeFiles/pico_double_test.dir/__/__/src/rp2_common/pico_double/double_aeabi.S.obj
                0x0000000010001638                sincostan_remainder
 .text.__wrap_cos
                0x000000001000164c       0x2c CMakeFiles/pico_double_test.dir/__/__/src/rp2_common/pico_double/double_aeabi.S.obj
                0x000000001000164c                __wrap_cos
 .text.__wrap_sin
                0x0000000010001678       0x2c CMakeFiles/pico_double_test.dir/__/__/src/rp2_common/pico_double/double_aeabi.S.obj
                0x0000000010001678                __wrap_sin
 .text.__wrap_sincos
                0x00000000100016a4       0xa0 CMakeFiles/pico_double_test.dir/__/__/src/rp2_common/pico_double/double_aeabi.S.obj
                0x00000000100016b0                __wrap_sincos
 .text.__wrap_tan
                0x0000000010001744       0x5c CMakeFiles/pico_double_test.dir/__/__/src/rp2_common/pico_double/double_aeabi.S.obj
                0x0000000010001744                __wrap_tan
 .text.__wrap_atan2
                0x00000000100017a0       0x18 CMakeFiles/pico_double_test.dir/__/__/src/rp2_common/pico_double/double_aeabi.S.obj
                0x00000000100017a0                __wrap_atan2
 .text.__wrap_exp
                0x00000000100017b8       0x18 CMakeFiles/pico_double_test.dir/__/__/src/rp2_common/pico_double/double_aeabi.S.obj
                0x00000000100017b8                __wrap_exp
 .text.__wrap_log
                0x00000000100017d0       0x18 CMakeFiles/pico_double_test.dir/__/__/src/rp2_common/pico_double/double_aeabi.S.obj
                0x00000000100017d0                __wrap_log
 .text.__aeabi_double_init
                0x00000000100017e8       0x94 CMakeFiles/pico_double_test.dir/__/__/src/rp2_common/pico_double/double_init_rom.c.obj
                0x00000000100017e8                __aeabi_double_init
 .text.dpow_1   0x000000001000187c      0x274 CMakeFiles/pico_double_test.dir/__/__/src/rp2_common/pico_double/double_math.c.obj
 .text.dpow_int2
                0x0000000010001af0       0xf8 CMakeFiles/pico_double_test.dir/__/__/src/rp2_common/pico_double/double_math.c.obj
 .text.dpow_0   0x0000000010001be8      0x1cc CMakeFiles/pico_double_test.dir/__/__/src/rp2_common/pico_double/double_math.c.obj
 .text.__wrap_ldexp
                0x0000000010001db4       0x4c CMakeFiles/pico_double_test.dir/__/__/src/rp2_common/pico_double/double_math.c.obj
                0x0000000010001db4                __wrap_ldexp
 .text.__wrap_trunc
                0x0000000010001e00       0x60 CMakeFiles/pico_double_test.dir/__/__/src/rp2_common/pico_double/double_math.c.obj
                0x0000000010001e00                __wrap_trunc
 .text.__wrap_round
                0x0000000010001e60       0xa0 CMakeFiles/pico_double_test.dir/__/__/src/rp2_common/pico_double/double_math.c.obj
                0x0000000010001e60                __wrap_round
 .text.__wrap_floor
                0x0000000010001f00       0x94 CMakeFiles/pico_double_test.dir/__/__/src/rp2_common/pico_double/double_math.c.obj
                0x0000000010001f00                __wrap_floor
 .text.__wrap_atan
                0x0000000010001f94       0x40 CMakeFiles/pico_double_test.dir/__/__/src/rp2_common/pico_double/double_math.c.obj
                0x0000000010001f94                __wrap_atan
 .text.__wrap_exp2
                0x0000000010001fd4       0xbc CMakeFiles/pico_double_test.dir/__/__/src/rp2_common/pico_double/double_math.c.obj
                0x0000000010001fd4                __wrap_exp2
 .text.__wrap_pow
                0x0000000010002090      0x314 CMakeFiles/pico_double_test.dir/__/__/src/rp2_common/pico_double/double_math.c.obj
                0x0000000010002090                __wrap_pow
 .text.__wrap_fmod
                0x00000000100023a4      0x170 CMakeFiles/pico_double_test.dir/__/__/src/rp2_common/pico_double/double_math.c.obj
                0x00000000100023a4                __wrap_fmod
 .text.__wrap_remquo
                0x0000000010002514      0x2a0 CMakeFiles/pico_double_test.dir/__/__/src/rp2_common/pico_double/double_math.c.obj
                0x0000000010002514                __wrap_remquo
 .text.__wrap_remainder
                0x00000000100027b4       0x10 CMakeFiles/pico_double_test.dir/__/__/src/rp2_common/pico_double/double_math.c.obj
                0x00000000100027b4                __wrap_remainder
 .text.double_table_shim_on_use_helper
                0x00000000100027c4       0x2c CMakeFiles/pico_double_test.dir/__/__/src/rp2_common/pico_double/double_v1_rom_shim.S.obj
                0x00000000100027c4                double_table_shim_on_use_helper
 .text.__wrap___aeabi_dsub
                0x00000000100027f0       0x10 CMakeFiles/pico_double_test.dir/__/__/src/rp2_common/pico_double/double_v1_rom_shim.S.obj
                0x00000000100027f0                drsub_shim
                0x00000000100027f6                dsub_shim
 .text.dadd_shim
                0x0000000010002800      0x15c CMakeFiles/pico_double_test.dir/__/__/src/rp2_common/pico_double/double_v1_rom_shim.S.obj
                0x0000000010002800                dadd_shim
 .text.dmul_shim
                0x000000001000295c      0x15c CMakeFiles/pico_double_test.dir/__/__/src/rp2_common/pico_double/double_v1_rom_shim.S.obj
                0x000000001000295c                dmul_shim
 .text.ddiv_shim
                0x0000000010002ab8      0x1b0 CMakeFiles/pico_double_test.dir/__/__/src/rp2_common/pico_double/double_v1_rom_shim.S.obj
                0x0000000010002ab8                ddiv_shim
 .text.dsqrt_shim
                0x0000000010002c68      0x1a8 CMakeFiles/pico_double_test.dir/__/__/src/rp2_common/pico_double/double_v1_rom_shim.S.obj
                0x0000000010002c84                dsqrt_shim
 .text.dcordic_vec_step
                0x0000000010002e10        0xe CMakeFiles/pico_double_test.dir/__/__/src/rp2_common/pico_double/double_v1_rom_shim.S.obj
                0x0000000010002e10                dcordic_vec_step
 .text.dcordic_rot_step
                0x0000000010002e1e       0x76 CMakeFiles/pico_double_test.dir/__/__/src/rp2_common/pico_double/double_v1_rom_shim.S.obj
                0x0000000010002e1e                dcordic_rot_step
 .text.double2uint_shim
                0x0000000010002e94        0xe CMakeFiles/pico_double_test.dir/__/__/src/rp2_common/pico_double/double_v1_rom_shim.S.obj
                0x0000000010002e94                double2uint_shim
                0x0000000010002e96                double2ufix_shim
 .text.double2int64_shim
                0x0000000010002ea2       0x1a CMakeFiles/pico_double_test.dir/__/__/src/rp2_common/pico_double/double_v1_rom_shim.S.obj
                0x0000000010002ea2                double2int64_shim
                0x0000000010002ea4                double2fix64_shim
 .text.double2uint64_shim
                0x0000000010002ebc       0x70 CMakeFiles/pico_double_test.dir/__/__/src/rp2_common/pico_double/double_v1_rom_shim.S.obj
                0x0000000010002ebc                double2uint64_shim
                0x0000000010002ebe                double2ufix64_shim
                0x0000000010002ede                d2fix_a
 .text.x2double_shims
                0x0000000010002f2c       0x90 CMakeFiles/pico_double_test.dir/__/__/src/rp2_common/pico_double/double_v1_rom_shim.S.obj
                0x0000000010002f2c                uint2double_shim
                0x0000000010002f2e                ufix2double_shim
                0x0000000010002f34                int2double_shim
                0x0000000010002f36                fix2double_shim
                0x0000000010002f3c                uint642double_shim
                0x0000000010002f3e                ufix642double_shim
                0x0000000010002f44                int642double_shim
                0x0000000010002f46                fix642double_shim
 .text.dunpacks
                0x0000000010002fbc       0x3c CMakeFiles/pico_double_test.dir/__/__/src/rp2_common/pico_double/double_v1_rom_shim.S.obj
                0x0000000010002fbc                dunpacks
 .text.dreduce  0x0000000010002ff8       0x82 CMakeFiles/pico_double_test.dir/__/__/src/rp2_common/pico_double/double_v1_rom_shim.S.obj
                0x0000000010002ff8                dreduce
 .text.dtan_shim
                0x000000001000307a       0x20 CMakeFiles/pico_double_test.dir/__/__/src/rp2_common/pico_double/double_v1_rom_shim.S.obj
                0x000000001000307a                dtan_shim
 .text.dcos_shim
                0x000000001000309a       0x10 CMakeFiles/pico_double_test.dir/__/__/src/rp2_common/pico_double/double_v1_rom_shim.S.obj
                0x000000001000309a                dcos_shim
 .text.dsin_shim
                0x00000000100030aa       0x14 CMakeFiles/pico_double_test.dir/__/__/src/rp2_common/pico_double/double_v1_rom_shim.S.obj
                0x00000000100030aa                dsin_shim
 .text.dsincos_shim
                0x00000000100030be       0x20 CMakeFiles/pico_double_test.dir/__/__/src/rp2_common/pico_double/double_v1_rom_shim.S.obj
                0x00000000100030be                dsincos_shim
 *fill*         0x00000000100030de        0x2 
 .text.dtrig_guts
                0x00000000100030e0      0x2ec CMakeFiles/pico_double_test.dir/__/__/src/rp2_common/pico_double/double_v1_rom_shim.S.obj
                0x00000000100031b8                datan2_shim
 .text.dexp_guts
                0x00000000100033cc      0x268 CMakeFiles/pico_double_test.dir/__/__/src/rp2_common/pico_double/double_v1_rom_shim.S.obj
                0x00000000100033cc                dexp_shim
                0x0000000010003468                dln_shim
 .text.rom_func_lookup
                0x0000000010003634       0x10 CMakeFiles/pico_double_test.dir/__/__/src/rp2_common/pico_bootrom/bootrom.c.obj
                0x0000000010003634                rom_func_lookup
 .text.rom_data_lookup
                0x0000000010003644       0x10 CMakeFiles/pico_double_test.dir/__/__/src/rp2_common/pico_bootrom/bootrom.c.obj
                0x0000000010003644                rom_data_lookup
 .text.rom_funcs_lookup
                0x0000000010003654       0x44 CMakeFiles/pico_double_test.dir/__/__/src/rp2_common/pico_bootrom/bootrom.c.obj
                0x0000000010003654                rom_funcs_lookup
 .text.setup_default_uart
                0x0000000010003698        0x8 CMakeFiles/pico_double_test.dir/__/__/src/rp2_common/pico_stdlib/stdlib.c.obj
                0x0000000010003698                setup_default_uart
 .text.gpio_set_function
                0x00000000100036a0       0x30 CMakeFiles/pico_double_test.dir/__/__/src/rp2_common/hardware_gpio/gpio.c.obj
                0x00000000100036a0                gpio_set_function
 .text.running_on_fpga
                0x00000000100036d0       0x10 CMakeFiles/pico_double_test.dir/__/__/src/rp2_common/pico_platform/platform.c.obj
                0x00000000100036d0                running_on_fpga
 .text.hw_claim_or_assert
                0x00000000100036e0       0x44 CMakeFiles/pico_double_test.dir/__/__/src/rp2_common/hardware_claim/claim.c.obj
                0x00000000100036e0                hw_claim_or_assert
 .text.spin_locks_reset
                0x0000000010003724       0x1c CMakeFiles/pico_double_test.dir/__/__/src/rp2_common/hardware_sync/sync.c.obj
                0x0000000010003724                spin_locks_reset
 .text.next_striped_spin_lock_num
                0x0000000010003740       0x18 CMakeFiles/pico_double_test.dir/__/__/src/rp2_common/hardware_sync/sync.c.obj
                0x0000000010003740                next_striped_spin_lock_num
 .text.irq_set_enabled
                0x0000000010003758       0x24 CMakeFiles/pico_double_test.dir/__/__/src/rp2_common/hardware_irq/irq.c.obj
                0x0000000010003758                irq_set_enabled
 .text.irq_get_vtable_handler
                0x000000001000377c       0x10 CMakeFiles/pico_double_test.dir/__/__/src/rp2_common/hardware_irq/irq.c.obj
                0x000000001000377c                irq_get_vtable_handler
 .text.irq_set_exclusive_handler
                0x000000001000378c       0x54 CMakeFiles/pico_double_test.dir/__/__/src/rp2_common/hardware_irq/irq.c.obj
                0x000000001000378c                irq_set_exclusive_handler
 .text.irq_remove_handler
                0x00000000100037e0      0x1b0 CMakeFiles/pico_double_test.dir/__/__/src/rp2_common/hardware_irq/irq.c.obj
                0x00000000100037e0                irq_remove_handler
 .text.irq_add_tail_to_free_list
                0x0000000010003990       0xb4 CMakeFiles/pico_double_test.dir/__/__/src/rp2_common/hardware_irq/irq.c.obj
                0x0000000010003990                irq_add_tail_to_free_list
 .text.irq_init_priorities
                0x0000000010003a44       0x24 CMakeFiles/pico_double_test.dir/__/__/src/rp2_common/hardware_irq/irq.c.obj
                0x0000000010003a44                irq_init_priorities
 .text.lock_init
                0x0000000010003a68       0x10 CMakeFiles/pico_double_test.dir/__/__/src/common/pico_sync/lock_core.c.obj
                0x0000000010003a68                lock_init
 .text.mutex_init
                0x0000000010003a78       0x1c CMakeFiles/pico_double_test.dir/__/__/src/common/pico_sync/mutex.c.obj
                0x0000000010003a78                mutex_init
 .text.recursive_mutex_init
                0x0000000010003a94       0x1c CMakeFiles/pico_double_test.dir/__/__/src/common/pico_sync/mutex.c.obj
                0x0000000010003a94                recursive_mutex_init
 .text.timer_pool_entry_comparator
                0x0000000010003ab0       0x34 CMakeFiles/pico_double_test.dir/__/__/src/common/pico_time/time.c.obj
                0x0000000010003ab0                timer_pool_entry_comparator
 .text.sleep_until_callback
                0x0000000010003ae4       0x30 CMakeFiles/pico_double_test.dir/__/__/src/common/pico_time/time.c.obj
 .text.add_alarm_under_lock.isra.0
                0x0000000010003b14      0x100 CMakeFiles/pico_double_test.dir/__/__/src/common/pico_time/time.c.obj
 .text.alarm_pool_alarm_callback
                0x0000000010003c14      0x1bc CMakeFiles/pico_double_test.dir/__/__/src/common/pico_time/time.c.obj
 .text.alarm_pool_init_default
                0x0000000010003dd0       0x6c CMakeFiles/pico_double_test.dir/__/__/src/common/pico_time/time.c.obj
                0x0000000010003dd0                alarm_pool_init_default
 .text.alarm_pool_add_alarm_at
                0x0000000010003e3c      0x178 CMakeFiles/pico_double_test.dir/__/__/src/common/pico_time/time.c.obj
                0x0000000010003e3c                alarm_pool_add_alarm_at
 .text.best_effort_wfe_or_timeout
                0x0000000010003fb4       0xd4 CMakeFiles/pico_double_test.dir/__/__/src/common/pico_time/time.c.obj
                0x0000000010003fb4                best_effort_wfe_or_timeout
 .text.hardware_alarm_irq_handler
                0x0000000010004088       0xbc CMakeFiles/pico_double_test.dir/__/__/src/rp2_common/hardware_timer/timer.c.obj
 .text.hardware_alarm_claim
                0x0000000010004144       0x18 CMakeFiles/pico_double_test.dir/__/__/src/rp2_common/hardware_timer/timer.c.obj
                0x0000000010004144                hardware_alarm_claim
 .text.time_us_64
                0x000000001000415c       0x14 CMakeFiles/pico_double_test.dir/__/__/src/rp2_common/hardware_timer/timer.c.obj
                0x000000001000415c                time_us_64
 .text.busy_wait_us
                0x0000000010004170       0x54 CMakeFiles/pico_double_test.dir/__/__/src/rp2_common/hardware_timer/timer.c.obj
                0x0000000010004170                busy_wait_us
 .text.hardware_alarm_set_callback
                0x00000000100041c4       0x8c CMakeFiles/pico_double_test.dir/__/__/src/rp2_common/hardware_timer/timer.c.obj
                0x00000000100041c4                hardware_alarm_set_callback
 .text.hardware_alarm_set_target
                0x0000000010004250       0xd4 CMakeFiles/pico_double_test.dir/__/__/src/rp2_common/hardware_timer/timer.c.obj
                0x0000000010004250                hardware_alarm_set_target
 .text.hardware_alarm_cancel
                0x0000000010004324       0x3c CMakeFiles/pico_double_test.dir/__/__/src/rp2_common/hardware_timer/timer.c.obj
                0x0000000010004324                hardware_alarm_cancel
 .text.ph_merge_nodes
                0x0000000010004360       0x68 CMakeFiles/pico_double_test.dir/__/__/src/common/pico_util/pheap.c.obj
 .text.ph_post_alloc_init
                0x00000000100043c8       0x3c CMakeFiles/pico_double_test.dir/__/__/src/common/pico_util/pheap.c.obj
                0x00000000100043c8                ph_post_alloc_init
 .text.ph_merge_two_pass
                0x0000000010004404       0x90 CMakeFiles/pico_double_test.dir/__/__/src/common/pico_util/pheap.c.obj
                0x0000000010004404                ph_merge_two_pass
 .text.ph_remove_any_head
                0x0000000010004494      0x100 CMakeFiles/pico_double_test.dir/__/__/src/common/pico_util/pheap.c.obj
 .text.ph_remove_head
                0x0000000010004594      0x104 CMakeFiles/pico_double_test.dir/__/__/src/common/pico_util/pheap.c.obj
                0x0000000010004594                ph_remove_head
 .text.ph_remove_and_free_node
                0x0000000010004698       0x7c CMakeFiles/pico_double_test.dir/__/__/src/common/pico_util/pheap.c.obj
                0x0000000010004698                ph_remove_and_free_node
 .text.uart_init
                0x0000000010004714      0x188 CMakeFiles/pico_double_test.dir/__/__/src/rp2_common/hardware_uart/uart.c.obj
                0x0000000010004714                uart_init
 .text.clocks_init
                0x000000001000489c      0x2d0 CMakeFiles/pico_double_test.dir/__/__/src/rp2_common/hardware_clocks/clocks.c.obj
                0x000000001000489c                clocks_init
 .text.clock_get_hz
                0x0000000010004b6c        0xc CMakeFiles/pico_double_test.dir/__/__/src/rp2_common/hardware_clocks/clocks.c.obj
                0x0000000010004b6c                clock_get_hz
 .text.pll_init
                0x0000000010004b78       0xa0 CMakeFiles/pico_double_test.dir/__/__/src/rp2_common/hardware_pll/pll.c.obj
                0x0000000010004b78                pll_init
 .text.watchdog_start_tick
                0x0000000010004c18       0x10 CMakeFiles/pico_double_test.dir/__/__/src/rp2_common/hardware_watchdog/watchdog.c.obj
                0x0000000010004c18                watchdog_start_tick
 .text.xosc_init
                0x0000000010004c28       0x28 CMakeFiles/pico_double_test.dir/__/__/src/rp2_common/hardware_xosc/xosc.c.obj
                0x0000000010004c28                xosc_init
 .text.runtime_init
                0x0000000010004c50       0xf0 CMakeFiles/pico_double_test.dir/__/__/src/rp2_common/pico_runtime/runtime.c.obj
                0x0000000010004c50                runtime_init
 .text._exit    0x0000000010004d40        0x4 CMakeFiles/pico_double_test.dir/__/__/src/rp2_common/pico_runtime/runtime.c.obj
                0x0000000010004d40                _exit
 .text.exit     0x0000000010004d44        0x8 CMakeFiles/pico_double_test.dir/__/__/src/rp2_common/pico_runtime/runtime.c.obj
                0x0000000010004d44                exit
 .text.panic    0x0000000010004d4c       0x30 CMakeFiles/pico_double_test.dir/__/__/src/rp2_common/pico_runtime/runtime.c.obj
                0x0000000010004d4c                panic
 .text.hard_assertion_failure
                0x0000000010004d7c        0xc CMakeFiles/pico_double_test.dir/__/__/src/rp2_common/pico_runtime/runtime.c.obj
                0x0000000010004d7c                hard_assertion_failure
 .text._out_null
                0x0000000010004d88        0x4 CMakeFiles/pico_double_test.dir/__/__/src/rp2_common/pico_printf/printf.c.obj
 .text._out_rev
                0x0000000010004d8c       0x9c CMakeFiles/pico_double_test.dir/__/__/src/rp2_common/pico_printf/printf.c.obj
 .text._ntoa_format
                0x0000000010004e28      0x1cc CMakeFiles/pico_double_test.dir/__/__/src/rp2_common/pico_printf/printf.c.obj
 .text._out_char
                0x0000000010004ff4       0x10 CMakeFiles/pico_double_test.dir/__/__/src/rp2_common/pico_printf/printf.c.obj
 .text._out_fct
                0x0000000010005004       0x10 CMakeFiles/pico_double_test.dir/__/__/src/rp2_common/pico_printf/printf.c.obj
 .text._etoa    0x0000000010005014      0x44c CMakeFiles/pico_double_test.dir/__/__/src/rp2_common/pico_printf/printf.c.obj
 .text._ftoa    0x0000000010005460      0x398 CMakeFiles/pico_double_test.dir/__/__/src/rp2_common/pico_printf/printf.c.obj
 .text._vsnprintf
                0x00000000100057f8      0xb04 CMakeFiles/pico_double_test.dir/__/__/src/rp2_common/pico_printf/printf.c.obj
 .text.vfctprintf
                0x00000000100062fc       0x20 CMakeFiles/pico_double_test.dir/__/__/src/rp2_common/pico_printf/printf.c.obj
                0x00000000100062fc                vfctprintf
 .text.weak_raw_vprintf
                0x000000001000631c       0x30 CMakeFiles/pico_double_test.dir/__/__/src/rp2_common/pico_printf/printf.c.obj
                0x000000001000631c                weak_raw_vprintf
 .text          0x000000001000634c       0x10 CMakeFiles/pico_double_test.dir/__/__/src/rp2_common/pico_bit_ops/bit_ops_aeabi.S.obj
 .text.clzsi    0x000000001000635c        0xc CMakeFiles/pico_double_test.dir/__/__/src/rp2_common/pico_bit_ops/bit_ops_aeabi.S.obj
                0x000000001000635c                __wrap___clz
                0x000000001000635c                __wrap___clzsi2
                0x000000001000635c                __wrap___clzl
 .text.__wrap___aeabi_idiv
                0x0000000010006368       0x50 CMakeFiles/pico_double_test.dir/__/__/src/rp2_common/pico_divider/divider.S.obj
                0x0000000010006368                __wrap___aeabi_idivmod
                0x0000000010006368                divmod_s32s32
                0x0000000010006368                div_s32s32
                0x0000000010006368                __wrap___aeabi_idiv
                0x0000000010006370                divmod_s32s32_unsafe
                0x000000001000639c                divmod_s32s32_savestate
 .text.__wrap___aeabi_uidiv
                0x00000000100063b8       0x4c CMakeFiles/pico_double_test.dir/__/__/src/rp2_common/pico_divider/divider.S.obj
                0x00000000100063b8                __wrap___aeabi_uidiv
                0x00000000100063b8                __wrap___aeabi_uidivmod
                0x00000000100063b8                div_u32u32
                0x00000000100063b8                divmod_u32u32
                0x00000000100063c0                divmod_u32u32_unsafe
                0x00000000100063e8                divmod_u32u32_savestate
 .text.__wrap___aeabi_ldiv
                0x0000000010006404      0x424 CMakeFiles/pico_double_test.dir/__/__/src/rp2_common/pico_divider/divider.S.obj
                0x0000000010006404                div_s64s64
                0x0000000010006404                divmod_s64s64
                0x0000000010006404                __wrap___aeabi_ldivmod
                0x0000000010006434                div_u64u64
                0x0000000010006434                divmod_u64u64
                0x0000000010006434                __wrap___aeabi_uldivmod
                0x0000000010006444                divmod_u64u64_savestate
                0x0000000010006464                divmod_s64s64_unsafe
                0x00000000100064ec                divmod_u64u64_unsafe
 .text.__aeabi_lmul
                0x0000000010006828       0x32 CMakeFiles/pico_double_test.dir/__/__/src/rp2_common/pico_int64_ops/pico_int64_ops_aeabi.S.obj
                0x0000000010006828                __wrap___aeabi_lmul
 *fill*         0x000000001000685a        0x2 
 .text.__aeabi_float_init
                0x000000001000685c       0x64 CMakeFiles/pico_double_test.dir/__/__/src/rp2_common/pico_float/float_init_rom.c.obj
                0x000000001000685c                __aeabi_float_init
 .text.float_table_shim_on_use_helper
                0x00000000100068c0       0x2c CMakeFiles/pico_double_test.dir/__/__/src/rp2_common/pico_float/float_v1_rom_shim.S.obj
                0x00000000100068c0                float_table_shim_on_use_helper
 .text          0x00000000100068ec       0x10 CMakeFiles/pico_double_test.dir/__/__/src/rp2_common/pico_mem_ops/mem_ops_aeabi.S.obj
                0x00000000100068ec                __aeabi_mem_init
 .text.memcpy   0x00000000100068fc        0xc CMakeFiles/pico_double_test.dir/__/__/src/rp2_common/pico_mem_ops/mem_ops_aeabi.S.obj
                0x00000000100068fc                __wrap___aeabi_memcpy
                0x00000000100068fc                __wrap_memcpy
 .text.stdio_out_chars_no_crlf
                0x0000000010006908       0x10 CMakeFiles/pico_double_test.dir/__/__/src/rp2_common/pico_stdio/stdio.c.obj
 .text.stdio_out_chars_crlf
                0x0000000010006918       0xb4 CMakeFiles/pico_double_test.dir/__/__/src/rp2_common/pico_stdio/stdio.c.obj
 .text.stdio_buffered_printer
                0x00000000100069cc       0x64 CMakeFiles/pico_double_test.dir/__/__/src/rp2_common/pico_stdio/stdio.c.obj
 .text.stdio_put_string.isra.0
                0x0000000010006a30       0xfc CMakeFiles/pico_double_test.dir/__/__/src/rp2_common/pico_stdio/stdio.c.obj
 .text.__wrap_putchar
                0x0000000010006b2c       0x98 CMakeFiles/pico_double_test.dir/__/__/src/rp2_common/pico_stdio/stdio.c.obj
                0x0000000010006b2c                __wrap_putchar
 .text.__wrap_puts
                0x0000000010006bc4       0x3c CMakeFiles/pico_double_test.dir/__/__/src/rp2_common/pico_stdio/stdio.c.obj
                0x0000000010006bc4                __wrap_puts
 .text.stdio_set_driver_enabled
                0x0000000010006c00       0x30 CMakeFiles/pico_double_test.dir/__/__/src/rp2_common/pico_stdio/stdio.c.obj
                0x0000000010006c00                stdio_set_driver_enabled
 .text.__wrap_vprintf
                0x0000000010006c30       0xd8 CMakeFiles/pico_double_test.dir/__/__/src/rp2_common/pico_stdio/stdio.c.obj
                0x0000000010006c30                __wrap_vprintf
 .text.__wrap_printf
                0x0000000010006d08       0x18 CMakeFiles/pico_double_test.dir/__/__/src/rp2_common/pico_stdio/stdio.c.obj
                0x0000000010006d08                __wrap_printf
 .text.stdio_uart_out_chars
                0x0000000010006d20       0x4c CMakeFiles/pico_double_test.dir/__/__/src/rp2_common/pico_stdio_uart/stdio_uart.c.obj
 .text.stdio_uart_in_chars
                0x0000000010006d6c       0x84 CMakeFiles/pico_double_test.dir/__/__/src/rp2_common/pico_stdio_uart/stdio_uart.c.obj
                0x0000000010006d6c                stdio_uart_in_chars
 .text.on_uart_rx
                0x0000000010006df0       0x28 CMakeFiles/pico_double_test.dir/__/__/src/rp2_common/pico_stdio_uart/stdio_uart.c.obj
 .text.stdio_uart_set_chars_available_callback
                0x0000000010006e18       0x8c CMakeFiles/pico_double_test.dir/__/__/src/rp2_common/pico_stdio_uart/stdio_uart.c.obj
 .text.stdio_uart_init
                0x0000000010006ea4       0x48 CMakeFiles/pico_double_test.dir/__/__/src/rp2_common/pico_stdio_uart/stdio_uart.c.obj
                0x0000000010006ea4                stdio_uart_init
 .text          0x0000000010006eec        0xc /usr/lib/gcc/arm-none-eabi/10.3.1/../../../arm-none-eabi/lib/thumb/v6-m/nofp/libc.a(lib_a-errno.o)
                0x0000000010006eec                __errno
 .text          0x0000000010006ef8       0x5c /usr/lib/gcc/arm-none-eabi/10.3.1/../../../arm-none-eabi/lib/thumb/v6-m/nofp/libc.a(lib_a-strlen-stub.o)
                0x0000000010006ef8                strlen
 *(.fini)
 .fini          0x0000000010006f54        0x4 /usr/lib/gcc/arm-none-eabi/10.3.1/thumb/v6-m/nofp/crti.o
                0x0000000010006f54                _fini
 .fini.__stub   0x0000000010006f58      0x160 linker stubs
 *crtbegin.o(.ctors)
 *crtbegin?.o(.ctors)
 *(EXCLUDE_FILE(*crtend.o *crtend?.o) .ctors)
 *(SORT_BY_NAME(.ctors.*))
 *(.ctors)
 *crtbegin.o(.dtors)
 *crtbegin?.o(.dtors)
 *(EXCLUDE_FILE(*crtend.o *crtend?.o) .dtors)
 *(SORT_BY_NAME(.dtors.*))
 *(.dtors)
 *(.eh_frame*)
 .eh_frame      0x00000000100070b8        0x0 /usr/lib/gcc/arm-none-eabi/10.3.1/thumb/v6-m/nofp/crtbegin.o
                0x00000000100070b8                . = ALIGN (0x4)

.glue_7         0x00000000100070b8        0x0
 .glue_7        0x00000000100070b8        0x0 linker stubs

.glue_7t        0x00000000100070b8        0x0
 .glue_7t       0x00000000100070b8        0x0 linker stubs

.vfp11_veneer   0x00000000100070b8        0x0
 .vfp11_veneer  0x00000000100070b8        0x0 linker stubs

.v4_bx          0x00000000100070b8        0x0
 .v4_bx         0x00000000100070b8        0x0 linker stubs

.iplt           0x00000000100070b8        0x0
 .iplt          0x00000000100070b8        0x0 /usr/lib/gcc/arm-none-eabi/10.3.1/thumb/v6-m/nofp/crtbegin.o

.rodata         0x00000000100070b8      0x6e8
 *(EXCLUDE_FILE(*libm.a: *libc.a:*lib_a-mem*.o *libgcc.a:) .rodata*)
 .rodata.test__aeabi_cdcmpeq.str1.4
                0x00000000100070b8       0x3d CMakeFiles/pico_double_test.dir/pico_double_test.c.obj
 *fill*         0x00000000100070f5        0x3 
 .rodata.test_dcmple_gt.str1.4
                0x00000000100070f8       0x58 CMakeFiles/pico_double_test.dir/pico_double_test.c.obj
 .rodata.test_dcmplt_ge.str1.4
                0x0000000010007150       0x58 CMakeFiles/pico_double_test.dir/pico_double_test.c.obj
 .rodata.test__aeabi_cdcmple.str1.4
                0x00000000100071a8       0xe2 CMakeFiles/pico_double_test.dir/pico_double_test.c.obj
 *fill*         0x000000001000728a        0x2 
 .rodata.check_dcmpun.str1.4
                0x000000001000728c       0x3c CMakeFiles/pico_double_test.dir/pico_double_test.c.obj
 .rodata.main.str1.4
                0x00000000100072c8      0x19b CMakeFiles/pico_double_test.dir/pico_double_test.c.obj
                                        0x19f (size before relaxing)
 *fill*         0x0000000010007463        0x1 
 .rodata.hardware_alarm_claim.str1.4
                0x0000000010007464       0x22 CMakeFiles/pico_double_test.dir/__/__/src/rp2_common/hardware_timer/timer.c.obj
 *fill*         0x0000000010007486        0x2 
 .rodata.panic.str1.4
                0x0000000010007488       0x10 CMakeFiles/pico_double_test.dir/__/__/src/rp2_common/pico_runtime/runtime.c.obj
                                         0x12 (size before relaxing)
 .rodata.hard_assertion_failure.str1.4
                0x0000000010007498        0xc CMakeFiles/pico_double_test.dir/__/__/src/rp2_common/pico_runtime/runtime.c.obj
 .rodata._ftoa.str1.4
                0x00000000100074a4       0x15 CMakeFiles/pico_double_test.dir/__/__/src/rp2_common/pico_printf/printf.c.obj
 *fill*         0x00000000100074b9        0x3 
 .rodata._vsnprintf
                0x00000000100074bc      0x1e0 CMakeFiles/pico_double_test.dir/__/__/src/rp2_common/pico_printf/printf.c.obj
 *fill*         0x000000001000769c        0x4 
 .rodata.pow10.0
                0x00000000100076a0       0x50 CMakeFiles/pico_double_test.dir/__/__/src/rp2_common/pico_printf/printf.c.obj
 .rodata.str1.4
                0x00000000100076f0       0x48 CMakeFiles/pico_double_test.dir/__/__/src/rp2_common/pico_standard_link/binary_info.c.obj
 .rodata.__bi_44
                0x0000000010007738        0xc CMakeFiles/pico_double_test.dir/__/__/src/rp2_common/pico_standard_link/binary_info.c.obj
 .rodata.__bi_75
                0x0000000010007744        0xc CMakeFiles/pico_double_test.dir/__/__/src/rp2_common/pico_standard_link/binary_info.c.obj
 .rodata.__bi_81
                0x0000000010007750        0xc CMakeFiles/pico_double_test.dir/__/__/src/rp2_common/pico_standard_link/binary_info.c.obj
 .rodata.crlf_str.0
                0x000000001000775c        0x2 CMakeFiles/pico_double_test.dir/__/__/src/rp2_common/pico_stdio/stdio.c.obj
 *fill*         0x000000001000775e        0x2 
 .rodata.str1.4
                0x0000000010007760       0x2c CMakeFiles/pico_double_test.dir/__/__/src/rp2_common/pico_stdio_uart/stdio_uart.c.obj
 .rodata.__bi_33.4
                0x000000001000778c        0xc CMakeFiles/pico_double_test.dir/__/__/src/rp2_common/pico_stdio_uart/stdio_uart.c.obj
 .rodata.__bi_34.5
                0x0000000010007798        0x8 CMakeFiles/pico_double_test.dir/__/__/src/rp2_common/pico_stdio_uart/stdio_uart.c.obj
                0x00000000100077a0                . = ALIGN (0x4)
 *(SORT_BY_ALIGNMENT(SORT_BY_NAME(.flashdata*)))
                0x00000000100077a0                . = ALIGN (0x4)

.ARM.extab
 *(.ARM.extab* .gnu.linkonce.armextab.*)
                0x00000000100077a0                __exidx_start = .

.ARM.exidx
 *(.ARM.exidx* .gnu.linkonce.armexidx.*)
                0x00000000100077a0                __exidx_end = .
                0x00000000100077a0                . = ALIGN (0x4)
                0x00000000100077a0                __binary_info_start = .

.binary_info    0x00000000100077a0       0x24
 *(.binary_info.keep.*)
 .binary_info.keep.__bi_ptr22
                0x00000000100077a0        0x4 CMakeFiles/pico_double_test.dir/__/__/src/rp2_common/pico_standard_link/binary_info.c.obj
 .binary_info.keep.__bi_ptr30
                0x00000000100077a4        0x4 CMakeFiles/pico_double_test.dir/__/__/src/rp2_common/pico_standard_link/binary_info.c.obj
 .binary_info.keep.__bi_ptr38
                0x00000000100077a8        0x4 CMakeFiles/pico_double_test.dir/__/__/src/rp2_common/pico_standard_link/binary_info.c.obj
 .binary_info.keep.__bi_ptr44
                0x00000000100077ac        0x4 CMakeFiles/pico_double_test.dir/__/__/src/rp2_common/pico_standard_link/binary_info.c.obj
 .binary_info.keep.__bi_ptr50
                0x00000000100077b0        0x4 CMakeFiles/pico_double_test.dir/__/__/src/rp2_common/pico_standard_link/binary_info.c.obj
 .binary_info.keep.__bi_ptr75
                0x00000000100077b4        0x4 CMakeFiles/pico_double_test.dir/__/__/src/rp2_common/pico_standard_link/binary_info.c.obj
 .binary_info.keep.__bi_ptr81
                0x00000000100077b8        0x4 CMakeFiles/pico_double_test.dir/__/__/src/rp2_common/pico_standard_link/binary_info.c.obj
 *(.binary_info.*)
 .binary_info.__bi_ptr33
                0x00000000100077bc        0x4 CMakeFiles/pico_double_test.dir/__/__/src/rp2_common/pico_stdio_uart/stdio_uart.c.obj
 .binary_info.__bi_ptr34
                0x00000000100077c0        0x4 CMakeFiles/pico_double_test.dir/__/__/src/rp2_common/pico_stdio_uart/stdio_uart.c.obj
                0x00000000100077c4                __binary_info_end = .

.rel.dyn        0x00000000100077c4        0x0
 .rel.iplt      0x00000000100077c4        0x0 /usr/lib/gcc/arm-none-eabi/10.3.1/thumb/v6-m/nofp/crtbegin.o
                0x00000000100077c4                . = ALIGN (0x4)

.ram_vector_table
                0x0000000020000000       0xc0
 *(.ram_vector_table)
 .ram_vector_table
                0x0000000020000000       0xc0 CMakeFiles/pico_double_test.dir/__/__/src/rp2_common/pico_runtime/runtime.c.obj
                0x0000000020000000                ram_vector_table

.data           0x00000000200000c0     0x4a3c load address 0x00000000100077c4
                0x00000000200000c0                __data_start__ = .
 *(vtable)
 *(.time_critical*)
 .time_critical.mutex_try_enter_block_until
                0x00000000200000c0       0x9c CMakeFiles/pico_double_test.dir/__/__/src/common/pico_sync/mutex.c.obj
                0x00000000200000c0                mutex_try_enter_block_until
 .time_critical.mutex_exit
                0x000000002000015c       0x28 CMakeFiles/pico_double_test.dir/__/__/src/common/pico_sync/mutex.c.obj
                0x000000002000015c                mutex_exit
 *(.text*)
 .text          0x0000000020000184       0xa0 /usr/lib/gcc/arm-none-eabi/10.3.1/../../../arm-none-eabi/lib/thumb/v6-m/nofp/libm.a(lib_a-s_cos.o)
                0x0000000020000184                cos
 .text          0x0000000020000224       0x58 /usr/lib/gcc/arm-none-eabi/10.3.1/../../../arm-none-eabi/lib/thumb/v6-m/nofp/libm.a(lib_a-s_ldexp.o)
                0x0000000020000224                ldexp
 .text          0x000000002000027c       0xf8 /usr/lib/gcc/arm-none-eabi/10.3.1/../../../arm-none-eabi/lib/thumb/v6-m/nofp/libm.a(lib_a-s_scalbn.o)
                0x000000002000027c                scalbn
 .text          0x0000000020000374       0xa4 /usr/lib/gcc/arm-none-eabi/10.3.1/../../../arm-none-eabi/lib/thumb/v6-m/nofp/libm.a(lib_a-s_sin.o)
                0x0000000020000374                sin
 .text          0x0000000020000418       0x5c /usr/lib/gcc/arm-none-eabi/10.3.1/../../../arm-none-eabi/lib/thumb/v6-m/nofp/libm.a(lib_a-s_tan.o)
                0x0000000020000418                tan
 .text          0x0000000020000474       0x6c /usr/lib/gcc/arm-none-eabi/10.3.1/../../../arm-none-eabi/lib/thumb/v6-m/nofp/libm.a(lib_a-s_trunc.o)
                0x0000000020000474                trunc
 .text          0x00000000200004e0        0x8 /usr/lib/gcc/arm-none-eabi/10.3.1/../../../arm-none-eabi/lib/thumb/v6-m/nofp/libm.a(lib_a-w_atan2.o)
                0x00000000200004e0                atan2
 .text          0x00000000200004e8       0x80 /usr/lib/gcc/arm-none-eabi/10.3.1/../../../arm-none-eabi/lib/thumb/v6-m/nofp/libm.a(lib_a-w_exp.o)
                0x00000000200004e8                exp
 .text          0x0000000020000568       0x64 /usr/lib/gcc/arm-none-eabi/10.3.1/../../../arm-none-eabi/lib/thumb/v6-m/nofp/libm.a(lib_a-w_fmod.o)
                0x0000000020000568                fmod
 .text          0x00000000200005cc       0x7c /usr/lib/gcc/arm-none-eabi/10.3.1/../../../arm-none-eabi/lib/thumb/v6-m/nofp/libm.a(lib_a-w_log.o)
                0x00000000200005cc                log
 .text          0x0000000020000648      0x184 /usr/lib/gcc/arm-none-eabi/10.3.1/../../../arm-none-eabi/lib/thumb/v6-m/nofp/libm.a(lib_a-w_pow.o)
                0x0000000020000648                pow
 .text          0x00000000200007cc       0x5c /usr/lib/gcc/arm-none-eabi/10.3.1/../../../arm-none-eabi/lib/thumb/v6-m/nofp/libm.a(lib_a-w_sqrt.o)
                0x00000000200007cc                sqrt
 .text          0x0000000020000828      0x170 /usr/lib/gcc/arm-none-eabi/10.3.1/../../../arm-none-eabi/lib/thumb/v6-m/nofp/libm.a(lib_a-e_atan2.o)
                0x0000000020000828                __ieee754_atan2
 .text          0x0000000020000998      0x350 /usr/lib/gcc/arm-none-eabi/10.3.1/../../../arm-none-eabi/lib/thumb/v6-m/nofp/libm.a(lib_a-e_exp.o)
                0x0000000020000998                __ieee754_exp
 .text          0x0000000020000ce8      0x2a8 /usr/lib/gcc/arm-none-eabi/10.3.1/../../../arm-none-eabi/lib/thumb/v6-m/nofp/libm.a(lib_a-e_fmod.o)
                0x0000000020000ce8                __ieee754_fmod
 .text          0x0000000020000f90      0x3f4 /usr/lib/gcc/arm-none-eabi/10.3.1/../../../arm-none-eabi/lib/thumb/v6-m/nofp/libm.a(lib_a-e_log.o)
                0x0000000020000f90                __ieee754_log
 .text          0x0000000020001384      0xad0 /usr/lib/gcc/arm-none-eabi/10.3.1/../../../arm-none-eabi/lib/thumb/v6-m/nofp/libm.a(lib_a-e_pow.o)
                0x0000000020001384                __ieee754_pow
 .text          0x0000000020001e54      0x410 /usr/lib/gcc/arm-none-eabi/10.3.1/../../../arm-none-eabi/lib/thumb/v6-m/nofp/libm.a(lib_a-e_rem_pio2.o)
                0x0000000020001e54                __ieee754_rem_pio2
 .text          0x0000000020002264      0x1b0 /usr/lib/gcc/arm-none-eabi/10.3.1/../../../arm-none-eabi/lib/thumb/v6-m/nofp/libm.a(lib_a-e_sqrt.o)
                0x0000000020002264                __ieee754_sqrt
 .text          0x0000000020002414      0x230 /usr/lib/gcc/arm-none-eabi/10.3.1/../../../arm-none-eabi/lib/thumb/v6-m/nofp/libm.a(lib_a-k_cos.o)
                0x0000000020002414                __kernel_cos
 .text          0x0000000020002644      0x8c8 /usr/lib/gcc/arm-none-eabi/10.3.1/../../../arm-none-eabi/lib/thumb/v6-m/nofp/libm.a(lib_a-k_rem_pio2.o)
                0x0000000020002644                __kernel_rem_pio2
 .text          0x0000000020002f0c      0x16c /usr/lib/gcc/arm-none-eabi/10.3.1/../../../arm-none-eabi/lib/thumb/v6-m/nofp/libm.a(lib_a-k_sin.o)
                0x0000000020002f0c                __kernel_sin
 .text          0x0000000020003078      0x394 /usr/lib/gcc/arm-none-eabi/10.3.1/../../../arm-none-eabi/lib/thumb/v6-m/nofp/libm.a(lib_a-k_tan.o)
                0x0000000020003078                __kernel_tan
 .text          0x000000002000340c        0x8 /usr/lib/gcc/arm-none-eabi/10.3.1/../../../arm-none-eabi/lib/thumb/v6-m/nofp/libm.a(lib_a-s_fabs.o)
                0x000000002000340c                fabs
 .text          0x0000000020003414       0x14 /usr/lib/gcc/arm-none-eabi/10.3.1/../../../arm-none-eabi/lib/thumb/v6-m/nofp/libm.a(lib_a-s_finite.o)
                0x0000000020003414                finite
 .text          0x0000000020003428        0xc /usr/lib/gcc/arm-none-eabi/10.3.1/../../../arm-none-eabi/lib/thumb/v6-m/nofp/libm.a(lib_a-s_nan.o)
                0x0000000020003428                nan
 .text          0x0000000020003434      0x144 /usr/lib/gcc/arm-none-eabi/10.3.1/../../../arm-none-eabi/lib/thumb/v6-m/nofp/libm.a(lib_a-s_rint.o)
                0x0000000020003434                rint
 .text          0x0000000020003578        0x4 /usr/lib/gcc/arm-none-eabi/10.3.1/thumb/v6-m/nofp/libgcc.a(_dvmd_tls.o)
                0x0000000020003578                __aeabi_ldiv0
                0x0000000020003578                __aeabi_idiv0
 .text          0x000000002000357c       0x3c /usr/lib/gcc/arm-none-eabi/10.3.1/thumb/v6-m/nofp/libgcc.a(_fixdfdi.o)
                0x000000002000357c                __aeabi_d2lz
                0x000000002000357c                __fixdfdi
 .text          0x00000000200035b8       0x2c /usr/lib/gcc/arm-none-eabi/10.3.1/thumb/v6-m/nofp/libgcc.a(_floatdidf.o)
                0x00000000200035b8                __floatdidf
                0x00000000200035b8                __aeabi_l2d
 .text          0x00000000200035e4      0x5ec /usr/lib/gcc/arm-none-eabi/10.3.1/thumb/v6-m/nofp/libgcc.a(divdf3.o)
                0x00000000200035e4                __aeabi_ddiv
 .text          0x0000000020003bd0      0x4d8 /usr/lib/gcc/arm-none-eabi/10.3.1/thumb/v6-m/nofp/libgcc.a(muldf3.o)
                0x0000000020003bd0                __aeabi_dmul
 .text          0x00000000200040a8       0x6c /usr/lib/gcc/arm-none-eabi/10.3.1/thumb/v6-m/nofp/libgcc.a(fixdfsi.o)
                0x00000000200040a8                __aeabi_d2iz
 .text          0x0000000020004114       0x60 /usr/lib/gcc/arm-none-eabi/10.3.1/thumb/v6-m/nofp/libgcc.a(floatsidf.o)
                0x0000000020004114                __aeabi_i2d
 .text          0x0000000020004174       0x4c /usr/lib/gcc/arm-none-eabi/10.3.1/thumb/v6-m/nofp/libgcc.a(floatunsidf.o)
                0x0000000020004174                __aeabi_ui2d
 .text.__stub   0x00000000200041c0      0x140 linker stubs
                0x0000000020004300                . = ALIGN (0x4)
 *(.rodata*)
 .rodata.str1.4
                0x0000000020004300        0x1 /usr/lib/gcc/arm-none-eabi/10.3.1/../../../arm-none-eabi/lib/thumb/v6-m/nofp/libm.a(lib_a-w_log.o)
 *fill*         0x0000000020004301        0x7 
 .rodata        0x0000000020004308       0x30 /usr/lib/gcc/arm-none-eabi/10.3.1/../../../arm-none-eabi/lib/thumb/v6-m/nofp/libm.a(lib_a-e_atan2.o)
 .rodata        0x0000000020004338       0x30 /usr/lib/gcc/arm-none-eabi/10.3.1/../../../arm-none-eabi/lib/thumb/v6-m/nofp/libm.a(lib_a-e_exp.o)
 .rodata        0x0000000020004368       0x10 /usr/lib/gcc/arm-none-eabi/10.3.1/../../../arm-none-eabi/lib/thumb/v6-m/nofp/libm.a(lib_a-e_fmod.o)
 .rodata.str1.4
                0x0000000020004378        0x1 /usr/lib/gcc/arm-none-eabi/10.3.1/../../../arm-none-eabi/lib/thumb/v6-m/nofp/libm.a(lib_a-e_pow.o)
 .rodata        0x0000000020004378      0x188 /usr/lib/gcc/arm-none-eabi/10.3.1/../../../arm-none-eabi/lib/thumb/v6-m/nofp/libm.a(lib_a-e_rem_pio2.o)
 .rodata        0x0000000020004500       0x50 /usr/lib/gcc/arm-none-eabi/10.3.1/../../../arm-none-eabi/lib/thumb/v6-m/nofp/libm.a(lib_a-k_rem_pio2.o)
 .rodata        0x0000000020004550       0x10 /usr/lib/gcc/arm-none-eabi/10.3.1/../../../arm-none-eabi/lib/thumb/v6-m/nofp/libm.a(lib_a-s_rint.o)
 .rodata        0x0000000020004560       0x40 /usr/lib/gcc/arm-none-eabi/10.3.1/thumb/v6-m/nofp/libgcc.a(divdf3.o)
 .rodata        0x00000000200045a0       0x40 /usr/lib/gcc/arm-none-eabi/10.3.1/thumb/v6-m/nofp/libgcc.a(muldf3.o)
                0x00000000200045e0                . = ALIGN (0x4)
 *(.data*)
 .data.aa       0x00000000200045e0        0x8 CMakeFiles/pico_double_test.dir/pico_double_test.c.obj
                0x00000000200045e0                aa
 .data.bb       0x00000000200045e8        0x8 CMakeFiles/pico_double_test.dir/pico_double_test.c.obj
                0x00000000200045e8                bb
 .data.striped_spin_lock_num
                0x00000000200045f0        0x1 CMakeFiles/pico_double_test.dir/__/__/src/rp2_common/hardware_sync/sync.c.obj
 *fill*         0x00000000200045f1        0x3 
 .data          0x00000000200045f4       0x48 CMakeFiles/pico_double_test.dir/__/__/src/rp2_common/hardware_irq/irq_handler_chain.S.obj
                0x00000000200045f4                irq_handler_chain_slots
                0x0000000020004624                irq_handler_chain_first_slot
                0x000000002000462e                irq_handler_chain_remove_tail
 .data.default_alarm_pool
                0x000000002000463c       0x18 CMakeFiles/pico_double_test.dir/__/__/src/common/pico_time/time.c.obj
 .data.default_alarm_pool_heap
                0x0000000020004654       0x10 CMakeFiles/pico_double_test.dir/__/__/src/common/pico_time/time.c.obj
 *fill*         0x0000000020004664        0xc 
 .data.aeabi_bits_funcs
                0x0000000020004670       0x10 CMakeFiles/pico_double_test.dir/__/__/src/rp2_common/pico_bit_ops/bit_ops_aeabi.S.obj
                0x0000000020004670                aeabi_bits_funcs
                0x0000000020004680                aeabi_bits_funcs_end
 .data.aeabi_mem_funcs
                0x0000000020004680       0x10 CMakeFiles/pico_double_test.dir/__/__/src/rp2_common/pico_mem_ops/mem_ops_aeabi.S.obj
                0x0000000020004680                aeabi_mem_funcs
                0x0000000020004690                aeabi_mem_funcs_end
 .data.stdio_uart
                0x0000000020004690       0x18 CMakeFiles/pico_double_test.dir/__/__/src/rp2_common/pico_stdio_uart/stdio_uart.c.obj
                0x0000000020004690                stdio_uart
 .data          0x00000000200046a8        0x1 /usr/lib/gcc/arm-none-eabi/10.3.1/../../../arm-none-eabi/lib/thumb/v6-m/nofp/libm.a(lib_a-s_lib_ver.o)
                0x00000000200046a8                __fdlib_version
 *fill*         0x00000000200046a9        0x7 
 .data          0x00000000200046b0      0x430 /usr/lib/gcc/arm-none-eabi/10.3.1/../../../arm-none-eabi/lib/thumb/v6-m/nofp/libc.a(lib_a-impure.o)
                0x00000000200046b0                _impure_ptr
                0x0000000020004ae0                . = ALIGN (0x4)
 *(.after_data.*)
                0x0000000020004ae0                . = ALIGN (0x4)
                0x0000000020004ae0                PROVIDE (__mutex_array_start = .)
 *(SORT_BY_NAME(.mutex_array.*))
 *(.mutex_array)
 .mutex_array   0x0000000020004ae0        0x8 CMakeFiles/pico_double_test.dir/__/__/src/rp2_common/pico_stdio/stdio.c.obj
                0x0000000020004ae8                PROVIDE (__mutex_array_end = .)
                0x0000000020004ae8                . = ALIGN (0x4)
                0x0000000020004ae8                PROVIDE (__preinit_array_start = .)
 *(SORT_BY_NAME(.preinit_array.*))
 .preinit_array.00001
                0x0000000020004ae8        0x4 CMakeFiles/pico_double_test.dir/__/__/src/rp2_common/pico_mem_ops/mem_ops_aeabi.S.obj
 .preinit_array.00010
                0x0000000020004aec        0x4 CMakeFiles/pico_double_test.dir/__/__/src/rp2_common/pico_bit_ops/bit_ops_aeabi.S.obj
 .preinit_array.00020
                0x0000000020004af0        0x4 CMakeFiles/pico_double_test.dir/__/__/src/rp2_common/pico_double/double_aeabi.S.obj
 .preinit_array.00020
                0x0000000020004af4        0x4 CMakeFiles/pico_double_test.dir/__/__/src/rp2_common/pico_float/float_aeabi.S.obj
 *(.preinit_array)
                0x0000000020004af8                PROVIDE (__preinit_array_end = .)
                0x0000000020004af8                . = ALIGN (0x4)
                0x0000000020004af8                PROVIDE (__init_array_start = .)
 *(SORT_BY_NAME(.init_array.*))
 *(.init_array)
 .init_array    0x0000000020004af8        0x4 /usr/lib/gcc/arm-none-eabi/10.3.1/thumb/v6-m/nofp/crtbegin.o
                0x0000000020004afc                PROVIDE (__init_array_end = .)
                0x0000000020004afc                . = ALIGN (0x4)
                0x0000000020004afc                PROVIDE (__fini_array_start = .)
 *(SORT_BY_NAME(.fini_array.*))
 *(.fini_array)
                0x0000000020004afc                PROVIDE (__fini_array_end = .)
 *(.jcr)
                0x0000000020004afc                . = ALIGN (0x4)
                0x0000000020004afc                __data_end__ = .
                0x00000000100077c4                __etext = LOADADDR (.data)

.tm_clone_table
                0x0000000020004afc        0x0 load address 0x000000001000c200
 .tm_clone_table
                0x0000000020004afc        0x0 /usr/lib/gcc/arm-none-eabi/10.3.1/thumb/v6-m/nofp/crtbegin.o
 .tm_clone_table
                0x0000000020004afc        0x0 /usr/lib/gcc/arm-none-eabi/10.3.1/thumb/v6-m/nofp/crtend.o

.igot.plt       0x0000000020004afc        0x0 load address 0x000000001000c200
 .igot.plt      0x0000000020004afc        0x0 /usr/lib/gcc/arm-none-eabi/10.3.1/thumb/v6-m/nofp/crtbegin.o

.uninitialized_data
                0x0000000020004afc        0x0 load address 0x000000001000c200
                0x0000000020004afc                . = ALIGN (0x4)
 *(.uninitialized_data*)

.scratch_x      0x0000000020040000        0x0 load address 0x000000001000c200
                0x0000000020040000                __scratch_x_start__ = .
 *(.scratch_x.*)
                0x0000000020040000                . = ALIGN (0x4)
                0x0000000020040000                __scratch_x_end__ = .
                0x000000001000c200                __scratch_x_source__ = LOADADDR (.scratch_x)

.scratch_y      0x0000000020041000        0x0 load address 0x000000001000c200
                0x0000000020041000                __scratch_y_start__ = .
 *(.scratch_y.*)
                0x0000000020041000                . = ALIGN (0x4)
                0x0000000020041000                __scratch_y_end__ = .
                0x000000001000c200                __scratch_y_source__ = LOADADDR (.scratch_y)

.bss            0x0000000020004b00      0x3dc
                0x0000000020004b00                . = ALIGN (0x4)
                0x0000000020004b00                __bss_start__ = .
 *(SORT_BY_ALIGNMENT(SORT_BY_NAME(.bss*)))
 .bss.default_alarm_pool_entries
                0x0000000020004b00      0x100 CMakeFiles/pico_double_test.dir/__/__/src/common/pico_time/time.c.obj
 .bss.sd_table  0x0000000020004c00      0x100 CMakeFiles/pico_double_test.dir/__/__/src/rp2_common/pico_double/double_init_rom.c.obj
                0x0000000020004c00                sd_table
 .bss.sf_table  0x0000000020004d00      0x100 CMakeFiles/pico_double_test.dir/__/__/src/rp2_common/pico_float/float_init_rom.c.obj
                0x0000000020004d00                sf_table
 .bss           0x0000000020004e00       0x1c /usr/lib/gcc/arm-none-eabi/10.3.1/thumb/v6-m/nofp/crtbegin.o
 .bss.alarm_callbacks
                0x0000000020004e1c       0x10 CMakeFiles/pico_double_test.dir/__/__/src/rp2_common/hardware_timer/timer.c.obj
 .bss.chars_available_callback
                0x0000000020004e2c        0x4 CMakeFiles/pico_double_test.dir/__/__/src/rp2_common/pico_stdio_uart/stdio_uart.c.obj
 .bss.chars_available_param
                0x0000000020004e30        0x4 CMakeFiles/pico_double_test.dir/__/__/src/rp2_common/pico_stdio_uart/stdio_uart.c.obj
 .bss.configured_freq
                0x0000000020004e34       0x28 CMakeFiles/pico_double_test.dir/__/__/src/rp2_common/hardware_clocks/clocks.c.obj
 .bss.default_alarm_pool_entry_ids_high
                0x0000000020004e5c       0x10 CMakeFiles/pico_double_test.dir/__/__/src/common/pico_time/time.c.obj
 .bss.default_alarm_pool_heap_nodes
                0x0000000020004e6c       0x30 CMakeFiles/pico_double_test.dir/__/__/src/common/pico_time/time.c.obj
 .bss.drivers   0x0000000020004e9c        0x4 CMakeFiles/pico_double_test.dir/__/__/src/rp2_common/pico_stdio/stdio.c.obj
 .bss.filter    0x0000000020004ea0        0x4 CMakeFiles/pico_double_test.dir/__/__/src/rp2_common/pico_stdio/stdio.c.obj
 .bss.lazy_vsnprintf
                0x0000000020004ea4        0x4 CMakeFiles/pico_double_test.dir/__/__/src/rp2_common/pico_printf/printf.c.obj
 .bss.pools     0x0000000020004ea8       0x10 CMakeFiles/pico_double_test.dir/__/__/src/common/pico_time/time.c.obj
 .bss.sf_clz_func
                0x0000000020004eb8        0x4 CMakeFiles/pico_double_test.dir/__/__/src/rp2_common/pico_double/double_init_rom.c.obj
                0x0000000020004eb8                sf_clz_func
 .bss.sleep_notifier
                0x0000000020004ebc        0x4 CMakeFiles/pico_double_test.dir/__/__/src/common/pico_time/time.c.obj
 .bss.target_hi
                0x0000000020004ec0       0x10 CMakeFiles/pico_double_test.dir/__/__/src/rp2_common/hardware_timer/timer.c.obj
 .bss.uart_char_to_line_feed
                0x0000000020004ed0        0x4 CMakeFiles/pico_double_test.dir/__/__/src/rp2_common/hardware_uart/uart.c.obj
                0x0000000020004ed0                uart_char_to_line_feed
 .bss.uart_instance
                0x0000000020004ed4        0x4 CMakeFiles/pico_double_test.dir/__/__/src/rp2_common/pico_stdio_uart/stdio_uart.c.obj
 .bss.claimed   0x0000000020004ed8        0x1 CMakeFiles/pico_double_test.dir/__/__/src/rp2_common/hardware_timer/timer.c.obj
 .bss.irq_hander_chain_free_slot_head
                0x0000000020004ed9        0x1 CMakeFiles/pico_double_test.dir/__/__/src/rp2_common/hardware_irq/irq.c.obj
 .bss.timer_callbacks_pending
                0x0000000020004eda        0x1 CMakeFiles/pico_double_test.dir/__/__/src/rp2_common/hardware_timer/timer.c.obj
 *(COMMON)
                0x0000000020004edc                . = ALIGN (0x4)
 *fill*         0x0000000020004edb        0x1 
                0x0000000020004edc                __bss_end__ = .

.heap           0x0000000020004edc      0x800
                0x0000000020004edc                __end__ = .
                0x0000000020004edc                end = __end__
 *(.heap*)
 .heap          0x0000000020004edc      0x800 CMakeFiles/pico_double_test.dir/__/__/src/rp2_common/pico_standard_link/crt0.S.obj
                0x00000000200056dc                __HeapLimit = .

.stack1_dummy   0x0000000020040000        0x0
 *(.stack1*)

.stack_dummy    0x0000000020041000      0x800
 *(.stack*)
 .stack         0x0000000020041000      0x800 CMakeFiles/pico_double_test.dir/__/__/src/rp2_common/pico_standard_link/crt0.S.obj

.flash_end      0x000000001000c200        0x0
                0x000000001000c200                PROVIDE (__flash_binary_end = .)
                0x0000000020040000                __StackLimit = (ORIGIN (RAM) + LENGTH (RAM))
                0x0000000020041000                __StackOneTop = (ORIGIN (SCRATCH_X) + LENGTH (SCRATCH_X))
                0x0000000020042000                __StackTop = (ORIGIN (SCRATCH_Y) + LENGTH (SCRATCH_Y))
                0x0000000020041000                __StackOneBottom = (__StackOneTop - SIZEOF (.stack1_dummy))
                0x0000000020041800                __StackBottom = (__StackTop - SIZEOF (.stack_dummy))
                0x0000000020042000                PROVIDE (__stack = __StackTop)
                0x0000000000000001                ASSERT ((__StackLimit >= __HeapLimit), region RAM overflowed)
                0x0000000000000001                ASSERT (((__binary_info_header_end - __logical_binary_start) <= 0x100), Binary info must be in first 256 bytes of the binary)
LOAD CMakeFiles/pico_double_test.dir/pico_double_test.c.obj
LOAD CMakeFiles/pico_double_test.dir/llvm/call_apsr.S.obj
LOAD CMakeFiles/pico_double_test.dir/__/__/src/rp2_common/pico_double/double_aeabi.S.obj
LOAD CMakeFiles/pico_double_test.dir/__/__/src/rp2_common/pico_double/double_init_rom.c.obj
LOAD CMakeFiles/pico_double_test.dir/__/__/src/rp2_common/pico_double/double_math.c.obj
LOAD CMakeFiles/pico_double_test.dir/__/__/src/rp2_common/pico_double/double_v1_rom_shim.S.obj
LOAD CMakeFiles/pico_double_test.dir/__/__/src/rp2_common/pico_bootrom/bootrom.c.obj
LOAD CMakeFiles/pico_double_test.dir/__/__/src/rp2_common/hardware_divider/divider.S.obj
LOAD CMakeFiles/pico_double_test.dir/__/__/src/rp2_common/pico_stdlib/stdlib.c.obj
LOAD CMakeFiles/pico_double_test.dir/__/__/src/rp2_common/hardware_gpio/gpio.c.obj
LOAD CMakeFiles/pico_double_test.dir/__/__/src/rp2_common/pico_platform/platform.c.obj
LOAD CMakeFiles/pico_double_test.dir/__/__/src/rp2_common/hardware_claim/claim.c.obj
LOAD CMakeFiles/pico_double_test.dir/__/__/src/rp2_common/hardware_sync/sync.c.obj
LOAD CMakeFiles/pico_double_test.dir/__/__/src/rp2_common/hardware_irq/irq.c.obj
LOAD CMakeFiles/pico_double_test.dir/__/__/src/rp2_common/hardware_irq/irq_handler_chain.S.obj
LOAD CMakeFiles/pico_double_test.dir/__/__/src/common/pico_sync/sem.c.obj
LOAD CMakeFiles/pico_double_test.dir/__/__/src/common/pico_sync/lock_core.c.obj
LOAD CMakeFiles/pico_double_test.dir/__/__/src/common/pico_sync/mutex.c.obj
LOAD CMakeFiles/pico_double_test.dir/__/__/src/common/pico_sync/critical_section.c.obj
LOAD CMakeFiles/pico_double_test.dir/__/__/src/common/pico_time/time.c.obj
LOAD CMakeFiles/pico_double_test.dir/__/__/src/common/pico_time/timeout_helper.c.obj
LOAD CMakeFiles/pico_double_test.dir/__/__/src/rp2_common/hardware_timer/timer.c.obj
LOAD CMakeFiles/pico_double_test.dir/__/__/src/common/pico_util/datetime.c.obj
LOAD CMakeFiles/pico_double_test.dir/__/__/src/common/pico_util/pheap.c.obj
LOAD CMakeFiles/pico_double_test.dir/__/__/src/common/pico_util/queue.c.obj
LOAD CMakeFiles/pico_double_test.dir/__/__/src/rp2_common/hardware_uart/uart.c.obj
LOAD CMakeFiles/pico_double_test.dir/__/__/src/rp2_common/hardware_clocks/clocks.c.obj
LOAD CMakeFiles/pico_double_test.dir/__/__/src/rp2_common/hardware_pll/pll.c.obj
LOAD CMakeFiles/pico_double_test.dir/__/__/src/rp2_common/hardware_vreg/vreg.c.obj
LOAD CMakeFiles/pico_double_test.dir/__/__/src/rp2_common/hardware_watchdog/watchdog.c.obj
LOAD CMakeFiles/pico_double_test.dir/__/__/src/rp2_common/hardware_xosc/xosc.c.obj
LOAD CMakeFiles/pico_double_test.dir/__/__/src/rp2_common/pico_runtime/runtime.c.obj
LOAD CMakeFiles/pico_double_test.dir/__/__/src/rp2_common/pico_printf/printf.c.obj
LOAD CMakeFiles/pico_double_test.dir/__/__/src/rp2_common/pico_bit_ops/bit_ops_aeabi.S.obj
LOAD CMakeFiles/pico_double_test.dir/__/__/src/rp2_common/pico_divider/divider.S.obj
LOAD CMakeFiles/pico_double_test.dir/__/__/src/rp2_common/pico_int64_ops/pico_int64_ops_aeabi.S.obj
LOAD CMakeFiles/pico_double_test.dir/__/__/src/rp2_common/pico_float/float_aeabi.S.obj
LOAD CMakeFiles/pico_double_test.dir/__/__/src/rp2_common/pico_float/float_init_rom.c.obj
LOAD CMakeFiles/pico_double_test.dir/__/__/src/rp2_common/pico_float/float_math.c.obj
LOAD CMakeFiles/pico_double_test.dir/__/__/src/rp2_common/pico_float/float_v1_rom_shim.S.obj
LOAD CMakeFiles/pico_double_test.dir/__/__/src/rp2_common/pico_malloc/pico_malloc.c.obj
LOAD CMakeFiles/pico_double_test.dir/__/__/src/rp2_common/pico_mem_ops/mem_ops_aeabi.S.obj
LOAD CMakeFiles/pico_double_test.dir/__/__/src/rp2_common/pico_standard_link/crt0.S.obj
LOAD CMakeFiles/pico_double_test.dir/__/__/src/rp2_common/pico_standard_link/new_delete.cpp.obj
LOAD CMakeFiles/pico_double_test.dir/__/__/src/rp2_common/pico_standard_link/binary_info.c.obj
LOAD CMakeFiles/pico_double_test.dir/__/__/src/rp2_common/pico_stdio/stdio.c.obj
LOAD CMakeFiles/pico_double_test.dir/__/__/src/rp2_common/pico_stdio_uart/stdio_uart.c.obj
LOAD /tmp/cc5l9nVp.o
LOAD /usr/lib/gcc/arm-none-eabi/10.3.1/../../../arm-none-eabi/lib/thumb/v6-m/nofp/libstdc++.a
LOAD /usr/lib/gcc/arm-none-eabi/10.3.1/../../../arm-none-eabi/lib/thumb/v6-m/nofp/libm.a
START GROUP
LOAD /usr/lib/gcc/arm-none-eabi/10.3.1/thumb/v6-m/nofp/libgcc.a
LOAD /usr/lib/gcc/arm-none-eabi/10.3.1/../../../arm-none-eabi/lib/thumb/v6-m/nofp/libc.a
END GROUP
START GROUP
LOAD /usr/lib/gcc/arm-none-eabi/10.3.1/thumb/v6-m/nofp/libgcc.a
LOAD /usr/lib/gcc/arm-none-eabi/10.3.1/../../../arm-none-eabi/lib/thumb/v6-m/nofp/libc.a
LOAD /usr/lib/gcc/arm-none-eabi/10.3.1/../../../arm-none-eabi/lib/thumb/v6-m/nofp/libnosys.a
END GROUP
LOAD /usr/lib/gcc/arm-none-eabi/10.3.1/thumb/v6-m/nofp/crtend.o
LOAD /usr/lib/gcc/arm-none-eabi/10.3.1/thumb/v6-m/nofp/crtn.o
OUTPUT(pico_double_test.elf elf32-littlearm)
LOAD linker stubs

.ARM.attributes
                0x0000000000000000       0x28
 .ARM.attributes
                0x0000000000000000       0x1e /usr/lib/gcc/arm-none-eabi/10.3.1/thumb/v6-m/nofp/crti.o
 .ARM.attributes
                0x000000000000001e       0x2c /usr/lib/gcc/arm-none-eabi/10.3.1/thumb/v6-m/nofp/crtbegin.o
 .ARM.attributes
                0x000000000000004a       0x2c CMakeFiles/pico_double_test.dir/pico_double_test.c.obj
 .ARM.attributes
                0x0000000000000076       0x22 CMakeFiles/pico_double_test.dir/llvm/call_apsr.S.obj
 .ARM.attributes
                0x0000000000000098       0x22 CMakeFiles/pico_double_test.dir/__/__/src/rp2_common/pico_double/double_aeabi.S.obj
 .ARM.attributes
                0x00000000000000ba       0x2c CMakeFiles/pico_double_test.dir/__/__/src/rp2_common/pico_double/double_init_rom.c.obj
 .ARM.attributes
                0x00000000000000e6       0x2c CMakeFiles/pico_double_test.dir/__/__/src/rp2_common/pico_double/double_math.c.obj
 .ARM.attributes
                0x0000000000000112       0x22 CMakeFiles/pico_double_test.dir/__/__/src/rp2_common/pico_double/double_v1_rom_shim.S.obj
 .ARM.attributes
                0x0000000000000134       0x2c CMakeFiles/pico_double_test.dir/__/__/src/rp2_common/pico_bootrom/bootrom.c.obj
 .ARM.attributes
                0x0000000000000160       0x2c CMakeFiles/pico_double_test.dir/__/__/src/rp2_common/pico_stdlib/stdlib.c.obj
 .ARM.attributes
                0x000000000000018c       0x2c CMakeFiles/pico_double_test.dir/__/__/src/rp2_common/hardware_gpio/gpio.c.obj
 .ARM.attributes
                0x00000000000001b8       0x2c CMakeFiles/pico_double_test.dir/__/__/src/rp2_common/pico_platform/platform.c.obj
 .ARM.attributes
                0x00000000000001e4       0x2c CMakeFiles/pico_double_test.dir/__/__/src/rp2_common/hardware_claim/claim.c.obj
 .ARM.attributes
                0x0000000000000210       0x2c CMakeFiles/pico_double_test.dir/__/__/src/rp2_common/hardware_sync/sync.c.obj
 .ARM.attributes
                0x000000000000023c       0x2c CMakeFiles/pico_double_test.dir/__/__/src/rp2_common/hardware_irq/irq.c.obj
 .ARM.attributes
                0x0000000000000268       0x22 CMakeFiles/pico_double_test.dir/__/__/src/rp2_common/hardware_irq/irq_handler_chain.S.obj
 .ARM.attributes
                0x000000000000028a       0x2c CMakeFiles/pico_double_test.dir/__/__/src/common/pico_sync/lock_core.c.obj
 .ARM.attributes
                0x00000000000002b6       0x2c CMakeFiles/pico_double_test.dir/__/__/src/common/pico_sync/mutex.c.obj
 .ARM.attributes
                0x00000000000002e2       0x2c CMakeFiles/pico_double_test.dir/__/__/src/common/pico_time/time.c.obj
 .ARM.attributes
                0x000000000000030e       0x2c CMakeFiles/pico_double_test.dir/__/__/src/rp2_common/hardware_timer/timer.c.obj
 .ARM.attributes
                0x000000000000033a       0x2c CMakeFiles/pico_double_test.dir/__/__/src/common/pico_util/pheap.c.obj
 .ARM.attributes
                0x0000000000000366       0x2c CMakeFiles/pico_double_test.dir/__/__/src/rp2_common/hardware_uart/uart.c.obj
 .ARM.attributes
                0x0000000000000392       0x2c CMakeFiles/pico_double_test.dir/__/__/src/rp2_common/hardware_clocks/clocks.c.obj
 .ARM.attributes
                0x00000000000003be       0x2c CMakeFiles/pico_double_test.dir/__/__/src/rp2_common/hardware_pll/pll.c.obj
 .ARM.attributes
                0x00000000000003ea       0x2c CMakeFiles/pico_double_test.dir/__/__/src/rp2_common/hardware_watchdog/watchdog.c.obj
 .ARM.attributes
                0x0000000000000416       0x2c CMakeFiles/pico_double_test.dir/__/__/src/rp2_common/hardware_xosc/xosc.c.obj
 .ARM.attributes
                0x0000000000000442       0x2c CMakeFiles/pico_double_test.dir/__/__/src/rp2_common/pico_runtime/runtime.c.obj
 .ARM.attributes
                0x000000000000046e       0x2c CMakeFiles/pico_double_test.dir/__/__/src/rp2_common/pico_printf/printf.c.obj
 .ARM.attributes
                0x000000000000049a       0x22 CMakeFiles/pico_double_test.dir/__/__/src/rp2_common/pico_bit_ops/bit_ops_aeabi.S.obj
 .ARM.attributes
                0x00000000000004bc       0x22 CMakeFiles/pico_double_test.dir/__/__/src/rp2_common/pico_divider/divider.S.obj
 .ARM.attributes
                0x00000000000004de       0x22 CMakeFiles/pico_double_test.dir/__/__/src/rp2_common/pico_int64_ops/pico_int64_ops_aeabi.S.obj
 .ARM.attributes
                0x0000000000000500       0x22 CMakeFiles/pico_double_test.dir/__/__/src/rp2_common/pico_float/float_aeabi.S.obj
 .ARM.attributes
                0x0000000000000522       0x2c CMakeFiles/pico_double_test.dir/__/__/src/rp2_common/pico_float/float_init_rom.c.obj
 .ARM.attributes
                0x000000000000054e       0x22 CMakeFiles/pico_double_test.dir/__/__/src/rp2_common/pico_float/float_v1_rom_shim.S.obj
 .ARM.attributes
                0x0000000000000570       0x22 CMakeFiles/pico_double_test.dir/__/__/src/rp2_common/pico_mem_ops/mem_ops_aeabi.S.obj
 .ARM.attributes
                0x0000000000000592       0x22 CMakeFiles/pico_double_test.dir/__/__/src/rp2_common/pico_standard_link/crt0.S.obj
 .ARM.attributes
                0x00000000000005b4       0x32 CMakeFiles/pico_double_test.dir/__/__/src/rp2_common/pico_standard_link/binary_info.c.obj
 .ARM.attributes
                0x00000000000005e6       0x2c CMakeFiles/pico_double_test.dir/__/__/src/rp2_common/pico_stdio/stdio.c.obj
 .ARM.attributes
                0x0000000000000612       0x2c CMakeFiles/pico_double_test.dir/__/__/src/rp2_common/pico_stdio_uart/stdio_uart.c.obj
 .ARM.attributes
                0x000000000000063e       0x22 /tmp/cc5l9nVp.o
 .ARM.attributes
                0x0000000000000660       0x2c /usr/lib/gcc/arm-none-eabi/10.3.1/../../../arm-none-eabi/lib/thumb/v6-m/nofp/libm.a(lib_a-s_cos.o)
 .ARM.attributes
                0x000000000000068c       0x2c /usr/lib/gcc/arm-none-eabi/10.3.1/../../../arm-none-eabi/lib/thumb/v6-m/nofp/libm.a(lib_a-s_ldexp.o)
 .ARM.attributes
                0x00000000000006b8       0x2c /usr/lib/gcc/arm-none-eabi/10.3.1/../../../arm-none-eabi/lib/thumb/v6-m/nofp/libm.a(lib_a-s_scalbn.o)
 .ARM.attributes
                0x00000000000006e4       0x2c /usr/lib/gcc/arm-none-eabi/10.3.1/../../../arm-none-eabi/lib/thumb/v6-m/nofp/libm.a(lib_a-s_sin.o)
 .ARM.attributes
                0x0000000000000710       0x2c /usr/lib/gcc/arm-none-eabi/10.3.1/../../../arm-none-eabi/lib/thumb/v6-m/nofp/libm.a(lib_a-s_tan.o)
 .ARM.attributes
                0x000000000000073c       0x2c /usr/lib/gcc/arm-none-eabi/10.3.1/../../../arm-none-eabi/lib/thumb/v6-m/nofp/libm.a(lib_a-s_trunc.o)
 .ARM.attributes
                0x0000000000000768       0x2c /usr/lib/gcc/arm-none-eabi/10.3.1/../../../arm-none-eabi/lib/thumb/v6-m/nofp/libm.a(lib_a-w_atan2.o)
 .ARM.attributes
                0x0000000000000794       0x2c /usr/lib/gcc/arm-none-eabi/10.3.1/../../../arm-none-eabi/lib/thumb/v6-m/nofp/libm.a(lib_a-w_exp.o)
 .ARM.attributes
                0x00000000000007c0       0x2c /usr/lib/gcc/arm-none-eabi/10.3.1/../../../arm-none-eabi/lib/thumb/v6-m/nofp/libm.a(lib_a-w_fmod.o)
 .ARM.attributes
                0x00000000000007ec       0x2c /usr/lib/gcc/arm-none-eabi/10.3.1/../../../arm-none-eabi/lib/thumb/v6-m/nofp/libm.a(lib_a-w_log.o)
 .ARM.attributes
                0x0000000000000818       0x2c /usr/lib/gcc/arm-none-eabi/10.3.1/../../../arm-none-eabi/lib/thumb/v6-m/nofp/libm.a(lib_a-w_pow.o)
 .ARM.attributes
                0x0000000000000844       0x2c /usr/lib/gcc/arm-none-eabi/10.3.1/../../../arm-none-eabi/lib/thumb/v6-m/nofp/libm.a(lib_a-w_sqrt.o)
 .ARM.attributes
                0x0000000000000870       0x2c /usr/lib/gcc/arm-none-eabi/10.3.1/../../../arm-none-eabi/lib/thumb/v6-m/nofp/libm.a(lib_a-e_atan2.o)
 .ARM.attributes
                0x000000000000089c       0x2c /usr/lib/gcc/arm-none-eabi/10.3.1/../../../arm-none-eabi/lib/thumb/v6-m/nofp/libm.a(lib_a-e_exp.o)
 .ARM.attributes
                0x00000000000008c8       0x2c /usr/lib/gcc/arm-none-eabi/10.3.1/../../../arm-none-eabi/lib/thumb/v6-m/nofp/libm.a(lib_a-e_fmod.o)
 .ARM.attributes
                0x00000000000008f4       0x2c /usr/lib/gcc/arm-none-eabi/10.3.1/../../../arm-none-eabi/lib/thumb/v6-m/nofp/libm.a(lib_a-e_log.o)
 .ARM.attributes
                0x0000000000000920       0x2c /usr/lib/gcc/arm-none-eabi/10.3.1/../../../arm-none-eabi/lib/thumb/v6-m/nofp/libm.a(lib_a-e_pow.o)
 .ARM.attributes
                0x000000000000094c       0x2c /usr/lib/gcc/arm-none-eabi/10.3.1/../../../arm-none-eabi/lib/thumb/v6-m/nofp/libm.a(lib_a-e_rem_pio2.o)
 .ARM.attributes
                0x0000000000000978       0x2c /usr/lib/gcc/arm-none-eabi/10.3.1/../../../arm-none-eabi/lib/thumb/v6-m/nofp/libm.a(lib_a-e_sqrt.o)
 .ARM.attributes
                0x00000000000009a4       0x2c /usr/lib/gcc/arm-none-eabi/10.3.1/../../../arm-none-eabi/lib/thumb/v6-m/nofp/libm.a(lib_a-k_cos.o)
 .ARM.attributes
                0x00000000000009d0       0x2c /usr/lib/gcc/arm-none-eabi/10.3.1/../../../arm-none-eabi/lib/thumb/v6-m/nofp/libm.a(lib_a-k_rem_pio2.o)
 .ARM.attributes
                0x00000000000009fc       0x2c /usr/lib/gcc/arm-none-eabi/10.3.1/../../../arm-none-eabi/lib/thumb/v6-m/nofp/libm.a(lib_a-k_sin.o)
 .ARM.attributes
                0x0000000000000a28       0x2c /usr/lib/gcc/arm-none-eabi/10.3.1/../../../arm-none-eabi/lib/thumb/v6-m/nofp/libm.a(lib_a-k_tan.o)
 .ARM.attributes
                0x0000000000000a54       0x2c /usr/lib/gcc/arm-none-eabi/10.3.1/../../../arm-none-eabi/lib/thumb/v6-m/nofp/libm.a(lib_a-s_fabs.o)
 .ARM.attributes
                0x0000000000000a80       0x2c /usr/lib/gcc/arm-none-eabi/10.3.1/../../../arm-none-eabi/lib/thumb/v6-m/nofp/libm.a(lib_a-s_finite.o)
 .ARM.attributes
                0x0000000000000aac       0x2c /usr/lib/gcc/arm-none-eabi/10.3.1/../../../arm-none-eabi/lib/thumb/v6-m/nofp/libm.a(lib_a-s_lib_ver.o)
 .ARM.attributes
                0x0000000000000ad8       0x2c /usr/lib/gcc/arm-none-eabi/10.3.1/../../../arm-none-eabi/lib/thumb/v6-m/nofp/libm.a(lib_a-s_nan.o)
 .ARM.attributes
                0x0000000000000b04       0x2c /usr/lib/gcc/arm-none-eabi/10.3.1/../../../arm-none-eabi/lib/thumb/v6-m/nofp/libm.a(lib_a-s_rint.o)
 .ARM.attributes
                0x0000000000000b30       0x1e /usr/lib/gcc/arm-none-eabi/10.3.1/thumb/v6-m/nofp/libgcc.a(_dvmd_tls.o)
 .ARM.attributes
                0x0000000000000b4e       0x2c /usr/lib/gcc/arm-none-eabi/10.3.1/thumb/v6-m/nofp/libgcc.a(_fixdfdi.o)
 .ARM.attributes
                0x0000000000000b7a       0x2c /usr/lib/gcc/arm-none-eabi/10.3.1/thumb/v6-m/nofp/libgcc.a(_floatdidf.o)
 .ARM.attributes
                0x0000000000000ba6       0x2c /usr/lib/gcc/arm-none-eabi/10.3.1/thumb/v6-m/nofp/libgcc.a(divdf3.o)
 .ARM.attributes
                0x0000000000000bd2       0x2c /usr/lib/gcc/arm-none-eabi/10.3.1/thumb/v6-m/nofp/libgcc.a(muldf3.o)
 .ARM.attributes
                0x0000000000000bfe       0x2c /usr/lib/gcc/arm-none-eabi/10.3.1/thumb/v6-m/nofp/libgcc.a(fixdfsi.o)
 .ARM.attributes
                0x0000000000000c2a       0x2c /usr/lib/gcc/arm-none-eabi/10.3.1/thumb/v6-m/nofp/libgcc.a(floatsidf.o)
 .ARM.attributes
                0x0000000000000c56       0x2c /usr/lib/gcc/arm-none-eabi/10.3.1/thumb/v6-m/nofp/libgcc.a(floatunsidf.o)
 .ARM.attributes
                0x0000000000000c82       0x2c /usr/lib/gcc/arm-none-eabi/10.3.1/../../../arm-none-eabi/lib/thumb/v6-m/nofp/libc.a(lib_a-errno.o)
 .ARM.attributes
                0x0000000000000cae       0x2c /usr/lib/gcc/arm-none-eabi/10.3.1/../../../arm-none-eabi/lib/thumb/v6-m/nofp/libc.a(lib_a-impure.o)
 .ARM.attributes
                0x0000000000000cda       0x2c /usr/lib/gcc/arm-none-eabi/10.3.1/../../../arm-none-eabi/lib/thumb/v6-m/nofp/libc.a(lib_a-strlen-stub.o)
 .ARM.attributes
                0x0000000000000d06       0x2c /usr/lib/gcc/arm-none-eabi/10.3.1/thumb/v6-m/nofp/crtend.o

.comment        0x0000000000000000       0x33
 .comment       0x0000000000000000       0x33 /usr/lib/gcc/arm-none-eabi/10.3.1/thumb/v6-m/nofp/crtbegin.o
                                         0x34 (size before relaxing)
 .comment       0x0000000000000033       0x34 CMakeFiles/pico_double_test.dir/pico_double_test.c.obj
 .comment       0x0000000000000033       0x34 CMakeFiles/pico_double_test.dir/__/__/src/rp2_common/pico_double/double_init_rom.c.obj
 .comment       0x0000000000000033       0x34 CMakeFiles/pico_double_test.dir/__/__/src/rp2_common/pico_double/double_math.c.obj
 .comment       0x0000000000000033       0x34 CMakeFiles/pico_double_test.dir/__/__/src/rp2_common/pico_bootrom/bootrom.c.obj
 .comment       0x0000000000000033       0x34 CMakeFiles/pico_double_test.dir/__/__/src/rp2_common/pico_stdlib/stdlib.c.obj
 .comment       0x0000000000000033       0x34 CMakeFiles/pico_double_test.dir/__/__/src/rp2_common/hardware_gpio/gpio.c.obj
 .comment       0x0000000000000033       0x34 CMakeFiles/pico_double_test.dir/__/__/src/rp2_common/pico_platform/platform.c.obj
 .comment       0x0000000000000033       0x34 CMakeFiles/pico_double_test.dir/__/__/src/rp2_common/hardware_claim/claim.c.obj
 .comment       0x0000000000000033       0x34 CMakeFiles/pico_double_test.dir/__/__/src/rp2_common/hardware_sync/sync.c.obj
 .comment       0x0000000000000033       0x34 CMakeFiles/pico_double_test.dir/__/__/src/rp2_common/hardware_irq/irq.c.obj
 .comment       0x0000000000000033       0x34 CMakeFiles/pico_double_test.dir/__/__/src/common/pico_sync/lock_core.c.obj
 .comment       0x0000000000000033       0x34 CMakeFiles/pico_double_test.dir/__/__/src/common/pico_sync/mutex.c.obj
 .comment       0x0000000000000033       0x34 CMakeFiles/pico_double_test.dir/__/__/src/common/pico_time/time.c.obj
 .comment       0x0000000000000033       0x34 CMakeFiles/pico_double_test.dir/__/__/src/rp2_common/hardware_timer/timer.c.obj
 .comment       0x0000000000000033       0x34 CMakeFiles/pico_double_test.dir/__/__/src/common/pico_util/pheap.c.obj
 .comment       0x0000000000000033       0x34 CMakeFiles/pico_double_test.dir/__/__/src/rp2_common/hardware_uart/uart.c.obj
 .comment       0x0000000000000033       0x34 CMakeFiles/pico_double_test.dir/__/__/src/rp2_common/hardware_clocks/clocks.c.obj
 .comment       0x0000000000000033       0x34 CMakeFiles/pico_double_test.dir/__/__/src/rp2_common/hardware_pll/pll.c.obj
 .comment       0x0000000000000033       0x34 CMakeFiles/pico_double_test.dir/__/__/src/rp2_common/hardware_watchdog/watchdog.c.obj
 .comment       0x0000000000000033       0x34 CMakeFiles/pico_double_test.dir/__/__/src/rp2_common/hardware_xosc/xosc.c.obj
 .comment       0x0000000000000033       0x34 CMakeFiles/pico_double_test.dir/__/__/src/rp2_common/pico_runtime/runtime.c.obj
 .comment       0x0000000000000033       0x34 CMakeFiles/pico_double_test.dir/__/__/src/rp2_common/pico_printf/printf.c.obj
 .comment       0x0000000000000033       0x34 CMakeFiles/pico_double_test.dir/__/__/src/rp2_common/pico_float/float_init_rom.c.obj
 .comment       0x0000000000000033       0x34 CMakeFiles/pico_double_test.dir/__/__/src/rp2_common/pico_standard_link/binary_info.c.obj
 .comment       0x0000000000000033       0x34 CMakeFiles/pico_double_test.dir/__/__/src/rp2_common/pico_stdio/stdio.c.obj
 .comment       0x0000000000000033       0x34 CMakeFiles/pico_double_test.dir/__/__/src/rp2_common/pico_stdio_uart/stdio_uart.c.obj
 .comment       0x0000000000000033       0x34 /usr/lib/gcc/arm-none-eabi/10.3.1/../../../arm-none-eabi/lib/thumb/v6-m/nofp/libm.a(lib_a-s_cos.o)
 .comment       0x0000000000000033       0x34 /usr/lib/gcc/arm-none-eabi/10.3.1/../../../arm-none-eabi/lib/thumb/v6-m/nofp/libm.a(lib_a-s_ldexp.o)
 .comment       0x0000000000000033       0x34 /usr/lib/gcc/arm-none-eabi/10.3.1/../../../arm-none-eabi/lib/thumb/v6-m/nofp/libm.a(lib_a-s_scalbn.o)
 .comment       0x0000000000000033       0x34 /usr/lib/gcc/arm-none-eabi/10.3.1/../../../arm-none-eabi/lib/thumb/v6-m/nofp/libm.a(lib_a-s_sin.o)
 .comment       0x0000000000000033       0x34 /usr/lib/gcc/arm-none-eabi/10.3.1/../../../arm-none-eabi/lib/thumb/v6-m/nofp/libm.a(lib_a-s_tan.o)
 .comment       0x0000000000000033       0x34 /usr/lib/gcc/arm-none-eabi/10.3.1/../../../arm-none-eabi/lib/thumb/v6-m/nofp/libm.a(lib_a-s_trunc.o)
 .comment       0x0000000000000033       0x34 /usr/lib/gcc/arm-none-eabi/10.3.1/../../../arm-none-eabi/lib/thumb/v6-m/nofp/libm.a(lib_a-w_atan2.o)
 .comment       0x0000000000000033       0x34 /usr/lib/gcc/arm-none-eabi/10.3.1/../../../arm-none-eabi/lib/thumb/v6-m/nofp/libm.a(lib_a-w_exp.o)
 .comment       0x0000000000000033       0x34 /usr/lib/gcc/arm-none-eabi/10.3.1/../../../arm-none-eabi/lib/thumb/v6-m/nofp/libm.a(lib_a-w_fmod.o)
 .comment       0x0000000000000033       0x34 /usr/lib/gcc/arm-none-eabi/10.3.1/../../../arm-none-eabi/lib/thumb/v6-m/nofp/libm.a(lib_a-w_log.o)
 .comment       0x0000000000000033       0x34 /usr/lib/gcc/arm-none-eabi/10.3.1/../../../arm-none-eabi/lib/thumb/v6-m/nofp/libm.a(lib_a-w_pow.o)
 .comment       0x0000000000000033       0x34 /usr/lib/gcc/arm-none-eabi/10.3.1/../../../arm-none-eabi/lib/thumb/v6-m/nofp/libm.a(lib_a-w_sqrt.o)
 .comment       0x0000000000000033       0x34 /usr/lib/gcc/arm-none-eabi/10.3.1/../../../arm-none-eabi/lib/thumb/v6-m/nofp/libm.a(lib_a-e_atan2.o)
 .comment       0x0000000000000033       0x34 /usr/lib/gcc/arm-none-eabi/10.3.1/../../../arm-none-eabi/lib/thumb/v6-m/nofp/libm.a(lib_a-e_exp.o)
 .comment       0x0000000000000033       0x34 /usr/lib/gcc/arm-none-eabi/10.3.1/../../../arm-none-eabi/lib/thumb/v6-m/nofp/libm.a(lib_a-e_fmod.o)
 .comment       0x0000000000000033       0x34 /usr/lib/gcc/arm-none-eabi/10.3.1/../../../arm-none-eabi/lib/thumb/v6-m/nofp/libm.a(lib_a-e_log.o)
 .comment       0x0000000000000033       0x34 /usr/lib/gcc/arm-none-eabi/10.3.1/../../../arm-none-eabi/lib/thumb/v6-m/nofp/libm.a(lib_a-e_pow.o)
 .comment       0x0000000000000033       0x34 /usr/lib/gcc/arm-none-eabi/10.3.1/../../../arm-none-eabi/lib/thumb/v6-m/nofp/libm.a(lib_a-e_rem_pio2.o)
 .comment       0x0000000000000033       0x34 /usr/lib/gcc/arm-none-eabi/10.3.1/../../../arm-none-eabi/lib/thumb/v6-m/nofp/libm.a(lib_a-e_sqrt.o)
 .comment       0x0000000000000033       0x34 /usr/lib/gcc/arm-none-eabi/10.3.1/../../../arm-none-eabi/lib/thumb/v6-m/nofp/libm.a(lib_a-k_cos.o)
 .comment       0x0000000000000033       0x34 /usr/lib/gcc/arm-none-eabi/10.3.1/../../../arm-none-eabi/lib/thumb/v6-m/nofp/libm.a(lib_a-k_rem_pio2.o)
 .comment       0x0000000000000033       0x34 /usr/lib/gcc/arm-none-eabi/10.3.1/../../../arm-none-eabi/lib/thumb/v6-m/nofp/libm.a(lib_a-k_sin.o)
 .comment       0x0000000000000033       0x34 /usr/lib/gcc/arm-none-eabi/10.3.1/../../../arm-none-eabi/lib/thumb/v6-m/nofp/libm.a(lib_a-k_tan.o)
 .comment       0x0000000000000033       0x34 /usr/lib/gcc/arm-none-eabi/10.3.1/../../../arm-none-eabi/lib/thumb/v6-m/nofp/libm.a(lib_a-s_fabs.o)
 .comment       0x0000000000000033       0x34 /usr/lib/gcc/arm-none-eabi/10.3.1/../../../arm-none-eabi/lib/thumb/v6-m/nofp/libm.a(lib_a-s_finite.o)
 .comment       0x0000000000000033       0x34 /usr/lib/gcc/arm-none-eabi/10.3.1/../../../arm-none-eabi/lib/thumb/v6-m/nofp/libm.a(lib_a-s_lib_ver.o)
 .comment       0x0000000000000033       0x34 /usr/lib/gcc/arm-none-eabi/10.3.1/../../../arm-none-eabi/lib/thumb/v6-m/nofp/libm.a(lib_a-s_nan.o)
 .comment       0x0000000000000033       0x34 /usr/lib/gcc/arm-none-eabi/10.3.1/../../../arm-none-eabi/lib/thumb/v6-m/nofp/libm.a(lib_a-s_rint.o)
 .comment       0x0000000000000033       0x34 /usr/lib/gcc/arm-none-eabi/10.3.1/thumb/v6-m/nofp/libgcc.a(_fixdfdi.o)
 .comment       0x0000000000000033       0x34 /usr/lib/gcc/arm-none-eabi/10.3.1/thumb/v6-m/nofp/libgcc.a(_floatdidf.o)
 .comment       0x0000000000000033       0x34 /usr/lib/gcc/arm-none-eabi/10.3.1/thumb/v6-m/nofp/libgcc.a(divdf3.o)
 .comment       0x0000000000000033       0x34 /usr/lib/gcc/arm-none-eabi/10.3.1/thumb/v6-m/nofp/libgcc.a(muldf3.o)
 .comment       0x0000000000000033       0x34 /usr/lib/gcc/arm-none-eabi/10.3.1/thumb/v6-m/nofp/libgcc.a(fixdfsi.o)
 .comment       0x0000000000000033       0x34 /usr/lib/gcc/arm-none-eabi/10.3.1/thumb/v6-m/nofp/libgcc.a(floatsidf.o)
 .comment       0x0000000000000033       0x34 /usr/lib/gcc/arm-none-eabi/10.3.1/thumb/v6-m/nofp/libgcc.a(floatunsidf.o)
 .comment       0x0000000000000033       0x34 /usr/lib/gcc/arm-none-eabi/10.3.1/../../../arm-none-eabi/lib/thumb/v6-m/nofp/libc.a(lib_a-errno.o)
 .comment       0x0000000000000033       0x34 /usr/lib/gcc/arm-none-eabi/10.3.1/../../../arm-none-eabi/lib/thumb/v6-m/nofp/libc.a(lib_a-impure.o)
 .comment       0x0000000000000033       0x34 /usr/lib/gcc/arm-none-eabi/10.3.1/../../../arm-none-eabi/lib/thumb/v6-m/nofp/libc.a(lib_a-strlen-stub.o)
 .comment       0x0000000000000033       0x34 /usr/lib/gcc/arm-none-eabi/10.3.1/thumb/v6-m/nofp/crtend.o

.debug_info     0x0000000000000000     0x8759
 .debug_info    0x0000000000000000      0x218 /usr/lib/gcc/arm-none-eabi/10.3.1/../../../arm-none-eabi/lib/thumb/v6-m/nofp/libm.a(lib_a-s_cos.o)